Archive member included to satisfy reference by file (symbol)

.\CortexM3\ARM_GCC_541\Release\UD3_QFN.a(fram_to_PWMA_DMA_dma.o)
                              .\CortexM3\ARM_GCC_541\Release\DMA.o (fram_to_PWMA_DMA_DmaInitialize)
.\CortexM3\ARM_GCC_541\Release\UD3_QFN.a(ADC_data_ready.o)
                              .\CortexM3\ARM_GCC_541\Release\tsk_analog.o (ADC_data_ready_StartEx)
.\CortexM3\ARM_GCC_541\Release\UD3_QFN.a(ADC_DMA_dma.o)
                              .\CortexM3\ARM_GCC_541\Release\tsk_analog.o (ADC_DMA_DmaInitialize)
.\CortexM3\ARM_GCC_541\Release\UD3_QFN.a(UVLO.o)
                              .\CortexM3\ARM_GCC_541\Release\tsk_fault.o (UVLO_Read)
.\CortexM3\ARM_GCC_541\Release\UD3_QFN.a(Therm_Mux.o)
                              .\CortexM3\ARM_GCC_541\Release\tsk_thermistor.o (Therm_Mux_Start)
.\CortexM3\ARM_GCC_541\Release\UD3_QFN.a(Fan.o)
                              .\CortexM3\ARM_GCC_541\Release\tsk_thermistor.o (Fan_Write)
.\CortexM3\ARM_GCC_541\Release\UD3_QFN.a(ADC.o)
                              .\CortexM3\ARM_GCC_541\Release\tsk_analog.o (ADC_Start)
.\CortexM3\ARM_GCC_541\Release\UD3_QFN.a(ADC_INT.o)
                              .\CortexM3\ARM_GCC_541\Release\UD3_QFN.a(ADC.o) (ADC_ISR)
.\CortexM3\ARM_GCC_541\Release\UD3_QFN.a(filter_to_fram_DMA_dma.o)
                              .\CortexM3\ARM_GCC_541\Release\DMA.o (filter_to_fram_DMA_DmaInitialize)
.\CortexM3\ARM_GCC_541\Release\UD3_QFN.a(interrupter1.o)
                              .\CortexM3\ARM_GCC_541\Release\interrupter.o (interrupter1_Start)
.\CortexM3\ARM_GCC_541\Release\UD3_QFN.a(PWMB.o)
                              .\CortexM3\ARM_GCC_541\Release\ZCDtoPWM.o (PWMB_Start)
.\CortexM3\ARM_GCC_541\Release\UD3_QFN.a(LED_sysfault.o)
                              .\CortexM3\ARM_GCC_541\Release\tsk_fault.o (LED_sysfault_Write)
.\CortexM3\ARM_GCC_541\Release\UD3_QFN.a(ram_to_filter_DMA_dma.o)
                              .\CortexM3\ARM_GCC_541\Release\DMA.o (ram_to_filter_DMA_DmaInitialize)
.\CortexM3\ARM_GCC_541\Release\UD3_QFN.a(FB_Filter.o)
                              .\CortexM3\ARM_GCC_541\Release\ZCDtoPWM.o (FB_Filter_Start)
.\CortexM3\ARM_GCC_541\Release\UD3_QFN.a(FB_Filter_PVT.o)
                              .\CortexM3\ARM_GCC_541\Release\UD3_QFN.a(FB_Filter.o) (FB_Filter_SetInterruptMode)
.\CortexM3\ARM_GCC_541\Release\UD3_QFN.a(FB_Filter_RAM_Data.o)
                              .\CortexM3\ARM_GCC_541\Release\UD3_QFN.a(FB_Filter.o) (FB_Filter_cfsm)
.\CortexM3\ARM_GCC_541\Release\UD3_QFN.a(FBC_to_ram_DMA_dma.o)
                              .\CortexM3\ARM_GCC_541\Release\DMA.o (FBC_to_ram_DMA_DmaInitialize)
.\CortexM3\ARM_GCC_541\Release\UD3_QFN.a(LED_com.o)
                              .\CortexM3\ARM_GCC_541\Release\tsk_fault.o (LED_com_Write)
.\CortexM3\ARM_GCC_541\Release\UD3_QFN.a(ZCD_compB.o)
                              .\CortexM3\ARM_GCC_541\Release\ZCDtoPWM.o (ZCD_compB_Start)
.\CortexM3\ARM_GCC_541\Release\UD3_QFN.a(int1_dma_dma.o)
                              .\CortexM3\ARM_GCC_541\Release\interrupter.o (int1_dma_DmaInitialize)
.\CortexM3\ARM_GCC_541\Release\UD3_QFN.a(FB_capture.o)
                              .\CortexM3\ARM_GCC_541\Release\ZCDtoPWM.o (FB_capture_Start)
.\CortexM3\ARM_GCC_541\Release\UD3_QFN.a(EEPROM_1.o)
                              .\CortexM3\ARM_GCC_541\Release\main.o (EEPROM_1_Start)
.\CortexM3\ARM_GCC_541\Release\UD3_QFN.a(Relay2.o)
                              .\CortexM3\ARM_GCC_541\Release\tsk_analog.o (Relay2_Write)
.\CortexM3\ARM_GCC_541\Release\UD3_QFN.a(FB_THRSH_DAC.o)
                              .\CortexM3\ARM_GCC_541\Release\ZCDtoPWM.o (FB_THRSH_DAC_Start)
.\CortexM3\ARM_GCC_541\Release\UD3_QFN.a(PWMB_PSB_DMA_dma.o)
                              .\CortexM3\ARM_GCC_541\Release\DMA.o (PWMB_PSB_DMA_DmaInitialize)
.\CortexM3\ARM_GCC_541\Release\UD3_QFN.a(Relay1.o)
                              .\CortexM3\ARM_GCC_541\Release\tsk_analog.o (Relay1_Write)
.\CortexM3\ARM_GCC_541\Release\UD3_QFN.a(FB_glitch_detect.o)
                              .\CortexM3\ARM_GCC_541\Release\ZCDtoPWM.o (FB_glitch_detect_Start)
.\CortexM3\ARM_GCC_541\Release\UD3_QFN.a(ZCDref.o)
                              .\CortexM3\ARM_GCC_541\Release\ZCDtoPWM.o (ZCDref_Start)
.\CortexM3\ARM_GCC_541\Release\UD3_QFN.a(QCW_CL_DMA_dma.o)
                              .\CortexM3\ARM_GCC_541\Release\DMA.o (QCW_CL_DMA_DmaInitialize)
.\CortexM3\ARM_GCC_541\Release\UD3_QFN.a(TR1_CL_DMA_dma.o)
                              .\CortexM3\ARM_GCC_541\Release\DMA.o (TR1_CL_DMA_DmaInitialize)
.\CortexM3\ARM_GCC_541\Release\UD3_QFN.a(system_fault.o)
                              .\CortexM3\ARM_GCC_541\Release\cli_common.o (system_fault_Read)
.\CortexM3\ARM_GCC_541\Release\UD3_QFN.a(MUX_DMA_dma.o)
                              .\CortexM3\ARM_GCC_541\Release\tsk_analog.o (MUX_DMA_DmaInitialize)
.\CortexM3\ARM_GCC_541\Release\UD3_QFN.a(IDAC_therm.o)
[...]
Memory Configuration

Name             Origin             Length             Attributes
rom              0x00000000         0x00040000         xr
ram              0x1fff8000         0x00010000         xrw
*default*        0x00000000         0xffffffff

Linker script and memory map

LOAD c:/program files (x86)/cypress/psoc creator/4.4/psoc creator/import/gnu/arm/5.4.1/bin/../lib/gcc/arm-none-eabi/5.4.1/armv7-m/crti.o
LOAD c:/program files (x86)/cypress/psoc creator/4.4/psoc creator/import/gnu/arm/5.4.1/bin/../lib/gcc/arm-none-eabi/5.4.1/armv7-m/crtbegin.o
LOAD c:/program files (x86)/cypress/psoc creator/4.4/psoc creator/import/gnu/arm/5.4.1/bin/../lib/gcc/arm-none-eabi/5.4.1/../../../../arm-none-eabi/lib/armv7-m/crt0.o
START GROUP
LOAD .\CortexM3\ARM_GCC_541\Release\croutine.o
LOAD .\CortexM3\ARM_GCC_541\Release\list.o
LOAD .\CortexM3\ARM_GCC_541\Release\queue.o
LOAD .\CortexM3\ARM_GCC_541\Release\stream_buffer.o
LOAD .\CortexM3\ARM_GCC_541\Release\tasks.o
LOAD .\CortexM3\ARM_GCC_541\Release\timers.o
LOAD .\CortexM3\ARM_GCC_541\Release\heap_4.o
LOAD .\CortexM3\ARM_GCC_541\Release\port.o
LOAD .\CortexM3\ARM_GCC_541\Release\brailledraw.o
LOAD .\CortexM3\ARM_GCC_541\Release\teslaterm.o
LOAD .\CortexM3\ARM_GCC_541\Release\printf.o
LOAD .\CortexM3\ARM_GCC_541\Release\FastPID.o
LOAD .\CortexM3\ARM_GCC_541\Release\debug.o
LOAD .\CortexM3\ARM_GCC_541\Release\PCA9685.o
LOAD .\CortexM3\ARM_GCC_541\Release\i2c_helper.o
LOAD .\CortexM3\ARM_GCC_541\Release\nvm.o
LOAD .\CortexM3\ARM_GCC_541\Release\buffer.o
LOAD .\CortexM3\ARM_GCC_541\Release\digipot.o
LOAD .\CortexM3\ARM_GCC_541\Release\tsk_analog.o
LOAD .\CortexM3\ARM_GCC_541\Release\tsk_cli.o
LOAD .\CortexM3\ARM_GCC_541\Release\tsk_fault.o
LOAD .\CortexM3\ARM_GCC_541\Release\tsk_midi.o
LOAD .\CortexM3\ARM_GCC_541\Release\tsk_overlay.o
LOAD .\CortexM3\ARM_GCC_541\Release\tsk_thermistor.o
LOAD .\CortexM3\ARM_GCC_541\Release\tsk_usb.o
LOAD .\CortexM3\ARM_GCC_541\Release\tsk_min.o
LOAD .\CortexM3\ARM_GCC_541\Release\tsk_eth_common.o
LOAD .\CortexM3\ARM_GCC_541\Release\tsk_duty.o
LOAD .\CortexM3\ARM_GCC_541\Release\tsk_hwGauge.o
LOAD .\CortexM3\ARM_GCC_541\Release\tsk_hypervisor.o
LOAD .\CortexM3\ARM_GCC_541\Release\tsk_sid.o
LOAD .\CortexM3\ARM_GCC_541\Release\min.o
LOAD .\CortexM3\ARM_GCC_541\Release\TTerm.o
LOAD .\CortexM3\ARM_GCC_541\Release\TTerm_AC.o
LOAD .\CortexM3\ARM_GCC_541\Release\TTerm_cmd.o
LOAD .\CortexM3\ARM_GCC_541\Release\apps.o
LOAD .\CortexM3\ARM_GCC_541\Release\top.o
LOAD .\CortexM3\ARM_GCC_541\Release\DutyCompressor.o
LOAD .\CortexM3\ARM_GCC_541\Release\MidiFilter.o
LOAD .\CortexM3\ARM_GCC_541\Release\MidiProcessor.o
LOAD .\CortexM3\ARM_GCC_541\Release\NoteMapper.o
LOAD .\CortexM3\ARM_GCC_541\Release\SidFilter.o
LOAD .\CortexM3\ARM_GCC_541\Release\SidProcessor.o
LOAD .\CortexM3\ARM_GCC_541\Release\VMS.o
LOAD .\CortexM3\ARM_GCC_541\Release\VMSDefaults.o
LOAD .\CortexM3\ARM_GCC_541\Release\VMSWrapper.o
LOAD .\CortexM3\ARM_GCC_541\Release\autotune.o
LOAD .\CortexM3\ARM_GCC_541\Release\cli_basic.o
LOAD .\CortexM3\ARM_GCC_541\Release\cli_common.o
LOAD .\CortexM3\ARM_GCC_541\Release\DMA.o
LOAD .\CortexM3\ARM_GCC_541\Release\interrupter.o
LOAD .\CortexM3\ARM_GCC_541\Release\main.o
LOAD .\CortexM3\ARM_GCC_541\Release\ZCDtoPWM.o
LOAD .\CortexM3\ARM_GCC_541\Release\alarmevent.o
LOAD .\CortexM3\ARM_GCC_541\Release\clock.o
LOAD .\CortexM3\ARM_GCC_541\Release\qcw.o
LOAD .\CortexM3\ARM_GCC_541\Release\system.o
LOAD .\CortexM3\ARM_GCC_541\Release\SignalGenerator.o
LOAD .\CortexM3\ARM_GCC_541\Release\DLL.o
LOAD .\CortexM3\ARM_GCC_541\Release\RingBuffer.o
LOAD .\CortexM3\ARM_GCC_541\Release\util.o
LOAD .\CortexM3\ARM_GCC_541\Release\cyfitter_cfg.o
LOAD .\CortexM3\ARM_GCC_541\Release\cybootloader.o
LOAD .\CortexM3\ARM_GCC_541\Release\cymetadata.o
LOAD .\CortexM3\ARM_GCC_541\Release\Cm3Start.o
LOAD .\CortexM3\ARM_GCC_541\Release\UD3_QFN.a
LOAD C:\Program Files (x86)\Cypress\PSoC Creator\4.4\PSoC Creator\psoc\content\cycomponentlibrary\CyComponentLibrary.cylib\CortexM3\ARM_GCC_541\Release\CyComponentLibrary.a
LOAD c:/program files (x86)/cypress/psoc creator/4.4/psoc creator/import/gnu/arm/5.4.1/bin/../lib/gcc/arm-none-eabi/5.4.1/../../../../arm-none-eabi/lib/armv7-m\libm.a
END GROUP
START GROUP
LOAD c:/program files (x86)/cypress/psoc creator/4.4/psoc creator/import/gnu/arm/5.4.1/bin/../lib/gcc/arm-none-eabi/5.4.1/armv7-m\libgcc.a
LOAD c:/program files (x86)/cypress/psoc creator/4.4/psoc creator/import/gnu/arm/5.4.1/bin/../lib/gcc/arm-none-eabi/5.4.1/../../../../arm-none-eabi/lib/armv7-m\libg_nano.a
LOAD c:/program files (x86)/cypress/psoc creator/4.4/psoc creator/import/gnu/arm/5.4.1/bin/../lib/gcc/arm-none-eabi/5.4.1/../../../../arm-none-eabi/lib/armv7-m\libc_nano.a
END GROUP
START GROUP
LOAD c:/program files (x86)/cypress/psoc creator/4.4/psoc creator/import/gnu/arm/5.4.1/bin/../lib/gcc/arm-none-eabi/5.4.1/armv7-m\libgcc.a
LOAD c:/program files (x86)/cypress/psoc creator/4.4/psoc creator/import/gnu/arm/5.4.1/bin/../lib/gcc/arm-none-eabi/5.4.1/../../../../arm-none-eabi/lib/armv7-m\libc_nano.a
END GROUP
LOAD c:/program files (x86)/cypress/psoc creator/4.4/psoc creator/import/gnu/arm/5.4.1/bin/../lib/gcc/arm-none-eabi/5.4.1/armv7-m/crtend.o
LOAD c:/program files (x86)/cypress/psoc creator/4.4/psoc creator/import/gnu/arm/5.4.1/bin/../lib/gcc/arm-none-eabi/5.4.1/armv7-m/crtn.o
START GROUP
LOAD c:/program files (x86)/cypress/psoc creator/4.4/psoc creator/import/gnu/arm/5.4.1/bin/../lib/gcc/arm-none-eabi/5.4.1/armv7-m\libgcc.a
LOAD c:/program files (x86)/cypress/psoc creator/4.4/psoc creator/import/gnu/arm/5.4.1/bin/../lib/gcc/arm-none-eabi/5.4.1/../../../../arm-none-eabi/lib/armv7-m\libc.a
LOAD c:/program files (x86)/cypress/psoc creator/4.4/psoc creator/import/gnu/arm/5.4.1/bin/../lib/gcc/arm-none-eabi/5.4.1/../../../../arm-none-eabi/lib/armv7-m\libnosys.a
END GROUP
                0x00000000                CY_APPL_ORIGIN = 0x0
                0x00000100                CY_FLASH_ROW_SIZE = 0x100
                0x00000020                CY_ECC_ROW_SIZE = 0x20
                0x00000000                CY_EE_IN_BTLDR = 0x0
                0x00000001                CY_APPL_LOADABLE = 0x1
                0x00000800                CY_EE_SIZE = 0x800
                0x00000001                CY_APPL_NUM = 0x1
                0x00000001                CY_APPL_MAX = 0x1
                0x00000040                CY_METADATA_SIZE = 0x40
                0x00000001                CY_APPL_LOADABLE = 0x1
                0x00000000                CY_CHECKSUM_EXCLUDE_SIZE = ALIGN (0x0, CY_FLASH_ROW_SIZE)
                [!provide]                PROVIDE (__cy_heap_start, _end)
                0x00000001                PROVIDE (__cy_region_num, ((__cy_regions_end - __cy_regions) / 0x10))
                0x20008000                PROVIDE (__cy_stack, (ORIGIN (ram) + LENGTH (ram)))
                [!provide]                PROVIDE (__cy_heap_end, (__cy_stack - 0x800))

.cybootloader   0x00000000     0x4600
 *(.cybootloader)
 .cybootloader  0x00000000     0x4600 .\CortexM3\ARM_GCC_541\Release\cybootloader.o
                0x00000000                cy_bootloader
                0x00004600                appl1_start = CY_APPL_ORIGIN?CY_APPL_ORIGIN:ALIGN (CY_FLASH_ROW_SIZE)
                0x00022200                appl2_start = (appl1_start + ALIGN ((((LENGTH (rom) - appl1_start) - (0x2 * CY_FLASH_ROW_SIZE)) / 0x2), CY_FLASH_ROW_SIZE))
                0x00004600                appl_start = (CY_APPL_NUM == 0x1)?appl1_start:appl2_start
                0x000008c0                ecc_offset = ((appl_start / CY_FLASH_ROW_SIZE) * CY_ECC_ROW_SIZE)
                0x00000000                ee_offset = (CY_APPL_LOADABLE && ! (CY_EE_IN_BTLDR))?((CY_EE_SIZE / CY_APPL_MAX) * (CY_APPL_NUM - 0x1)):0x0
                0x00000800                ee_size = (CY_APPL_LOADABLE && ! (CY_EE_IN_BTLDR))?(CY_EE_SIZE / CY_APPL_MAX):CY_EE_SIZE
                0x000008c0                PROVIDE (CY_ECC_OFFSET, ecc_offset)

.text           0x00004600    0x193ca
 CREATE_OBJECT_SYMBOLS
                0x00004600                PROVIDE (__cy_interrupt_vector, RomVectors)
 *(.romvectors)
 .romvectors    0x00004600       0x10 .\CortexM3\ARM_GCC_541\Release\Cm3Start.o
                0x00004600                RomVectors
                0x00000001                ASSERT ((. != __cy_interrupt_vector), No interrupt vector)
                0x00000001                ASSERT (CY_APPL_ORIGIN?(SIZEOF (.cybootloader) <= CY_APPL_ORIGIN):0x1, Wrong image location)
                0x00004610                PROVIDE (__cy_reset, Reset)
 *(.text.Reset)
 .text.Reset    0x00004610        0x6 .\CortexM3\ARM_GCC_541\Release\Cm3Start.o
                0x00004610                Reset
                0x00000001                ASSERT ((. != __cy_reset), No reset code)
 *(.dma_init)
                0x00000001                ASSERT ((((appl_start + .) <= 0x10000) || 0x1), DMA Init must be within the first 64k of flash)
 *(.text .text.* .gnu.linkonce.t.*)
 *fill*         0x00004616        0x2 
 .text          0x00004618       0x5c c:/program files (x86)/cypress/psoc creator/4.4/psoc creator/import/gnu/arm/5.4.1/bin/../lib/gcc/arm-none-eabi/5.4.1/armv7-m/crtbegin.o
 .text.vListInitialise
                0x00004674       0x16 .\CortexM3\ARM_GCC_541\Release\list.o
                0x00004674                vListInitialise
 .text.vListInitialiseItem
                0x0000468a        0x6 .\CortexM3\ARM_GCC_541\Release\list.o
                0x0000468a                vListInitialiseItem
 .text.vListInsertEnd
                0x00004690       0x18 .\CortexM3\ARM_GCC_541\Release\list.o
                0x00004690                vListInsertEnd
 .text.vListInsert
                0x000046a8       0x30 .\CortexM3\ARM_GCC_541\Release\list.o
                0x000046a8                vListInsert
 .text.uxListRemove
                0x000046d8       0x22 .\CortexM3\ARM_GCC_541\Release\list.o
                0x000046d8                uxListRemove
 .text.prvIsQueueEmpty
                0x000046fa       0x16 .\CortexM3\ARM_GCC_541\Release\queue.o
 .text.prvCopyDataToQueue
                0x00004710       0x70 .\CortexM3\ARM_GCC_541\Release\queue.o
 .text.prvCopyDataFromQueue
                0x00004780       0x28 .\CortexM3\ARM_GCC_541\Release\queue.o
 .text.prvUnlockQueue
                0x000047a8       0x6c .\CortexM3\ARM_GCC_541\Release\queue.o
 .text.xQueueGenericReset
                0x00004814       0x6c .\CortexM3\ARM_GCC_541\Release\queue.o
                0x00004814                xQueueGenericReset
 .text.xQueueGenericCreate
                0x00004880       0x34 .\CortexM3\ARM_GCC_541\Release\queue.o
                0x00004880                xQueueGenericCreate
 .text.xQueueGenericSend
                0x000048b4       0xf8 .\CortexM3\ARM_GCC_541\Release\queue.o
                0x000048b4                xQueueGenericSend
 .text.xQueueGenericSendFromISR
                0x000049ac       0x64 .\CortexM3\ARM_GCC_541\Release\queue.o
                0x000049ac                xQueueGenericSendFromISR
 .text.xQueueGiveFromISR
                0x00004a10       0x56 .\CortexM3\ARM_GCC_541\Release\queue.o
                0x00004a10                xQueueGiveFromISR
 *fill*         0x00004a66        0x2 
 .text.xQueueReceive
                0x00004a68       0xf4 .\CortexM3\ARM_GCC_541\Release\queue.o
                0x00004a68                xQueueReceive
 .text.xQueueSemaphoreTake
                0x00004b5c      0x130 .\CortexM3\ARM_GCC_541\Release\queue.o
                0x00004b5c                xQueueSemaphoreTake
 .text.xQueuePeekIndex
                0x00004c8c      0x114 .\CortexM3\ARM_GCC_541\Release\queue.o
                0x00004c8c                xQueuePeekIndex
 .text.uxQueueMessagesWaiting
                0x00004da0       0x12 .\CortexM3\ARM_GCC_541\Release\queue.o
                0x00004da0                uxQueueMessagesWaiting
 .text.uxQueueSpacesAvailable
                0x00004db2       0x16 .\CortexM3\ARM_GCC_541\Release\queue.o
                0x00004db2                uxQueueSpacesAvailable
 .text.vQueueAddToRegistry
                0x00004dc8       0x28 .\CortexM3\ARM_GCC_541\Release\queue.o
                0x00004dc8                vQueueAddToRegistry
 .text.vQueueWaitForMessageRestricted
                0x00004df0       0x46 .\CortexM3\ARM_GCC_541\Release\queue.o
                0x00004df0                vQueueWaitForMessageRestricted
 .text.prvBytesInBuffer
                0x00004e36       0x12 .\CortexM3\ARM_GCC_541\Release\stream_buffer.o
 .text.prvWriteBytesToBuffer
                0x00004e48       0x42 .\CortexM3\ARM_GCC_541\Release\stream_buffer.o
 .text.prvWriteMessageToBuffer
                0x00004e8a       0x3e .\CortexM3\ARM_GCC_541\Release\stream_buffer.o
 .text.prvReadBytesFromBuffer
                0x00004ec8       0x4c .\CortexM3\ARM_GCC_541\Release\stream_buffer.o
 .text.xStreamBufferGenericCreate
                0x00004f14       0x38 .\CortexM3\ARM_GCC_541\Release\stream_buffer.o
                0x00004f14                xStreamBufferGenericCreate
 .text.vStreamBufferDelete
                0x00004f4c       0x12 .\CortexM3\ARM_GCC_541\Release\stream_buffer.o
                0x00004f4c                vStreamBufferDelete
 .text.xStreamBufferSpacesAvailable
                0x00004f5e       0x14 .\CortexM3\ARM_GCC_541\Release\stream_buffer.o
                0x00004f5e                xStreamBufferSpacesAvailable
 .text.xStreamBufferBytesAvailable
                0x00004f72        0x4 .\CortexM3\ARM_GCC_541\Release\stream_buffer.o
                0x00004f72                xStreamBufferBytesAvailable
 .text.xStreamBufferSend
                0x00004f76       0xd6 .\CortexM3\ARM_GCC_541\Release\stream_buffer.o
                0x00004f76                xStreamBufferSend
 .text.xStreamBufferReceive
                0x0000504c       0xc0 .\CortexM3\ARM_GCC_541\Release\stream_buffer.o
                0x0000504c                xStreamBufferReceive
 .text.prvResetNextTaskUnblockTime
                0x0000510c       0x1c .\CortexM3\ARM_GCC_541\Release\tasks.o
 .text.prvAddCurrentTaskToDelayedList
                0x00005128       0x70 .\CortexM3\ARM_GCC_541\Release\tasks.o
 .text.prvIdleTask
                0x00005198       0x3c .\CortexM3\ARM_GCC_541\Release\tasks.o
 .text.xTaskCreate
                0x000051d4      0x1a0 .\CortexM3\ARM_GCC_541\Release\tasks.o
                0x000051d4                xTaskCreate
 .text.vTaskDelete
                0x00005374       0xa4 .\CortexM3\ARM_GCC_541\Release\tasks.o
                0x00005374                vTaskDelete
 .text.eTaskGetState
                0x00005418       0x6c .\CortexM3\ARM_GCC_541\Release\tasks.o
                0x00005418                eTaskGetState
 .text.vTaskStartScheduler
                0x00005484       0x64 .\CortexM3\ARM_GCC_541\Release\tasks.o
                0x00005484                vTaskStartScheduler
 .text.vTaskSuspendAll
                0x000054e8       0x14 .\CortexM3\ARM_GCC_541\Release\tasks.o
                0x000054e8                vTaskSuspendAll
 .text.xTaskGetTickCount
                0x000054fc        0xc .\CortexM3\ARM_GCC_541\Release\tasks.o
                0x000054fc                xTaskGetTickCount
 .text.uxTaskGetNumberOfTasks
                0x00005508        0xc .\CortexM3\ARM_GCC_541\Release\tasks.o
                0x00005508                uxTaskGetNumberOfTasks
 .text.xTaskIncrementTick
                0x00005514       0xd4 .\CortexM3\ARM_GCC_541\Release\tasks.o
                0x00005514                xTaskIncrementTick
 .text.xTaskResumeAll
                0x000055e8       0xc4 .\CortexM3\ARM_GCC_541\Release\tasks.o
                0x000055e8                xTaskResumeAll
 .text.vTaskDelay
                0x000056ac       0x30 .\CortexM3\ARM_GCC_541\Release\tasks.o
                0x000056ac                vTaskDelay
 .text.vTaskSwitchContext
                0x000056dc       0x80 .\CortexM3\ARM_GCC_541\Release\tasks.o
                0x000056dc                vTaskSwitchContext
 .text.vTaskMallocTrackHeapUsage
                0x0000575c        0xa .\CortexM3\ARM_GCC_541\Release\tasks.o
                0x0000575c                vTaskMallocTrackHeapUsage
 .text.vTaskFreeTrackHeapUsage
                0x00005766        0xa .\CortexM3\ARM_GCC_541\Release\tasks.o
                0x00005766                vTaskFreeTrackHeapUsage
 .text.vTaskPlaceOnEventList
                0x00005770       0x20 .\CortexM3\ARM_GCC_541\Release\tasks.o
                0x00005770                vTaskPlaceOnEventList
 .text.vTaskPlaceOnEventListRestricted
                0x00005790       0x2c .\CortexM3\ARM_GCC_541\Release\tasks.o
                0x00005790                vTaskPlaceOnEventListRestricted
 .text.xTaskRemoveFromEventList
                0x000057bc       0x60 .\CortexM3\ARM_GCC_541\Release\tasks.o
                0x000057bc                xTaskRemoveFromEventList
 .text.vTaskSetTimeOutState
                0x0000581c       0x20 .\CortexM3\ARM_GCC_541\Release\tasks.o
                0x0000581c                vTaskSetTimeOutState
 .text.vTaskInternalSetTimeOutState
                0x0000583c       0x14 .\CortexM3\ARM_GCC_541\Release\tasks.o
                0x0000583c                vTaskInternalSetTimeOutState
 .text.xTaskCheckForTimeOut
                0x00005850       0x4c .\CortexM3\ARM_GCC_541\Release\tasks.o
                0x00005850                xTaskCheckForTimeOut
 .text.vTaskMissedYield
                0x0000589c       0x10 .\CortexM3\ARM_GCC_541\Release\tasks.o
                0x0000589c                vTaskMissedYield
 .text.vTaskGetInfo
                0x000058ac       0x80 .\CortexM3\ARM_GCC_541\Release\tasks.o
                0x000058ac                vTaskGetInfo
 .text.prvListTasksWithinSingleList
                0x0000592c       0x5e .\CortexM3\ARM_GCC_541\Release\tasks.o
 *fill*         0x0000598a        0x2 
 .text.uxTaskGetSystemState
                0x0000598c       0xa4 .\CortexM3\ARM_GCC_541\Release\tasks.o
                0x0000598c                uxTaskGetSystemState
 .text.xTaskGetCurrentTaskHandle
                0x00005a30        0xc .\CortexM3\ARM_GCC_541\Release\tasks.o
                0x00005a30                xTaskGetCurrentTaskHandle
 .text.xTaskGetSchedulerState
                0x00005a3c       0x20 .\CortexM3\ARM_GCC_541\Release\tasks.o
                0x00005a3c                xTaskGetSchedulerState
 .text.xTaskPriorityInherit
                0x00005a5c       0xa0 .\CortexM3\ARM_GCC_541\Release\tasks.o
                0x00005a5c                xTaskPriorityInherit
 .text.xTaskPriorityDisinherit
                0x00005afc       0x68 .\CortexM3\ARM_GCC_541\Release\tasks.o
                0x00005afc                xTaskPriorityDisinherit
 .text.vTaskPriorityDisinheritAfterTimeout
                0x00005b64       0x78 .\CortexM3\ARM_GCC_541\Release\tasks.o
                0x00005b64                vTaskPriorityDisinheritAfterTimeout
 .text.pvTaskIncrementMutexHeldCount
                0x00005bdc       0x18 .\CortexM3\ARM_GCC_541\Release\tasks.o
                0x00005bdc                pvTaskIncrementMutexHeldCount
 .text.xTaskGenericNotifyWait
                0x00005bf4       0xac .\CortexM3\ARM_GCC_541\Release\tasks.o
                0x00005bf4                xTaskGenericNotifyWait
 .text.xTaskGenericNotify
                0x00005ca0       0xc8 .\CortexM3\ARM_GCC_541\Release\tasks.o
                0x00005ca0                xTaskGenericNotify
 .text.xTaskGenericNotifyStateClear
                0x00005d68       0x30 .\CortexM3\ARM_GCC_541\Release\tasks.o
                0x00005d68                xTaskGenericNotifyStateClear
 .text.prvCheckForValidListAndQueue
                0x00005d98       0x48 .\CortexM3\ARM_GCC_541\Release\timers.o
 .text.prvInsertTimerInActiveList
                0x00005de0       0x38 .\CortexM3\ARM_GCC_541\Release\timers.o
 .text.xTimerCreateTimerTask
                0x00005e18       0x34 .\CortexM3\ARM_GCC_541\Release\timers.o
                0x00005e18                xTimerCreateTimerTask
 .text.xTimerCreate
                0x00005e4c       0x46 .\CortexM3\ARM_GCC_541\Release\timers.o
                0x00005e4c                xTimerCreate
 *fill*         0x00005e92        0x2 
 .text.xTimerGenericCommand
                0x00005e94       0x40 .\CortexM3\ARM_GCC_541\Release\timers.o
                0x00005e94                xTimerGenericCommand
 .text.prvSwitchTimerLists
                0x00005ed4       0x68 .\CortexM3\ARM_GCC_541\Release\timers.o
 .text.prvTimerTask
                0x00005f3c      0x19c .\CortexM3\ARM_GCC_541\Release\timers.o
 .text.prvInsertBlockIntoFreeList
                0x000060d8       0x44 .\CortexM3\ARM_GCC_541\Release\heap_4.o
 .text.ptr_is_freeable
                0x0000611c       0x1c .\CortexM3\ARM_GCC_541\Release\heap_4.o
                0x0000611c                ptr_is_freeable
 .text.pvPortMalloc
                0x00006138      0x118 .\CortexM3\ARM_GCC_541\Release\heap_4.o
                0x00006138                pvPortMalloc
 .text.vPortFree
                0x00006250       0x5c .\CortexM3\ARM_GCC_541\Release\heap_4.o
                0x00006250                vPortFree
 .text.xPortGetFreeHeapSize
                0x000062ac        0xc .\CortexM3\ARM_GCC_541\Release\heap_4.o
                0x000062ac                xPortGetFreeHeapSize
 .text.prvTaskExitError
                0x000062b8       0x20 .\CortexM3\ARM_GCC_541\Release\port.o
 .text.prvPortStartFirstTask
                0x000062d8       0x20 .\CortexM3\ARM_GCC_541\Release\port.o
 .text.pxPortInitialiseStack
                0x000062f8       0x24 .\CortexM3\ARM_GCC_541\Release\port.o
                0x000062f8                pxPortInitialiseStack
 *fill*         0x0000631c        0x4 
 .text.vPortSVCHandler
                0x00006320       0x24 .\CortexM3\ARM_GCC_541\Release\port.o
                0x00006320                vPortSVCHandler
 .text.vPortEnterCritical
                0x00006344       0x20 .\CortexM3\ARM_GCC_541\Release\port.o
                0x00006344                vPortEnterCritical
 .text.vPortExitCritical
                0x00006364       0x14 .\CortexM3\ARM_GCC_541\Release\port.o
                0x00006364                vPortExitCritical
 *fill*         0x00006378        0x8 
 .text.xPortPendSVHandler
                0x00006380       0x44 .\CortexM3\ARM_GCC_541\Release\port.o
                0x00006380                xPortPendSVHandler
 .text.xPortSysTickHandler
                0x000063c4       0x2c .\CortexM3\ARM_GCC_541\Release\port.o
                0x000063c4                xPortSysTickHandler
 .text.vPortSetupTimerInterrupt
                0x000063f0       0x24 .\CortexM3\ARM_GCC_541\Release\port.o
                0x000063f0                vPortSetupTimerInterrupt
 .text.xPortStartScheduler
                0x00006414       0x38 .\CortexM3\ARM_GCC_541\Release\port.o
                0x00006414                xPortStartScheduler
 .text.raise_memory_error
                0x0000644c        0xc .\CortexM3\ARM_GCC_541\Release\brailledraw.o
                0x0000644c                raise_memory_error
 .text.braille_malloc
                0x00006458       0x2c .\CortexM3\ARM_GCC_541\Release\brailledraw.o
                0x00006458                braille_malloc
 .text.braille_free
                0x00006484       0x14 .\CortexM3\ARM_GCC_541\Release\brailledraw.o
                0x00006484                braille_free
 .text.braille_setPixel
                0x00006498       0x34 .\CortexM3\ARM_GCC_541\Release\brailledraw.o
                0x00006498                braille_setPixel
 .text.braille_line
                0x000064cc       0x80 .\CortexM3\ARM_GCC_541\Release\brailledraw.o
                0x000064cc                braille_line
 .text.braille_clear
                0x0000654c       0x2c .\CortexM3\ARM_GCC_541\Release\brailledraw.o
                0x0000654c                braille_clear
 .text.braille_draw
                0x00006578      0x114 .\CortexM3\ARM_GCC_541\Release\brailledraw.o
                0x00006578                braille_draw
 .text.send_gauge
                0x0000668c       0x24 .\CortexM3\ARM_GCC_541\Release\teslaterm.o
                0x0000668c                send_gauge
 .text.send_gauge32
                0x000066b0       0x34 .\CortexM3\ARM_GCC_541\Release\teslaterm.o
                0x000066b0                send_gauge32
 .text.send_chart
                0x000066e4       0x28 .\CortexM3\ARM_GCC_541\Release\teslaterm.o
                0x000066e4                send_chart
 .text.send_chart32
                0x0000670c       0x34 .\CortexM3\ARM_GCC_541\Release\teslaterm.o
                0x0000670c                send_chart32
 .text.send_chart_draw
                0x00006740       0x1c .\CortexM3\ARM_GCC_541\Release\teslaterm.o
                0x00006740                send_chart_draw
 .text.send_chart_config
                0x0000675c       0x7c .\CortexM3\ARM_GCC_541\Release\teslaterm.o
                0x0000675c                send_chart_config
 .text.send_chart_config32
                0x000067d8       0xc0 .\CortexM3\ARM_GCC_541\Release\teslaterm.o
                0x000067d8                send_chart_config32
 .text.send_gauge_config
                0x00006898       0x68 .\CortexM3\ARM_GCC_541\Release\teslaterm.o
                0x00006898                send_gauge_config
 .text.send_gauge_config32
                0x00006900       0x98 .\CortexM3\ARM_GCC_541\Release\teslaterm.o
                0x00006900                send_gauge_config32
 .text.send_chart_clear
                0x00006998       0x48 .\CortexM3\ARM_GCC_541\Release\teslaterm.o
                0x00006998                send_chart_clear
 .text.send_chart_line
                0x000069e0       0x5c .\CortexM3\ARM_GCC_541\Release\teslaterm.o
                0x000069e0                send_chart_line
 .text.send_chart_text
                0x00006a3c       0x68 .\CortexM3\ARM_GCC_541\Release\teslaterm.o
                0x00006a3c                send_chart_text
 .text.send_config
                0x00006aa4       0x4c .\CortexM3\ARM_GCC_541\Release\teslaterm.o
                0x00006aa4                send_config
 .text.send_features
                0x00006af0       0x40 .\CortexM3\ARM_GCC_541\Release\teslaterm.o
                0x00006af0                send_features
 .text.send_event
                0x00006b30       0x6c .\CortexM3\ARM_GCC_541\Release\teslaterm.o
                0x00006b30                send_event
 .text.send_chart_text_center
                0x00006b9c       0x64 .\CortexM3\ARM_GCC_541\Release\teslaterm.o
                0x00006b9c                send_chart_text_center
 .text.send_status
                0x00006c00       0x58 .\CortexM3\ARM_GCC_541\Release\teslaterm.o
                0x00006c00                send_status
 .text.tt_chart_init
                0x00006c58      0x144 .\CortexM3\ARM_GCC_541\Release\teslaterm.o
                0x00006c58                tt_chart_init
 .text._out_buffer
                0x00006d9c        0x8 .\CortexM3\ARM_GCC_541\Release\printf.o
 .text._out_null
                0x00006da4        0x2 .\CortexM3\ARM_GCC_541\Release\printf.o
 .text._out_fct
                0x00006da6        0x6 .\CortexM3\ARM_GCC_541\Release\printf.o
 .text._ntoa_format
                0x00006dac      0x148 .\CortexM3\ARM_GCC_541\Release\printf.o
 .text._ntoa_long
                0x00006ef4       0x80 .\CortexM3\ARM_GCC_541\Release\printf.o
 .text._ntoa_long_long
                0x00006f74       0xa6 .\CortexM3\ARM_GCC_541\Release\printf.o
 .text.send_stream
                0x0000701a       0x1e .\CortexM3\ARM_GCC_541\Release\printf.o
                0x0000701a                send_stream
 .text._vsnprintf
                0x00007038      0x774 .\CortexM3\ARM_GCC_541\Release\printf.o
 .text.sprintf_
                0x000077ac       0x28 .\CortexM3\ARM_GCC_541\Release\printf.o
                0x000077ac                sprintf_
 .text.snprintf_
                0x000077d4       0x28 .\CortexM3\ARM_GCC_541\Release\printf.o
                0x000077d4                snprintf_
 .text.stream_buffer
                0x000077fc       0x3e .\CortexM3\ARM_GCC_541\Release\printf.o
                0x000077fc                stream_buffer
 *fill*         0x0000783a        0x2 
 .text.stream_printf
                0x0000783c       0x4c .\CortexM3\ARM_GCC_541\Release\printf.o
                0x0000783c                stream_printf
 .text.min_debug_prt
                0x00007888       0x40 .\CortexM3\ARM_GCC_541\Release\printf.o
                0x00007888                min_debug_prt
 .text.pid_float_to_param
                0x000078c8       0x54 .\CortexM3\ARM_GCC_541\Release\FastPID.o
                0x000078c8                pid_float_to_param
 .text.pid_set_anti_windup
                0x0000791c        0xa .\CortexM3\ARM_GCC_541\Release\FastPID.o
                0x0000791c                pid_set_anti_windup
 .text.pid_clear
                0x00007926       0x18 .\CortexM3\ARM_GCC_541\Release\FastPID.o
                0x00007926                pid_clear
 .text.pid_set_coefficients
                0x0000793e       0x3c .\CortexM3\ARM_GCC_541\Release\FastPID.o
                0x0000793e                pid_set_coefficients
 *fill*         0x0000797a        0x2 
 .text.pid_set_output
                0x0000797c       0x80 .\CortexM3\ARM_GCC_541\Release\FastPID.o
                0x0000797c                pid_set_output
 .text.pid_set_limits
                0x000079fc       0x3e .\CortexM3\ARM_GCC_541\Release\FastPID.o
                0x000079fc                pid_set_limits
 .text.pid_configure
                0x00007a3a       0x2c .\CortexM3\ARM_GCC_541\Release\FastPID.o
                0x00007a3a                pid_configure
 .text.pid_new  0x00007a66       0x28 .\CortexM3\ARM_GCC_541\Release\FastPID.o
                0x00007a66                pid_new
 .text.pid_step
                0x00007a8e       0xc2 .\CortexM3\ARM_GCC_541\Release\FastPID.o
                0x00007a8e                pid_step
 .text.print_debug
                0x00007b50       0xac .\CortexM3\ARM_GCC_541\Release\debug.o
                0x00007b50                print_debug
 .text.print_min_debug
                0x00007bfc       0x50 .\CortexM3\ARM_GCC_541\Release\debug.o
                0x00007bfc                print_min_debug
 .text.CMD_debug
                0x00007c4c       0x8c .\CortexM3\ARM_GCC_541\Release\debug.o
                0x00007c4c                CMD_debug
 .text.PCA9685_setPWM_i
                0x00007cd8       0x2c .\CortexM3\ARM_GCC_541\Release\PCA9685.o
                0x00007cd8                PCA9685_setPWM_i
 .text.PCA9685_setPWM
                0x00007d04       0x1c .\CortexM3\ARM_GCC_541\Release\PCA9685.o
                0x00007d04                PCA9685_setPWM
 .text.PCA9685_reset
                0x00007d20       0x2c .\CortexM3\ARM_GCC_541\Release\PCA9685.o
                0x00007d20                PCA9685_reset
 *fill*         0x00007d4c        0x4 
 .text.PCA9685_setPWMFreq
                0x00007d50       0x70 .\CortexM3\ARM_GCC_541\Release\PCA9685.o
                0x00007d50                PCA9685_setPWMFreq
 .text.PCA9685_init
                0x00007dc0       0x30 .\CortexM3\ARM_GCC_541\Release\PCA9685.o
                0x00007dc0                PCA9685_init
 .text.PCA9685_new
                0x00007df0       0x18 .\CortexM3\ARM_GCC_541\Release\PCA9685.o
                0x00007df0                PCA9685_new
 .text.I2C_Write
                0x00007e08       0x20 .\CortexM3\ARM_GCC_541\Release\i2c_helper.o
                0x00007e08                I2C_Write
 .text.I2C_Write_Blk
                0x00007e28       0x2a .\CortexM3\ARM_GCC_541\Release\i2c_helper.o
                0x00007e28                I2C_Write_Blk
 *fill*         0x00007e52        0x2 
 .text.nvm_flush
                0x00007e54       0x3c .\CortexM3\ARM_GCC_541\Release\nvm.o
                0x00007e54                nvm_flush
 .text.nvm_write_buffer
                0x00007e90       0xec .\CortexM3\ARM_GCC_541\Release\nvm.o
                0x00007e90                nvm_write_buffer
 .text.VMS_print_blk
                0x00007f7c      0x2c0 .\CortexM3\ARM_GCC_541\Release\nvm.o
                0x00007f7c                VMS_print_blk
 .text.VMS_print_map
                0x0000823c       0xa0 .\CortexM3\ARM_GCC_541\Release\nvm.o
                0x0000823c                VMS_print_map
 .text.nvm_get_blk_cnt
                0x000082dc       0x1a .\CortexM3\ARM_GCC_541\Release\nvm.o
                0x000082dc                nvm_get_blk_cnt
 *fill*         0x000082f6        0x2 
 .text.CMD_nvm  0x000082f8       0xe0 .\CortexM3\ARM_GCC_541\Release\nvm.o
                0x000082f8                CMD_nvm
 .text.buffer_get_uint32
                0x000083d8       0x20 .\CortexM3\ARM_GCC_541\Release\buffer.o
                0x000083d8                buffer_get_uint32
 .text.digipot_write
                0x000083f8       0x52 .\CortexM3\ARM_GCC_541\Release\digipot.o
                0x000083f8                digipot_write
 *fill*         0x0000844a        0x6 
 .text.digipot_set_voltage
                0x00008450       0xe8 .\CortexM3\ARM_GCC_541\Release\digipot.o
                0x00008450                digipot_set_voltage
 .text.ADC_data_ready_ISR
                0x00008538       0x28 .\CortexM3\ARM_GCC_541\Release\tsk_analog.o
                0x00008538                ADC_data_ready_ISR
 .text.vCharge_Timer_Callback
                0x00008560       0x78 .\CortexM3\ARM_GCC_541\Release\tsk_analog.o
                0x00008560                vCharge_Timer_Callback
 .text.read_bus_mv
                0x000085d8       0x1c .\CortexM3\ARM_GCC_541\Release\tsk_analog.o
                0x000085d8                read_bus_mv
 .text.tsk_analog_recalc_drive_top
                0x000085f4       0x20 .\CortexM3\ARM_GCC_541\Release\tsk_analog.o
                0x000085f4                tsk_analog_recalc_drive_top
 .text.read_driver_mv
                0x00008614       0x34 .\CortexM3\ARM_GCC_541\Release\tsk_analog.o
                0x00008614                read_driver_mv
 .text.CT1_Get_Current
                0x00008648       0x24 .\CortexM3\ARM_GCC_541\Release\tsk_analog.o
                0x00008648                CT1_Get_Current
 .text.CT1_Get_Current_f
                0x0000866c       0x3c .\CortexM3\ARM_GCC_541\Release\tsk_analog.o
                0x0000866c                CT1_Get_Current_f
 .text.rms_filter
                0x000086a8       0x56 .\CortexM3\ARM_GCC_541\Release\tsk_analog.o
                0x000086a8                rms_filter
 *fill*         0x000086fe        0x2 
 .text.initialize_analogs
                0x00008700       0xe0 .\CortexM3\ARM_GCC_541\Release\tsk_analog.o
                0x00008700                initialize_analogs
 .text.initialize_charging
                0x000087e0       0x28 .\CortexM3\ARM_GCC_541\Release\tsk_analog.o
                0x000087e0                initialize_charging
 .text.ac_precharge_bus_scheme
                0x00008808       0xe4 .\CortexM3\ARM_GCC_541\Release\tsk_analog.o
                0x00008808                ac_precharge_bus_scheme
 .text.ac_precharge_fixed_delay
                0x000088ec       0x58 .\CortexM3\ARM_GCC_541\Release\tsk_analog.o
                0x000088ec                ac_precharge_fixed_delay
 .text.control_precharge
                0x00008944       0x84 .\CortexM3\ARM_GCC_541\Release\tsk_analog.o
                0x00008944                control_precharge
 .text.calculate_rms
                0x000089c8       0xf0 .\CortexM3\ARM_GCC_541\Release\tsk_analog.o
                0x000089c8                calculate_rms
 .text.tsk_analog_TaskProc
                0x00008ab8       0x64 .\CortexM3\ARM_GCC_541\Release\tsk_analog.o
                0x00008ab8                tsk_analog_TaskProc
 .text.reconfig_charge_timer
                0x00008b1c       0x28 .\CortexM3\ARM_GCC_541\Release\tsk_analog.o
                0x00008b1c                reconfig_charge_timer
 .text.tsk_analog_Start
                0x00008b44       0x34 .\CortexM3\ARM_GCC_541\Release\tsk_analog.o
                0x00008b44                tsk_analog_Start
 .text.tsk_cli_TaskProc
                0x00008b78       0x7c .\CortexM3\ARM_GCC_541\Release\tsk_cli.o
                0x00008b78                tsk_cli_TaskProc
 .text.tsk_cli_Start
                0x00008bf4      0x58c .\CortexM3\ARM_GCC_541\Release\tsk_cli.o
                0x00008bf4                tsk_cli_Start
 .text.vWD_Timer_Callback
                0x00009180       0x50 .\CortexM3\ARM_GCC_541\Release\tsk_fault.o
                0x00009180                vWD_Timer_Callback
 .text.WD_enable
                0x000091d0       0x30 .\CortexM3\ARM_GCC_541\Release\tsk_fault.o
                0x000091d0                WD_enable
 .text.WD_reset
                0x00009200       0x2c .\CortexM3\ARM_GCC_541\Release\tsk_fault.o
                0x00009200                WD_reset
 .text.set_switch_without_fb
                0x0000922c       0x14 .\CortexM3\ARM_GCC_541\Release\tsk_fault.o
                0x0000922c                set_switch_without_fb
 .text.handle_UVLO
                0x00009240       0x4c .\CortexM3\ARM_GCC_541\Release\tsk_fault.o
                0x00009240                handle_UVLO
 .text.reset_fault
                0x0000928c       0x1c .\CortexM3\ARM_GCC_541\Release\tsk_fault.o
                0x0000928c                reset_fault
 .text.tsk_fault_is_fault
                0x000092a8       0x14 .\CortexM3\ARM_GCC_541\Release\tsk_fault.o
                0x000092a8                tsk_fault_is_fault
 .text.sysflt_set
                0x000092bc       0x24 .\CortexM3\ARM_GCC_541\Release\tsk_fault.o
                0x000092bc                sysflt_set
 .text.sysflt_clr
                0x000092e0       0x28 .\CortexM3\ARM_GCC_541\Release\tsk_fault.o
                0x000092e0                sysflt_clr
 .text.handle_FAULT
                0x00009308       0x5c .\CortexM3\ARM_GCC_541\Release\tsk_fault.o
                0x00009308                handle_FAULT
 .text.handle_no_fb
                0x00009364       0x98 .\CortexM3\ARM_GCC_541\Release\tsk_fault.o
                0x00009364                handle_no_fb
 .text.tsk_fault_TaskProc
                0x000093fc       0x64 .\CortexM3\ARM_GCC_541\Release\tsk_fault.o
                0x000093fc                tsk_fault_TaskProc
 .text.tsk_fault_Start
                0x00009460       0x38 .\CortexM3\ARM_GCC_541\Release\tsk_fault.o
                0x00009460                tsk_fault_Start
 .text.tsk_midi_TaskProc
                0x00009498       0x7c .\CortexM3\ARM_GCC_541\Release\tsk_midi.o
                0x00009498                tsk_midi_TaskProc
 .text.tsk_midi_kill
                0x00009514       0x24 .\CortexM3\ARM_GCC_541\Release\tsk_midi.o
                0x00009514                tsk_midi_kill
 .text.queue_midi_message
                0x00009538       0x30 .\CortexM3\ARM_GCC_541\Release\tsk_midi.o
                0x00009538                queue_midi_message
 .text.CMD_midi_inject
                0x00009568       0xd8 .\CortexM3\ARM_GCC_541\Release\tsk_midi.o
                0x00009568                CMD_midi_inject
 .text.tsk_midi_Start
                0x00009640       0x38 .\CortexM3\ARM_GCC_541\Release\tsk_midi.o
                0x00009640                tsk_midi_Start
 .text.recalc_telemetry_limits
                0x00009678       0x98 .\CortexM3\ARM_GCC_541\Release\tsk_overlay.o
                0x00009678                recalc_telemetry_limits
 .text.init_telemetry
                0x00009710      0x2e4 .\CortexM3\ARM_GCC_541\Release\tsk_overlay.o
                0x00009710                init_telemetry
 .text.tsk_overlay_chart_stop
                0x000099f4        0xc .\CortexM3\ARM_GCC_541\Release\tsk_overlay.o
                0x000099f4                tsk_overlay_chart_stop
 .text.tsk_overlay_chart_start
                0x00009a00        0xc .\CortexM3\ARM_GCC_541\Release\tsk_overlay.o
                0x00009a00                tsk_overlay_chart_start
 .text.show_overlay_100ms
                0x00009a0c      0x258 .\CortexM3\ARM_GCC_541\Release\tsk_overlay.o
                0x00009a0c                show_overlay_100ms
 .text.show_overlay_400ms
                0x00009c64       0xc0 .\CortexM3\ARM_GCC_541\Release\tsk_overlay.o
                0x00009c64                show_overlay_400ms
 .text.calculate_datarate
                0x00009d24       0x40 .\CortexM3\ARM_GCC_541\Release\tsk_overlay.o
                0x00009d24                calculate_datarate
 .text.tsk_overlay_TaskProc
                0x00009d64       0x84 .\CortexM3\ARM_GCC_541\Release\tsk_overlay.o
                0x00009d64                tsk_overlay_TaskProc
 .text.start_overlay_task
                0x00009de8       0x60 .\CortexM3\ARM_GCC_541\Release\tsk_overlay.o
                0x00009de8                start_overlay_task
 .text.stop_overlay_task
                0x00009e48       0x16 .\CortexM3\ARM_GCC_541\Release\tsk_overlay.o
                0x00009e48                stop_overlay_task
 .text.send_chart_config_for
                0x00009e5e       0x42 .\CortexM3\ARM_GCC_541\Release\tsk_overlay.o
                0x00009e5e                send_chart_config_for
 .text.send_gauge_config_for
                0x00009ea0       0x34 .\CortexM3\ARM_GCC_541\Release\tsk_overlay.o
                0x00009ea0                send_gauge_config_for
 .text.init_tt  0x00009ed4       0x44 .\CortexM3\ARM_GCC_541\Release\tsk_overlay.o
                0x00009ed4                init_tt
 .text.CMD_status
                0x00009f18       0x58 .\CortexM3\ARM_GCC_541\Release\tsk_overlay.o
                0x00009f18                CMD_status
 .text.CMD_tterm
                0x00009f70       0xa8 .\CortexM3\ARM_GCC_541\Release\tsk_overlay.o
                0x00009f70                CMD_tterm
 .text.CMD_telemetry
                0x0000a018      0x350 .\CortexM3\ARM_GCC_541\Release\tsk_overlay.o
                0x0000a018                CMD_telemetry
 .text.calc_table_128
                0x0000a368      0x108 .\CortexM3\ARM_GCC_541\Release\tsk_thermistor.o
                0x0000a368                calc_table_128
 .text.initialize_thermistor
                0x0000a470       0x16 .\CortexM3\ARM_GCC_541\Release\tsk_thermistor.o
                0x0000a470                initialize_thermistor
 *fill*         0x0000a486        0x2 
 .text.get_temp_128
                0x0000a488       0x38 .\CortexM3\ARM_GCC_541\Release\tsk_thermistor.o
                0x0000a488                get_temp_128
 .text.get_temp_counts
                0x0000a4c0       0x2c .\CortexM3\ARM_GCC_541\Release\tsk_thermistor.o
                0x0000a4c0                get_temp_counts
 .text.run_temp_check
                0x0000a4ec      0x12c .\CortexM3\ARM_GCC_541\Release\tsk_thermistor.o
                0x0000a4ec                run_temp_check
 .text.callback_ntc
                0x0000a618       0x30 .\CortexM3\ARM_GCC_541\Release\tsk_thermistor.o
                0x0000a618                callback_ntc
 .text.CMD_ntc  0x0000a648       0xc0 .\CortexM3\ARM_GCC_541\Release\tsk_thermistor.o
                0x0000a648                CMD_ntc
 .text.calib_adc
                0x0000a708       0x50 .\CortexM3\ARM_GCC_541\Release\tsk_thermistor.o
                0x0000a708                calib_adc
 .text.callback_temp_pid
                0x0000a758       0x64 .\CortexM3\ARM_GCC_541\Release\tsk_thermistor.o
                0x0000a758                callback_temp_pid
 .text.tsk_thermistor_TaskProc
                0x0000a7bc       0xd8 .\CortexM3\ARM_GCC_541\Release\tsk_thermistor.o
                0x0000a7bc                tsk_thermistor_TaskProc
 .text.tsk_thermistor_Start
                0x0000a894       0x34 .\CortexM3\ARM_GCC_541\Release\tsk_thermistor.o
                0x0000a894                tsk_thermistor_Start
 .text.tsk_usb_Task
                0x0000a8c8       0xe8 .\CortexM3\ARM_GCC_541\Release\tsk_usb.o
                0x0000a8c8                tsk_usb_Task
 .text.tsk_usb_Init
                0x0000a9b0       0x44 .\CortexM3\ARM_GCC_541\Release\tsk_usb.o
                0x0000a9b0                tsk_usb_Init
 .text.tsk_usb_Start
                0x0000a9f4       0x14 .\CortexM3\ARM_GCC_541\Release\tsk_usb.o
                0x0000a9f4                tsk_usb_Start
 .text.average  0x0000aa08       0x28 .\CortexM3\ARM_GCC_541\Release\tsk_min.o
                0x0000aa08                average
 .text.min_tx_space
                0x0000aa30        0xe .\CortexM3\ARM_GCC_541\Release\tsk_min.o
                0x0000aa30                min_tx_space
 .text.min_rx_space
                0x0000aa3e        0xc .\CortexM3\ARM_GCC_541\Release\tsk_min.o
                0x0000aa3e                min_rx_space
 *fill*         0x0000aa4a        0x2 
 .text.min_tx_byte
                0x0000aa4c       0x14 .\CortexM3\ARM_GCC_541\Release\tsk_min.o
                0x0000aa4c                min_tx_byte
 .text.min_time_ms
                0x0000aa60        0x4 .\CortexM3\ARM_GCC_541\Release\tsk_min.o
                0x0000aa60                min_time_ms
 .text.min_reset
                0x0000aa64       0x10 .\CortexM3\ARM_GCC_541\Release\tsk_min.o
                0x0000aa64                min_reset
 .text.min_tx_start
                0x0000aa74        0x2 .\CortexM3\ARM_GCC_541\Release\tsk_min.o
                0x0000aa74                min_tx_start
 .text.min_tx_finished
                0x0000aa76        0x2 .\CortexM3\ARM_GCC_541\Release\tsk_min.o
                0x0000aa76                min_tx_finished
 .text.time_cb  0x0000aa78       0x44 .\CortexM3\ARM_GCC_541\Release\tsk_min.o
                0x0000aa78                time_cb
 .text.process_synth
                0x0000aabc       0x44 .\CortexM3\ARM_GCC_541\Release\tsk_min.o
                0x0000aabc                process_synth
 .text.min_command
                0x0000ab00       0x24 .\CortexM3\ARM_GCC_541\Release\tsk_min.o
                0x0000ab00                min_command
 .text.min_event
                0x0000ab24       0xc0 .\CortexM3\ARM_GCC_541\Release\tsk_min.o
                0x0000ab24                min_event
 .text.min_vms  0x0000abe4      0x230 .\CortexM3\ARM_GCC_541\Release\tsk_min.o
                0x0000abe4                min_vms
 .text.min_application_handler
                0x0000ae14      0x228 .\CortexM3\ARM_GCC_541\Release\tsk_min.o
                0x0000ae14                min_application_handler
 .text.poll_UART
                0x0000b03c       0x54 .\CortexM3\ARM_GCC_541\Release\tsk_min.o
                0x0000b03c                poll_UART
 .text.send_command_wq
                0x0000b090       0x3c .\CortexM3\ARM_GCC_541\Release\tsk_min.o
                0x0000b090                send_command_wq
 .text.tsk_min_TaskProc
                0x0000b0cc      0x1b8 .\CortexM3\ARM_GCC_541\Release\tsk_min.o
                0x0000b0cc                tsk_min_TaskProc
 .text.min_send
                0x0000b284       0x38 .\CortexM3\ARM_GCC_541\Release\tsk_min.o
                0x0000b284                min_send
 .text.tsk_min_Start
                0x0000b2bc       0x50 .\CortexM3\ARM_GCC_541\Release\tsk_min.o
                0x0000b2bc                tsk_min_Start
 .text.process_midi
                0x0000b30c       0xd0 .\CortexM3\ARM_GCC_541\Release\tsk_eth_common.o
                0x0000b30c                process_midi
 .text.process_min_sid
                0x0000b3dc      0x1d8 .\CortexM3\ARM_GCC_541\Release\tsk_eth_common.o
                0x0000b3dc                process_min_sid
 *fill*         0x0000b5b4        0x4 
 .text.tsk_duty_task
                0x0000b5b8       0x54 .\CortexM3\ARM_GCC_541\Release\tsk_duty.o
                0x0000b5b8                tsk_duty_task
 .text.tsk_duty_Start
                0x0000b60c       0x24 .\CortexM3\ARM_GCC_541\Release\tsk_duty.o
                0x0000b60c                tsk_duty_Start
 .text.tsk_hwGauge_init
                0x0000b630       0x34 .\CortexM3\ARM_GCC_541\Release\tsk_hwGauge.o
                0x0000b630                tsk_hwGauge_init
 .text.callback_hwGauge
                0x0000b664       0x74 .\CortexM3\ARM_GCC_541\Release\tsk_hwGauge.o
                0x0000b664                callback_hwGauge
 .text.HWGauge_scaleTelemetry
                0x0000b6d8       0x30 .\CortexM3\ARM_GCC_541\Release\tsk_hwGauge.o
                0x0000b6d8                HWGauge_scaleTelemetry
 .text.HWGauge_setValue
                0x0000b708       0x3c .\CortexM3\ARM_GCC_541\Release\tsk_hwGauge.o
                0x0000b708                HWGauge_setValue
 .text.tsk_hwGauge_proc
                0x0000b744       0x6c .\CortexM3\ARM_GCC_541\Release\tsk_hwGauge.o
                0x0000b744                tsk_hwGauge_proc
 .text.CMD_hwGaugeCalibrate_handleInput
                0x0000b7b0      0x22c .\CortexM3\ARM_GCC_541\Release\tsk_hwGauge.o
 .text.CMD_hwGauge
                0x0000b9dc      0x278 .\CortexM3\ARM_GCC_541\Release\tsk_hwGauge.o
                0x0000b9dc                CMD_hwGauge
 .text.tsk_hypervisor_task
                0x0000bc54       0x78 .\CortexM3\ARM_GCC_541\Release\tsk_hypervisor.o
                0x0000bc54                tsk_hypervisor_task
 .text.tsk_hypervisor_Start
                0x0000bccc       0x30 .\CortexM3\ARM_GCC_541\Release\tsk_hypervisor.o
                0x0000bccc                tsk_hypervisor_Start
 .text.tsk_sid_TaskProc
                0x0000bcfc       0x88 .\CortexM3\ARM_GCC_541\Release\tsk_sid.o
                0x0000bcfc                tsk_sid_TaskProc
 .text.tsk_sid_Start
                0x0000bd84       0x4c .\CortexM3\ARM_GCC_541\Release\tsk_sid.o
                0x0000bd84                tsk_sid_Start
 .text.crc32_step
                0x0000bdd0       0x20 .\CortexM3\ARM_GCC_541\Release\min.o
 .text.stuffed_tx_byte
                0x0000bdf0       0x3c .\CortexM3\ARM_GCC_541\Release\min.o
 .text.stuffed_tx_byte_wo_crc
                0x0000be2c       0x32 .\CortexM3\ARM_GCC_541\Release\min.o
 .text.on_wire_bytes
                0x0000be5e       0xde .\CortexM3\ARM_GCC_541\Release\min.o
 .text.transport_fifo_send
                0x0000bf3c       0x34 .\CortexM3\ARM_GCC_541\Release\min.o
 .text.send_ack
                0x0000bf70       0x84 .\CortexM3\ARM_GCC_541\Release\min.o
 .text.min_transport_reset
                0x0000bff4       0x78 .\CortexM3\ARM_GCC_541\Release\min.o
                0x0000bff4                min_transport_reset
 .text.min_queue_frame
                0x0000c06c       0xe0 .\CortexM3\ARM_GCC_541\Release\min.o
                0x0000c06c                min_queue_frame
 .text.min_queue_has_space_for_frame
                0x0000c14c       0x1e .\CortexM3\ARM_GCC_541\Release\min.o
                0x0000c14c                min_queue_has_space_for_frame
 *fill*         0x0000c16a        0x2 
 .text.min_rx_byte
                0x0000c16c      0x36c .\CortexM3\ARM_GCC_541\Release\min.o
                0x0000c16c                min_rx_byte
 .text.min_poll
                0x0000c4d8      0x144 .\CortexM3\ARM_GCC_541\Release\min.o
                0x0000c4d8                min_poll
 .text.min_init_context
                0x0000c61c       0x68 .\CortexM3\ARM_GCC_541\Release\min.o
                0x0000c61c                min_init_context
 .text.min_send_frame
                0x0000c684       0x38 .\CortexM3\ARM_GCC_541\Release\min.o
                0x0000c684                min_send_frame
 .text.TERM_defaultErrorPrinter
                0x0000c6bc       0x60 .\CortexM3\ARM_GCC_541\Release\TTerm.o
                0x0000c6bc                TERM_defaultErrorPrinter
 .text.isACIILetter
                0x0000c71c       0x1e .\CortexM3\ARM_GCC_541\Release\TTerm.o
                0x0000c71c                isACIILetter
 *fill*         0x0000c73a        0x2 
 .text.TERM_checkForCopy
                0x0000c73c       0x88 .\CortexM3\ARM_GCC_541\Release\TTerm.o
                0x0000c73c                TERM_checkForCopy
 .text.strnchr  0x0000c7c4       0x20 .\CortexM3\ARM_GCC_541\Release\TTerm.o
                0x0000c7c4                strnchr
 .text.strsft   0x0000c7e4       0x44 .\CortexM3\ARM_GCC_541\Release\TTerm.o
                0x0000c7e4                strsft
 .text.TERM_findCMD
                0x0000c828       0x52 .\CortexM3\ARM_GCC_541\Release\TTerm.o
                0x0000c828                TERM_findCMD
 .text.TERM_seperateArgs
                0x0000c87a       0x74 .\CortexM3\ARM_GCC_541\Release\TTerm.o
                0x0000c87a                TERM_seperateArgs
 .text.TERM_countArgs
                0x0000c8ee       0x5c .\CortexM3\ARM_GCC_541\Release\TTerm.o
                0x0000c8ee                TERM_countArgs
 *fill*         0x0000c94a        0x2 
 .text.TERM_interpretCMD
                0x0000c94c       0x80 .\CortexM3\ARM_GCC_541\Release\TTerm.o
                0x0000c94c                TERM_interpretCMD
 .text.toLowerCase
                0x0000c9cc       0x26 .\CortexM3\ARM_GCC_541\Release\TTerm.o
                0x0000c9cc                toLowerCase
 .text.TERM_isSorted
                0x0000c9f2       0x42 .\CortexM3\ARM_GCC_541\Release\TTerm.o
                0x0000c9f2                TERM_isSorted
 .text.TERM_LIST_add
                0x0000ca34       0x4a .\CortexM3\ARM_GCC_541\Release\TTerm.o
                0x0000ca34                TERM_LIST_add
 .text.TERM_addCommand
                0x0000ca7e       0x48 .\CortexM3\ARM_GCC_541\Release\TTerm.o
                0x0000ca7e                TERM_addCommand
 *fill*         0x0000cac6        0x2 
 .text.TERM_setCursorPos
                0x0000cac8       0x18 .\CortexM3\ARM_GCC_541\Release\TTerm.o
                0x0000cac8                TERM_setCursorPos
 .text.TERM_sendVT100Code
                0x0000cae0      0x29c .\CortexM3\ARM_GCC_541\Release\TTerm.o
                0x0000cae0                TERM_sendVT100Code
 .text.TERM_printDebug
                0x0000cd7c       0x98 .\CortexM3\ARM_GCC_541\Release\TTerm.o
                0x0000cd7c                TERM_printDebug
 .text.TERM_printBootMessage
                0x0000ce14       0xc4 .\CortexM3\ARM_GCC_541\Release\TTerm.o
                0x0000ce14                TERM_printBootMessage
 .text.TERM_createNewHandle
                0x0000ced8       0xe8 .\CortexM3\ARM_GCC_541\Release\TTerm.o
                0x0000ced8                TERM_createNewHandle
 .text.TERM_handleInput
                0x0000cfc0      0x528 .\CortexM3\ARM_GCC_541\Release\TTerm.o
                0x0000cfc0                TERM_handleInput
 .text.TERM_processBuffer
                0x0000d4e8      0x164 .\CortexM3\ARM_GCC_541\Release\TTerm.o
                0x0000d4e8                TERM_processBuffer
 .text.TERM_Box
                0x0000d64c       0xe0 .\CortexM3\ARM_GCC_541\Release\TTerm.o
                0x0000d64c                TERM_Box
 .text.TERM_getVT100Code
                0x0000d72c      0x174 .\CortexM3\ARM_GCC_541\Release\TTerm.o
                0x0000d72c                TERM_getVT100Code
 .text.TERM_attachProgramm
                0x0000d8a0       0x14 .\CortexM3\ARM_GCC_541\Release\TTerm.o
                0x0000d8a0                TERM_attachProgramm
 .text.TERM_removeProgramm
                0x0000d8b4        0x6 .\CortexM3\ARM_GCC_541\Release\TTerm.o
                0x0000d8b4                TERM_removeProgramm
 .text.TERM_killProgramm
                0x0000d8ba       0x5a .\CortexM3\ARM_GCC_541\Release\TTerm.o
                0x0000d8ba                TERM_killProgramm
 .text.TERM_addCommandAC
                0x0000d914        0x6 .\CortexM3\ARM_GCC_541\Release\TTerm_AC.o
                0x0000d914                TERM_addCommandAC
 .text.TERM_findMatchingCMDs
                0x0000d91a       0x58 .\CortexM3\ARM_GCC_541\Release\TTerm_AC.o
                0x0000d91a                TERM_findMatchingCMDs
 .text.TERM_doAutoComplete
                0x0000d972       0x56 .\CortexM3\ARM_GCC_541\Release\TTerm_AC.o
                0x0000d972                TERM_doAutoComplete
 .text.TERM_findLastArg
                0x0000d9c8       0x62 .\CortexM3\ARM_GCC_541\Release\TTerm_AC.o
                0x0000d9c8                TERM_findLastArg
 .text.TERM_doListAC
                0x0000da2a       0x82 .\CortexM3\ARM_GCC_541\Release\TTerm_AC.o
                0x0000da2a                TERM_doListAC
 .text.ACL_defaultCompleter
                0x0000daac       0x56 .\CortexM3\ARM_GCC_541\Release\TTerm_AC.o
                0x0000daac                ACL_defaultCompleter
 *fill*         0x0000db02        0x2 
 .text.ACL_createConst
                0x0000db04       0x30 .\CortexM3\ARM_GCC_541\Release\TTerm_AC.o
                0x0000db04                ACL_createConst
 .text.ACL_find
                0x0000db34       0x44 .\CortexM3\ARM_GCC_541\Release\TTerm_AC.o
                0x0000db34                ACL_find
 .text.ACL_remove
                0x0000db78       0x72 .\CortexM3\ARM_GCC_541\Release\TTerm_AC.o
                0x0000db78                ACL_remove
 .text.ACL_isSorted
                0x0000dbea       0x56 .\CortexM3\ARM_GCC_541\Release\TTerm_AC.o
                0x0000dbea                ACL_isSorted
 .text.ACL_add  0x0000dc40       0x68 .\CortexM3\ARM_GCC_541\Release\TTerm_AC.o
                0x0000dc40                ACL_add
 .text.CMD_testCommandHandler
                0x0000dca8      0x190 .\CortexM3\ARM_GCC_541\Release\TTerm_cmd.o
                0x0000dca8                CMD_testCommandHandler
 .text.CMD_help
                0x0000de38       0x90 .\CortexM3\ARM_GCC_541\Release\TTerm_cmd.o
                0x0000de38                CMD_help
 .text.CMD_cls  0x0000dec8       0x54 .\CortexM3\ARM_GCC_541\Release\TTerm_cmd.o
                0x0000dec8                CMD_cls
 .text.REGISTER_apps
                0x0000df1c        0xa .\CortexM3\ARM_GCC_541\Release\apps.o
                0x0000df1c                REGISTER_apps
 *fill*         0x0000df26        0x2 
 .text.CMD_main
                0x0000df28       0xc0 .\CortexM3\ARM_GCC_541\Release\top.o
                0x0000df28                CMD_main
 .text.TASK_main
                0x0000dfe8      0x238 .\CortexM3\ARM_GCC_541\Release\top.o
                0x0000dfe8                TASK_main
 .text.INPUT_handler
                0x0000e220       0x32 .\CortexM3\ARM_GCC_541\Release\top.o
                0x0000e220                INPUT_handler
 *fill*         0x0000e252        0x2 
 .text.REGISTER_top
                0x0000e254       0x24 .\CortexM3\ARM_GCC_541\Release\top.o
                0x0000e254                REGISTER_top
 .text.COMP_compress
                0x0000e278       0xac .\CortexM3\ARM_GCC_541\Release\DutyCompressor.o
                0x0000e278                COMP_compress
 .text.COMP_task
                0x0000e324        0xe .\CortexM3\ARM_GCC_541\Release\DutyCompressor.o
 *fill*         0x0000e332        0x2 
 .text.Comp_init
                0x0000e334       0x24 .\CortexM3\ARM_GCC_541\Release\DutyCompressor.o
                0x0000e334                Comp_init
 .text.Comp_getGain
                0x0000e358        0xc .\CortexM3\ARM_GCC_541\Release\DutyCompressor.o
                0x0000e358                Comp_getGain
 .text.Comp_getState
                0x0000e364        0xc .\CortexM3\ARM_GCC_541\Release\DutyCompressor.o
                0x0000e364                Comp_getState
 .text.Comp_getMaxDutyOffset
                0x0000e370        0xc .\CortexM3\ARM_GCC_541\Release\DutyCompressor.o
                0x0000e370                Comp_getMaxDutyOffset
 .text.MidiFilter_create
                0x0000e37c        0xe .\CortexM3\ARM_GCC_541\Release\MidiFilter.o
                0x0000e37c                MidiFilter_create
 .text.MidiFilter_eventHandler
                0x0000e38a       0x2c .\CortexM3\ARM_GCC_541\Release\MidiFilter.o
                0x0000e38a                MidiFilter_eventHandler
 *fill*         0x0000e3b6        0x2 
 .text.resetChannelData
                0x0000e3b8       0x3c .\CortexM3\ARM_GCC_541\Release\MidiProcessor.o
 .text.MidiProcessor_init
                0x0000e3f4       0x2c .\CortexM3\ARM_GCC_541\Release\MidiProcessor.o
                0x0000e3f4                MidiProcessor_init
 .text.MidiProcessor_noteToFrequency_dHz
                0x0000e420        0xc .\CortexM3\ARM_GCC_541\Release\MidiProcessor.o
                0x0000e420                MidiProcessor_noteToFrequency_dHz
 .text.MidiProcessor_getBendFactor
                0x0000e42c       0x14 .\CortexM3\ARM_GCC_541\Release\MidiProcessor.o
                0x0000e42c                MidiProcessor_getBendFactor
 .text.MidiProcessor_getDamperVolume
                0x0000e440       0x1c .\CortexM3\ARM_GCC_541\Release\MidiProcessor.o
                0x0000e440                MidiProcessor_getDamperVolume
 .text.MidiProcessor_getVolume
                0x0000e45c       0x14 .\CortexM3\ARM_GCC_541\Release\MidiProcessor.o
                0x0000e45c                MidiProcessor_getVolume
 .text.MidiProcessor_getStereoVolume
                0x0000e470       0x14 .\CortexM3\ARM_GCC_541\Release\MidiProcessor.o
                0x0000e470                MidiProcessor_getStereoVolume
 .text.MidiProcessor_getCCValue
                0x0000e484       0x14 .\CortexM3\ARM_GCC_541\Release\MidiProcessor.o
                0x0000e484                MidiProcessor_getCCValue
 .text.MidiProcessor_resetMidi
                0x0000e498       0x1a .\CortexM3\ARM_GCC_541\Release\MidiProcessor.o
                0x0000e498                MidiProcessor_resetMidi
 *fill*         0x0000e4b2        0x2 
 .text.MidiProcessor_processCmd
                0x0000e4b4      0x16c .\CortexM3\ARM_GCC_541\Release\MidiProcessor.o
                0x0000e4b4                MidiProcessor_processCmd
 .text.loadNewProgramm
                0x0000e620       0x64 .\CortexM3\ARM_GCC_541\Release\NoteMapper.o
 .text.Mapper_init
                0x0000e684       0x10 .\CortexM3\ARM_GCC_541\Release\NoteMapper.o
                0x0000e684                Mapper_init
 .text.Mapper_getProgrammName
                0x0000e694       0x24 .\CortexM3\ARM_GCC_541\Release\NoteMapper.o
                0x0000e694                Mapper_getProgrammName
 .text.Mapper_bendHandler
                0x0000e6b8        0x4 .\CortexM3\ARM_GCC_541\Release\NoteMapper.o
                0x0000e6b8                Mapper_bendHandler
 .text.Mapper_volumeChangeHandler
                0x0000e6bc        0x4 .\CortexM3\ARM_GCC_541\Release\NoteMapper.o
                0x0000e6bc                Mapper_volumeChangeHandler
 .text.Mapper_noteOffEventHandler
                0x0000e6c0        0x4 .\CortexM3\ARM_GCC_541\Release\NoteMapper.o
                0x0000e6c0                Mapper_noteOffEventHandler
 .text.Mapper_programmChangeHandler
                0x0000e6c4        0x4 .\CortexM3\ARM_GCC_541\Release\NoteMapper.o
                0x0000e6c4                Mapper_programmChangeHandler
 .text.Mapper_noteOnEventHandler
                0x0000e6c8      0x154 .\CortexM3\ARM_GCC_541\Release\NoteMapper.o
                0x0000e6c8                Mapper_noteOnEventHandler
 .text.SidFilter_updateVoice
                0x0000e81c       0xdc .\CortexM3\ARM_GCC_541\Release\SidFilter.o
                0x0000e81c                SidFilter_updateVoice
 .text.SidProcessor_resetSid
                0x0000e8f8       0x24 .\CortexM3\ARM_GCC_541\Release\SidProcessor.o
                0x0000e8f8                SidProcessor_resetSid
 .text.SID_getChannelData
                0x0000e91c        0x8 .\CortexM3\ARM_GCC_541\Release\SidProcessor.o
                0x0000e91c                SID_getChannelData
 .text.SID_getWaveName
                0x0000e924       0x3c .\CortexM3\ARM_GCC_541\Release\SidProcessor.o
                0x0000e924                SID_getWaveName
 .text.SidProcessor_handleFrame
                0x0000e960       0x68 .\CortexM3\ARM_GCC_541\Release\SidProcessor.o
                0x0000e960                SidProcessor_handleFrame
 .text.SidProcessor_runADSR
                0x0000e9c8      0x11c .\CortexM3\ARM_GCC_541\Release\SidProcessor.o
                0x0000e9c8                SidProcessor_runADSR
 .text.VMS_getParameter
                0x0000eae4       0xd0 .\CortexM3\ARM_GCC_541\Release\VMS.o
 .text.VMS_removeBlockFromList
                0x0000ebb4       0x2c .\CortexM3\ARM_GCC_541\Release\VMS.o
 .text.VMS_init
                0x0000ebe0       0x28 .\CortexM3\ARM_GCC_541\Release\VMS.o
                0x0000ebe0                VMS_init
 .text.VMS_getSemaphore
                0x0000ec08       0x14 .\CortexM3\ARM_GCC_541\Release\VMS.o
                0x0000ec08                VMS_getSemaphore
 .text.VMS_returnSemaphore
                0x0000ec1c       0x18 .\CortexM3\ARM_GCC_541\Release\VMS.o
                0x0000ec1c                VMS_returnSemaphore
 .text.VMS_removeBlocksWithTargetVoice
                0x0000ec34       0x28 .\CortexM3\ARM_GCC_541\Release\VMS.o
                0x0000ec34                VMS_removeBlocksWithTargetVoice
 .text.VMS_isBlockValid
                0x0000ec5c       0x1e .\CortexM3\ARM_GCC_541\Release\VMS.o
                0x0000ec5c                VMS_isBlockValid
 *fill*         0x0000ec7a        0x2 
 .text.VMS_addBlockToList
                0x0000ec7c       0x6c .\CortexM3\ARM_GCC_541\Release\VMS.o
                0x0000ec7c                VMS_addBlockToList
 .text.VMS_run  0x0000ece8      0x224 .\CortexM3\ARM_GCC_541\Release\VMS.o
                0x0000ece8                VMS_run
 .text.VMS_killBlocks
                0x0000ef0c       0x20 .\CortexM3\ARM_GCC_541\Release\VMS.o
                0x0000ef0c                VMS_killBlocks
 .text.VMSW_task
                0x0000ef2c       0x24 .\CortexM3\ARM_GCC_541\Release\VMSWrapper.o
 .text.VMSW_getVoiceData
                0x0000ef50        0xc .\CortexM3\ARM_GCC_541\Release\VMSWrapper.o
                0x0000ef50                VMSW_getVoiceData
 .text.VMSW_init
                0x0000ef5c       0x50 .\CortexM3\ARM_GCC_541\Release\VMSWrapper.o
                0x0000ef5c                VMSW_init
 .text.VMSW_stopNote
                0x0000efac       0x48 .\CortexM3\ARM_GCC_541\Release\VMSWrapper.o
                0x0000efac                VMSW_stopNote
 .text.VMSW_getSrcChannel
                0x0000eff4       0x18 .\CortexM3\ARM_GCC_541\Release\VMSWrapper.o
                0x0000eff4                VMSW_getSrcChannel
 .text.VMSW_isVoiceOn
                0x0000f00c       0x18 .\CortexM3\ARM_GCC_541\Release\VMSWrapper.o
                0x0000f00c                VMSW_isVoiceOn
 .text.VMSW_isVoiceActive
                0x0000f024       0x24 .\CortexM3\ARM_GCC_541\Release\VMSWrapper.o
                0x0000f024                VMSW_isVoiceActive
 .text.VMSW_getBlockPtr
                0x0000f048       0x5c .\CortexM3\ARM_GCC_541\Release\VMSWrapper.o
                0x0000f048                VMSW_getBlockPtr
 .text.VMSW_startNote
                0x0000f0a4      0x1b0 .\CortexM3\ARM_GCC_541\Release\VMSWrapper.o
                0x0000f0a4                VMSW_startNote
 .text.VMSW_getKnownValue
                0x0000f254      0x148 .\CortexM3\ARM_GCC_541\Release\VMSWrapper.o
                0x0000f254                VMSW_getKnownValue
 .text.VMSW_setKnownValue
                0x0000f39c      0x20c .\CortexM3\ARM_GCC_541\Release\VMSWrapper.o
                0x0000f39c                VMSW_setKnownValue
 .text.VMSW_getCurrentFactor
                0x0000f5a8       0xc4 .\CortexM3\ARM_GCC_541\Release\VMSWrapper.o
                0x0000f5a8                VMSW_getCurrentFactor
 .text.VMSW_panicHandler
                0x0000f66c       0x30 .\CortexM3\ARM_GCC_541\Release\VMSWrapper.o
                0x0000f66c                VMSW_panicHandler
 .text.VMSW_bendHandler
                0x0000f69c       0x48 .\CortexM3\ARM_GCC_541\Release\VMSWrapper.o
                0x0000f69c                VMSW_bendHandler
 .text.VMSW_volumeChangeHandler
                0x0000f6e4       0xa0 .\CortexM3\ARM_GCC_541\Release\VMSWrapper.o
                0x0000f6e4                VMSW_volumeChangeHandler
 .text.VMSW_pulseWidthChangeHandler
                0x0000f784       0x4c .\CortexM3\ARM_GCC_541\Release\VMSWrapper.o
                0x0000f784                VMSW_pulseWidthChangeHandler
 .text.autotune_draw_d
                0x0000f7d0       0x62 .\CortexM3\ARM_GCC_541\Release\autotune.o
                0x0000f7d0                autotune_draw_d
 *fill*         0x0000f832        0x2 
 .text.run_adc_sweep
                0x0000f834      0x414 .\CortexM3\ARM_GCC_541\Release\autotune.o
                0x0000f834                run_adc_sweep
 .text.CMD_tune
                0x0000fc48       0xe0 .\CortexM3\ARM_GCC_541\Release\autotune.o
                0x0000fc48                CMD_tune
 .text.n_number
                0x0000fd28       0x68 .\CortexM3\ARM_GCC_541\Release\cli_basic.o
                0x0000fd28                n_number
 .text.updateDefaultFunction
                0x0000fd90      0x170 .\CortexM3\ARM_GCC_541\Release\cli_basic.o
                0x0000fd90                updateDefaultFunction
 .text.print_param_helperfunc
                0x0000ff00      0x1d4 .\CortexM3\ARM_GCC_541\Release\cli_basic.o
                0x0000ff00                print_param_helperfunc
 .text.print_param_help
                0x000100d4       0x3c .\CortexM3\ARM_GCC_541\Release\cli_basic.o
                0x000100d4                print_param_help
 .text.print_param
                0x00010110      0x120 .\CortexM3\ARM_GCC_541\Release\cli_basic.o
                0x00010110                print_param
 .text.set_visibility
                0x00010230       0x6a .\CortexM3\ARM_GCC_541\Release\cli_basic.o
                0x00010230                set_visibility
 *fill*         0x0001029a        0x2 
 .text.print_param_buffer
                0x0001029c      0x19c .\CortexM3\ARM_GCC_541\Release\cli_basic.o
                0x0001029c                print_param_buffer
 .text.EEPROM_Read_Row
                0x00010438       0x20 .\CortexM3\ARM_GCC_541\Release\cli_basic.o
                0x00010438                EEPROM_Read_Row
 .text.EEPROM_buffer_write
                0x00010458       0x94 .\CortexM3\ARM_GCC_541\Release\cli_basic.o
                0x00010458                EEPROM_buffer_write
 .text.djb_hash
                0x000104ec       0x16 .\CortexM3\ARM_GCC_541\Release\cli_basic.o
                0x000104ec                djb_hash
 *fill*         0x00010502        0x2 
 .text.EEPROM_check_hash
                0x00010504       0xcc .\CortexM3\ARM_GCC_541\Release\cli_basic.o
                0x00010504                EEPROM_check_hash
 .text.EEPROM_write_conf
                0x000105d0      0x170 .\CortexM3\ARM_GCC_541\Release\cli_basic.o
                0x000105d0                EEPROM_write_conf
 .text.EEPROM_read_conf
                0x00010740      0x264 .\CortexM3\ARM_GCC_541\Release\cli_basic.o
                0x00010740                EEPROM_read_conf
 .text.getch    0x000109a4       0x40 .\CortexM3\ARM_GCC_541\Release\cli_basic.o
                0x000109a4                getch
 .text.Term_check_break
                0x000109e4       0x16 .\CortexM3\ARM_GCC_541\Release\cli_basic.o
                0x000109e4                Term_check_break
 *fill*         0x000109fa        0x2 
 .text.callback_TuneFunction
                0x000109fc       0x20 .\CortexM3\ARM_GCC_541\Release\cli_common.o
                0x000109fc                callback_TuneFunction
 .text.update_visibilty
                0x00010a1c       0xbc .\CortexM3\ARM_GCC_541\Release\cli_common.o
                0x00010a1c                update_visibilty
 .text.init_tt_if_enabled
                0x00010ad8       0x16 .\CortexM3\ARM_GCC_541\Release\cli_common.o
                0x00010ad8                init_tt_if_enabled
 *fill*         0x00010aee        0x2 
 .text.callback_TTupdateFunction
                0x00010af0       0x80 .\CortexM3\ARM_GCC_541\Release\cli_common.o
                0x00010af0                callback_TTupdateFunction
 .text.callback_ConfigFunction
                0x00010b70       0x74 .\CortexM3\ARM_GCC_541\Release\cli_common.o
                0x00010b70                callback_ConfigFunction
 .text.update_ivo
                0x00010be4       0x74 .\CortexM3\ARM_GCC_541\Release\cli_common.o
                0x00010be4                update_ivo
 .text.init_config
                0x00010c58      0x180 .\CortexM3\ARM_GCC_541\Release\cli_common.o
                0x00010c58                init_config
 .text.callback_ivoUART
                0x00010dd8       0x60 .\CortexM3\ARM_GCC_541\Release\cli_common.o
                0x00010dd8                callback_ivoUART
 .text.callback_ivoLED
                0x00010e38        0xa .\CortexM3\ARM_GCC_541\Release\cli_common.o
                0x00010e38                callback_ivoLED
 *fill*         0x00010e42        0x6 
 .text.uart_baudrate
                0x00010e48       0xd0 .\CortexM3\ARM_GCC_541\Release\cli_common.o
                0x00010e48                uart_baudrate
 .text.eeprom_load
                0x00010f18       0x6c .\CortexM3\ARM_GCC_541\Release\cli_common.o
                0x00010f18                eeprom_load
 .text.callback_baudrateFunction
                0x00010f84       0x14 .\CortexM3\ARM_GCC_541\Release\cli_common.o
                0x00010f84                callback_baudrateFunction
 .text.con_info
                0x00010f98       0x94 .\CortexM3\ARM_GCC_541\Release\cli_common.o
                0x00010f98                con_info
 .text.con_numcon
                0x0001102c       0x30 .\CortexM3\ARM_GCC_541\Release\cli_common.o
                0x0001102c                con_numcon
 .text.con_minstat
                0x0001105c      0x1ac .\CortexM3\ARM_GCC_541\Release\cli_common.o
                0x0001105c                con_minstat
 .text.CMD_con  0x00011208       0x68 .\CortexM3\ARM_GCC_541\Release\cli_common.o
                0x00011208                CMD_con
 .text.CMD_calib
                0x00011270       0xd4 .\CortexM3\ARM_GCC_541\Release\cli_common.o
                0x00011270                CMD_calib
 .text.CMD_features
                0x00011344       0x20 .\CortexM3\ARM_GCC_541\Release\cli_common.o
                0x00011344                CMD_features
 .text.CMD_config_get
                0x00011364       0x54 .\CortexM3\ARM_GCC_541\Release\cli_common.o
                0x00011364                CMD_config_get
 .text.CMD_bootloader
                0x000113b8        0xa .\CortexM3\ARM_GCC_541\Release\cli_common.o
                0x000113b8                CMD_bootloader
 *fill*         0x000113c2        0x2 
 .text.CMD_udkill
                0x000113c4       0xf8 .\CortexM3\ARM_GCC_541\Release\cli_common.o
                0x000113c4                CMD_udkill
 .text.CMD_get  0x000114bc       0x8c .\CortexM3\ARM_GCC_541\Release\cli_common.o
                0x000114bc                CMD_get
 .text.CMD_set  0x00011548       0xc4 .\CortexM3\ARM_GCC_541\Release\cli_common.o
                0x00011548                CMD_set
 .text.CMD_eeprom
                0x0001160c       0x94 .\CortexM3\ARM_GCC_541\Release\cli_common.o
                0x0001160c                CMD_eeprom
 .text.CMD_bus  0x000116a0       0x64 .\CortexM3\ARM_GCC_541\Release\cli_common.o
                0x000116a0                CMD_bus
 .text.CMD_load_defaults
                0x00011704       0x18 .\CortexM3\ARM_GCC_541\Release\cli_common.o
                0x00011704                CMD_load_defaults
 .text.CMD_reset
                0x0001171c        0xa .\CortexM3\ARM_GCC_541\Release\cli_common.o
                0x0001171c                CMD_reset
 *fill*         0x00011726        0x2 
 .text.CMD_relay
                0x00011728       0x5c .\CortexM3\ARM_GCC_541\Release\cli_common.o
                0x00011728                CMD_relay
 .text.CMD_pwm  0x00011784       0x50 .\CortexM3\ARM_GCC_541\Release\cli_common.o
                0x00011784                CMD_pwm
 .text.CMD_hwrev
                0x000117d4       0x48 .\CortexM3\ARM_GCC_541\Release\cli_common.o
                0x000117d4                CMD_hwrev
 .text.send_signal_state_new
                0x0001181c       0x48 .\CortexM3\ARM_GCC_541\Release\cli_common.o
                0x0001181c                send_signal_state_new
 .text.send_signal_state_wo_new
                0x00011864       0x48 .\CortexM3\ARM_GCC_541\Release\cli_common.o
                0x00011864                send_signal_state_wo_new
 .text.CMD_signals
                0x000118ac      0x33c .\CortexM3\ARM_GCC_541\Release\cli_common.o
                0x000118ac                CMD_signals
 .text.initialize_DMA
                0x00011be8      0x324 .\CortexM3\ARM_GCC_541\Release\DMA.o
                0x00011be8                initialize_DMA
 .text.interrupter_unkill
                0x00011f0c        0xc .\CortexM3\ARM_GCC_541\Release\interrupter.o
                0x00011f0c                interrupter_unkill
 .text.interrupter_oneshot
                0x00011f18       0x84 .\CortexM3\ARM_GCC_541\Release\interrupter.o
                0x00011f18                interrupter_oneshot
 .text.interrupter_oneshotRaw
                0x00011f9c       0x6c .\CortexM3\ARM_GCC_541\Release\interrupter.o
                0x00011f9c                interrupter_oneshotRaw
 .text.interrupter_update_ext
                0x00012008       0x5c .\CortexM3\ARM_GCC_541\Release\interrupter.o
                0x00012008                interrupter_update_ext
 .text.callback_ext_interrupter
                0x00012064       0x3c .\CortexM3\ARM_GCC_541\Release\interrupter.o
                0x00012064                callback_ext_interrupter
 .text.interrupter_updateTR
                0x000120a0       0x44 .\CortexM3\ARM_GCC_541\Release\interrupter.o
                0x000120a0                interrupter_updateTR
 .text.interrupter_kill
                0x000120e4       0x24 .\CortexM3\ARM_GCC_541\Release\interrupter.o
                0x000120e4                interrupter_kill
 .text.critical_error
                0x00012108       0x14 .\CortexM3\ARM_GCC_541\Release\interrupter.o
                0x00012108                critical_error
 .text.interrupter_init_safe
                0x0001211c       0x34 .\CortexM3\ARM_GCC_541\Release\interrupter.o
                0x0001211c                interrupter_init_safe
 .text.configure_interrupter
                0x00012150       0x30 .\CortexM3\ARM_GCC_541\Release\interrupter.o
                0x00012150                configure_interrupter
 .text.initialize_interrupter
                0x00012180      0x100 .\CortexM3\ARM_GCC_541\Release\interrupter.o
                0x00012180                initialize_interrupter
 .text.callback_SynthFunction
                0x00012280       0x1c .\CortexM3\ARM_GCC_541\Release\interrupter.o
                0x00012280                callback_SynthFunction
 .text.callback_PWFunction
                0x0001229c       0x34 .\CortexM3\ARM_GCC_541\Release\interrupter.o
                0x0001229c                callback_PWFunction
 .text.callback_VolFunction
                0x000122d0       0x14 .\CortexM3\ARM_GCC_541\Release\interrupter.o
                0x000122d0                callback_VolFunction
 .text.callback_BurstFunction
                0x000122e4        0xa .\CortexM3\ARM_GCC_541\Release\interrupter.o
                0x000122e4                callback_BurstFunction
 *fill*         0x000122ee        0x2 
 .text.CMD_tr   0x000122f0       0x74 .\CortexM3\ARM_GCC_541\Release\interrupter.o
                0x000122f0                CMD_tr
 .text.Synthmon_printMIDI
                0x00012364      0x1b8 .\CortexM3\ARM_GCC_541\Release\interrupter.o
                0x00012364                Synthmon_printMIDI
 .text.Synthmon_printSID
                0x0001251c       0x90 .\CortexM3\ARM_GCC_541\Release\interrupter.o
                0x0001251c                Synthmon_printSID
 .text.CMD_SynthMon
                0x000125ac       0xf0 .\CortexM3\ARM_GCC_541\Release\interrupter.o
                0x000125ac                CMD_SynthMon
 .text.startup.main
                0x0001269c       0xd4 .\CortexM3\ARM_GCC_541\Release\main.o
                0x0001269c                main
 .text.vApplicationMallocFailedHook
                0x00012770       0x12 .\CortexM3\ARM_GCC_541\Release\main.o
                0x00012770                vApplicationMallocFailedHook
 .text.vConfigureTimerForRunTimeStats
                0x00012782        0x2 .\CortexM3\ARM_GCC_541\Release\main.o
                0x00012782                vConfigureTimerForRunTimeStats
 *fill*         0x00012784        0x4 
 .text.configure_CT1
                0x00012788      0x118 .\CortexM3\ARM_GCC_541\Release\ZCDtoPWM.o
                0x00012788                configure_CT1
 .text.configure_CT2
                0x000128a0       0x5c .\CortexM3\ARM_GCC_541\Release\ZCDtoPWM.o
                0x000128a0                configure_CT2
 *fill*         0x000128fc        0x4 
 .text.configure_ZCD_to_PWM
                0x00012900      0x1c0 .\CortexM3\ARM_GCC_541\Release\ZCDtoPWM.o
                0x00012900                configure_ZCD_to_PWM
 .text.initialize_ZCD_to_PWM
                0x00012ac0       0x46 .\CortexM3\ARM_GCC_541\Release\ZCDtoPWM.o
                0x00012ac0                initialize_ZCD_to_PWM
 *fill*         0x00012b06        0x2 
 .text.alarm_push
                0x00012b08       0x60 .\CortexM3\ARM_GCC_541\Release\alarmevent.o
                0x00012b08                alarm_push
 .text.alarm_push_c
                0x00012b68       0x74 .\CortexM3\ARM_GCC_541\Release\alarmevent.o
                0x00012b68                alarm_push_c
 .text.alarm_get_num
                0x00012bdc        0xc .\CortexM3\ARM_GCC_541\Release\alarmevent.o
                0x00012bdc                alarm_get_num
 .text.alarm_get
                0x00012be8       0x28 .\CortexM3\ARM_GCC_541\Release\alarmevent.o
                0x00012be8                alarm_get
 .text.alarm_pop
                0x00012c10       0x24 .\CortexM3\ARM_GCC_541\Release\alarmevent.o
                0x00012c10                alarm_pop
 .text.alarm_free
                0x00012c34       0x16 .\CortexM3\ARM_GCC_541\Release\alarmevent.o
                0x00012c34                alarm_free
 .text.alarm_clear
                0x00012c4a       0x22 .\CortexM3\ARM_GCC_541\Release\alarmevent.o
                0x00012c4a                alarm_clear
 .text.alarm_init
                0x00012c6c       0x18 .\CortexM3\ARM_GCC_541\Release\alarmevent.o
                0x00012c6c                alarm_init
 .text.print_alarm
                0x00012c84       0xa4 .\CortexM3\ARM_GCC_541\Release\alarmevent.o
                0x00012c84                print_alarm
 .text.CMD_alarms
                0x00012d28      0x160 .\CortexM3\ARM_GCC_541\Release\alarmevent.o
                0x00012d28                CMD_alarms
 .text.clock_tick
                0x00012e88       0x2c .\CortexM3\ARM_GCC_541\Release\clock.o
                0x00012e88                clock_tick
 .text.clock_set
                0x00012eb4       0x10 .\CortexM3\ARM_GCC_541\Release\clock.o
                0x00012eb4                clock_set
 .text.clock_trim
                0x00012ec4       0x40 .\CortexM3\ARM_GCC_541\Release\clock.o
                0x00012ec4                clock_trim
 .text.qcw_regenerate_ramp
                0x00012f04      0x12c .\CortexM3\ARM_GCC_541\Release\qcw.o
                0x00012f04                qcw_regenerate_ramp
 .text.qcw_ramp_line
                0x00013030       0x80 .\CortexM3\ARM_GCC_541\Release\qcw.o
                0x00013030                qcw_ramp_line
 .text.qcw_ramp_visualize
                0x000130b0       0x90 .\CortexM3\ARM_GCC_541\Release\qcw.o
                0x000130b0                qcw_ramp_visualize
 .text.qcw_start
                0x00013140       0x40 .\CortexM3\ARM_GCC_541\Release\qcw.o
                0x00013140                qcw_start
 .text.qcw_cmd_midi_pulse
                0x00013180       0x2c .\CortexM3\ARM_GCC_541\Release\qcw.o
                0x00013180                qcw_cmd_midi_pulse
 .text.vQCW_Timer_Callback
                0x000131ac       0x30 .\CortexM3\ARM_GCC_541\Release\qcw.o
                0x000131ac                vQCW_Timer_Callback
 .text.qcw_modulate
                0x000131dc       0x44 .\CortexM3\ARM_GCC_541\Release\qcw.o
                0x000131dc                qcw_modulate
 .text.qcw_handle
                0x00013220       0x44 .\CortexM3\ARM_GCC_541\Release\qcw.o
                0x00013220                qcw_handle
 .text.qcw_stop
                0x00013264       0x14 .\CortexM3\ARM_GCC_541\Release\qcw.o
                0x00013264                qcw_stop
 .text.callback_rampFunction
                0x00013278       0x20 .\CortexM3\ARM_GCC_541\Release\qcw.o
                0x00013278                callback_rampFunction
 .text.CMD_ramp
                0x00013298      0x128 .\CortexM3\ARM_GCC_541\Release\qcw.o
                0x00013298                CMD_ramp
 .text.QCW_delete_timer
                0x000133c0       0x2c .\CortexM3\ARM_GCC_541\Release\qcw.o
                0x000133c0                QCW_delete_timer
 .text.CMD_qcw  0x000133ec       0xec .\CortexM3\ARM_GCC_541\Release\qcw.o
                0x000133ec                CMD_qcw
 .text.SYS_getCPULoadFine
                0x000134d8       0x5c .\CortexM3\ARM_GCC_541\Release\system.o
                0x000134d8                SYS_getCPULoadFine
 .text.SYS_getTaskStateString
                0x00013534       0x18 .\CortexM3\ARM_GCC_541\Release\system.o
                0x00013534                SYS_getTaskStateString
 .text.SYS_detect_hw_rev
                0x0001354c        0x4 .\CortexM3\ARM_GCC_541\Release\system.o
                0x0001354c                SYS_detect_hw_rev
 .text.SYS_get_rev_string
                0x00013550       0x18 .\CortexM3\ARM_GCC_541\Release\system.o
                0x00013550                SYS_get_rev_string
 .text.SigGen_setHyperVoiceParams
                0x00013568       0x74 .\CortexM3\ARM_GCC_541\Release\SignalGenerator.o
 .text.isr_synth
                0x000135dc       0x1c .\CortexM3\ARM_GCC_541\Release\SignalGenerator.o
                0x000135dc                isr_synth
 .text.SigGen_PulseTimerISR
                0x000135f8       0x90 .\CortexM3\ARM_GCC_541\Release\SignalGenerator.o
                0x000135f8                SigGen_PulseTimerISR
 .text.getFixedDutyOntime
                0x00013688       0x50 .\CortexM3\ARM_GCC_541\Release\SignalGenerator.o
 .text.SigGen_task
                0x000136d8      0x49c .\CortexM3\ARM_GCC_541\Release\SignalGenerator.o
 .text.callback_siggen
                0x00013b74       0x20 .\CortexM3\ARM_GCC_541\Release\SignalGenerator.o
                0x00013b74                callback_siggen
 .text.SigGen_init
                0x00013b94       0x7c .\CortexM3\ARM_GCC_541\Release\SignalGenerator.o
                0x00013b94                SigGen_init
 .text.SigGen_getCurrDuty
                0x00013c10       0x68 .\CortexM3\ARM_GCC_541\Release\SignalGenerator.o
                0x00013c10                SigGen_getCurrDuty
 .text.SigGen_setHyperVoiceVMS
                0x00013c78       0x40 .\CortexM3\ARM_GCC_541\Release\SignalGenerator.o
                0x00013c78                SigGen_setHyperVoiceVMS
 .text.SigGen_setHyperVoiceSID
                0x00013cb8       0x40 .\CortexM3\ARM_GCC_541\Release\SignalGenerator.o
                0x00013cb8                SigGen_setHyperVoiceSID
 .text.SigGen_limit
                0x00013cf8       0xfc .\CortexM3\ARM_GCC_541\Release\SignalGenerator.o
                0x00013cf8                SigGen_limit
 .text.SigGen_setVoiceParams
                0x00013df4      0x110 .\CortexM3\ARM_GCC_541\Release\SignalGenerator.o
 .text.SigGen_setVoiceVMS
                0x00013f04       0x4c .\CortexM3\ARM_GCC_541\Release\SignalGenerator.o
                0x00013f04                SigGen_setVoiceVMS
 .text.SigGen_setVoiceSID
                0x00013f50       0x48 .\CortexM3\ARM_GCC_541\Release\SignalGenerator.o
                0x00013f50                SigGen_setVoiceSID
 .text.SigGen_setVoiceTR
                0x00013f98       0x2c .\CortexM3\ARM_GCC_541\Release\SignalGenerator.o
                0x00013f98                SigGen_setVoiceTR
 .text.SigGen_killAudio
                0x00013fc4       0x5c .\CortexM3\ARM_GCC_541\Release\SignalGenerator.o
                0x00013fc4                SigGen_killAudio
 .text.SigGen_switchSynthMode
                0x00014020       0x14 .\CortexM3\ARM_GCC_541\Release\SignalGenerator.o
                0x00014020                SigGen_switchSynthMode
 .text.SigGen_setMasterVol
                0x00014034       0x50 .\CortexM3\ARM_GCC_541\Release\SignalGenerator.o
                0x00014034                SigGen_setMasterVol
 .text.DLL_create
                0x00014084       0x20 .\CortexM3\ARM_GCC_541\Release\DLL.o
                0x00014084                DLL_create
 .text.DLL_add  0x000140a4       0x2a .\CortexM3\ARM_GCC_541\Release\DLL.o
                0x000140a4                DLL_add
 .text.DLL_find
                0x000140ce       0x18 .\CortexM3\ARM_GCC_541\Release\DLL.o
                0x000140ce                DLL_find
 .text.DLL_remove
                0x000140e6        0xe .\CortexM3\ARM_GCC_541\Release\DLL.o
                0x000140e6                DLL_remove
 .text.DLL_removeData
                0x000140f4       0x12 .\CortexM3\ARM_GCC_541\Release\DLL.o
                0x000140f4                DLL_removeData
 .text.RingBuffer_writeToBuffer
                0x00014106       0x5e .\CortexM3\ARM_GCC_541\Release\RingBuffer.o
 .text.RingBuffer_create
                0x00014164       0x46 .\CortexM3\ARM_GCC_541\Release\RingBuffer.o
                0x00014164                RingBuffer_create
 .text.RingBuffer_flush
                0x000141aa        0x8 .\CortexM3\ARM_GCC_541\Release\RingBuffer.o
                0x000141aa                RingBuffer_flush
 .text.RingBuffer_getDataCount
                0x000141b2       0x10 .\CortexM3\ARM_GCC_541\Release\RingBuffer.o
                0x000141b2                RingBuffer_getDataCount
 .text.RingBuffer_read
                0x000141c2       0x62 .\CortexM3\ARM_GCC_541\Release\RingBuffer.o
                0x000141c2                RingBuffer_read
 .text.RingBuffer_readFromISR
                0x00014224       0x5a .\CortexM3\ARM_GCC_541\Release\RingBuffer.o
                0x00014224                RingBuffer_readFromISR
 .text.RingBuffer_getSpaceCount
                0x0001427e       0x12 .\CortexM3\ARM_GCC_541\Release\RingBuffer.o
                0x0001427e                RingBuffer_getSpaceCount
 .text.RingBuffer_write
                0x00014290       0x3e .\CortexM3\ARM_GCC_541\Release\RingBuffer.o
                0x00014290                RingBuffer_write
 *fill*         0x000142ce        0x2 
 .text.qSin     0x000142d0       0x30 .\CortexM3\ARM_GCC_541\Release\util.o
                0x000142d0                qSin
 .text.CYMEMZERO
                0x00014300        0x8 .\CortexM3\ARM_GCC_541\Release\cyfitter_cfg.o
 .text.Therm_Mux_Set
                0x00014308       0x34 .\CortexM3\ARM_GCC_541\Release\cyfitter_cfg.o
                0x00014308                Therm_Mux_Set
 .text.Therm_Mux_Unset
                0x0001433c       0x38 .\CortexM3\ARM_GCC_541\Release\cyfitter_cfg.o
                0x0001433c                Therm_Mux_Unset
 .text.ADC_therm_AMux_Set
                0x00014374       0x20 .\CortexM3\ARM_GCC_541\Release\cyfitter_cfg.o
                0x00014374                ADC_therm_AMux_Set
 .text.ADC_therm_AMux_Unset
                0x00014394       0x20 .\CortexM3\ARM_GCC_541\Release\cyfitter_cfg.o
                0x00014394                ADC_therm_AMux_Unset
 .text.cyfitter_cfg
                0x000143b4      0x4e4 .\CortexM3\ARM_GCC_541\Release\cyfitter_cfg.o
                0x000143b4                cyfitter_cfg
 .text.IntDefaultHandler
                0x00014898       0x10 .\CortexM3\ARM_GCC_541\Release\Cm3Start.o
                0x00014898                IntDefaultHandler
 .text._sbrk    0x000148a8       0x2c .\CortexM3\ARM_GCC_541\Release\Cm3Start.o
                0x000148a8                _sbrk
 .text.Start_c  0x000148d4       0x50 .\CortexM3\ARM_GCC_541\Release\Cm3Start.o
                0x000148d4                Start_c
 .text.startup.initialize_psoc
                0x00014924       0x70 .\CortexM3\ARM_GCC_541\Release\Cm3Start.o
                0x00014924                initialize_psoc
 .text.fram_to_PWMA_DMA_DmaInitialize
                0x00014994       0x38 .\CortexM3\ARM_GCC_541\Release\UD3_QFN.a(fram_to_PWMA_DMA_dma.o)
                0x00014994                fram_to_PWMA_DMA_DmaInitialize
 .text.ADC_data_ready_StartEx
                0x000149cc       0x24 .\CortexM3\ARM_GCC_541\Release\UD3_QFN.a(ADC_data_ready.o)
                0x000149cc                ADC_data_ready_StartEx
 .text.ADC_DMA_DmaInitialize
                0x000149f0       0x38 .\CortexM3\ARM_GCC_541\Release\UD3_QFN.a(ADC_DMA_dma.o)
                0x000149f0                ADC_DMA_DmaInitialize
 .text.UVLO_Read
                0x00014a28       0x10 .\CortexM3\ARM_GCC_541\Release\UD3_QFN.a(UVLO.o)
                0x00014a28                UVLO_Read
 .text.Therm_Mux_Start
                0x00014a38       0x20 .\CortexM3\ARM_GCC_541\Release\UD3_QFN.a(Therm_Mux.o)
                0x00014a38                Therm_Mux_Start
 .text.Therm_Mux_FastSelect
                0x00014a58       0x20 .\CortexM3\ARM_GCC_541\Release\UD3_QFN.a(Therm_Mux.o)
                0x00014a58                Therm_Mux_FastSelect
 .text.Fan_Write
                0x00014a78       0x18 .\CortexM3\ARM_GCC_541\Release\UD3_QFN.a(Fan.o)
                0x00014a78                Fan_Write
 .text.Fan_Read
                0x00014a90       0x10 .\CortexM3\ARM_GCC_541\Release\UD3_QFN.a(Fan.o)
                0x00014a90                Fan_Read
 .text.ADC_Enable
                0x00014aa0       0x98 .\CortexM3\ARM_GCC_541\Release\UD3_QFN.a(ADC.o)
                0x00014aa0                ADC_Enable
 .text.ADC_SetResolution
                0x00014b38       0x60 .\CortexM3\ARM_GCC_541\Release\UD3_QFN.a(ADC.o)
                0x00014b38                ADC_SetResolution
 .text.ADC_Init
                0x00014b98       0x3c .\CortexM3\ARM_GCC_541\Release\UD3_QFN.a(ADC.o)
                0x00014b98                ADC_Init
 .text.ADC_Start
                0x00014bd4       0x1c .\CortexM3\ARM_GCC_541\Release\UD3_QFN.a(ADC.o)
                0x00014bd4                ADC_Start
 .text.ADC_CountsTo_mVolts
                0x00014bf0       0x48 .\CortexM3\ARM_GCC_541\Release\UD3_QFN.a(ADC.o)
                0x00014bf0                ADC_CountsTo_mVolts
 .text.ADC_ISR  0x00014c38        0x2 .\CortexM3\ARM_GCC_541\Release\UD3_QFN.a(ADC_INT.o)
                0x00014c38                ADC_ISR
 *fill*         0x00014c3a        0x2 