Archive member included to satisfy reference by file (symbol)

.\CortexM3\ARM_GCC_541\Release\UARTldr_QFN.a(UART_CLK.o)
                              .\CortexM3\ARM_GCC_541\Release\main.o (UART_CLK_SetDividerRegister)
.\CortexM3\ARM_GCC_541\Release\UARTldr_QFN.a(EEPROM_1.o)
                              .\CortexM3\ARM_GCC_541\Release\main.o (EEPROM_1_Start)
.\CortexM3\ARM_GCC_541\Release\UARTldr_QFN.a(USBUART.o)
                              .\CortexM3\ARM_GCC_541\Release\UART_BOOT.o (USBUART_Start)
.\CortexM3\ARM_GCC_541\Release\UARTldr_QFN.a(USBUART_cdc.o)
                              .\CortexM3\ARM_GCC_541\Release\UART_BOOT.o (USBUART_CDC_Init)
.\CortexM3\ARM_GCC_541\Release\UARTldr_QFN.a(USBUART_drv.o)
                              .\CortexM3\ARM_GCC_541\Release\UARTldr_QFN.a(USBUART.o) (USBUART_lastPacketSize)
.\CortexM3\ARM_GCC_541\Release\UARTldr_QFN.a(USBUART_episr.o)
                              .\CortexM3\ARM_GCC_541\Release\UARTldr_QFN.a(USBUART.o) (USBUART_EP_1_ISR)
.\CortexM3\ARM_GCC_541\Release\UARTldr_QFN.a(USBUART_pm.o)
                              .\CortexM3\ARM_GCC_541\Release\UARTldr_QFN.a(USBUART.o) (USBUART_DP_ISR)
.\CortexM3\ARM_GCC_541\Release\UARTldr_QFN.a(USBUART_std.o)
                              .\CortexM3\ARM_GCC_541\Release\UARTldr_QFN.a(USBUART_pm.o) (USBUART_ConfigReg)
.\CortexM3\ARM_GCC_541\Release\UARTldr_QFN.a(USBUART_vnd.o)
                              .\CortexM3\ARM_GCC_541\Release\UARTldr_QFN.a(USBUART_drv.o) (USBUART_HandleVendorRqst)
.\CortexM3\ARM_GCC_541\Release\UARTldr_QFN.a(safe_state.o)
                              .\CortexM3\ARM_GCC_541\Release\main.o (safe_state_Write)
.\CortexM3\ARM_GCC_541\Release\UARTldr_QFN.a(safe_reg.o)
                              .\CortexM3\ARM_GCC_541\Release\main.o (safe_reg_Read)
.\CortexM3\ARM_GCC_541\Release\UARTldr_QFN.a(Mantmr.o)
                              .\CortexM3\ARM_GCC_541\Release\main.o (Mantmr_Start)
.\CortexM3\ARM_GCC_541\Release\UARTldr_QFN.a(USBUART_Dp.o)
                              .\CortexM3\ARM_GCC_541\Release\UARTldr_QFN.a(USBUART.o) (USBUART_Dp_ClearInterrupt)
.\CortexM3\ARM_GCC_541\Release\UARTldr_QFN.a(CyFlash.o)
                              .\CortexM3\ARM_GCC_541\Release\Bootloader.o (CySetTemp)
.\CortexM3\ARM_GCC_541\Release\UARTldr_QFN.a(CyLib.o)
                              .\CortexM3\ARM_GCC_541\Release\Bootloader.o (CyHalt)
.\CortexM3\ARM_GCC_541\Release\UARTldr_QFN.a(cyPm.o)
                              .\CortexM3\ARM_GCC_541\Release\UARTldr_QFN.a(CyLib.o) (CyPmReadStatus)
.\CortexM3\ARM_GCC_541\Release\UARTldr_QFN.a(CySpc.o)
                              .\CortexM3\ARM_GCC_541\Release\UARTldr_QFN.a(EEPROM_1.o) (CySpcStart)
.\CortexM3\ARM_GCC_541\Release\UARTldr_QFN.a(CyBootAsmGnu.o)
                              .\CortexM3\ARM_GCC_541\Release\cyfitter_cfg.o (CyDelayCycles)
.\CortexM3\ARM_GCC_541\Release\UARTldr_QFN.a(USBUART_cls.o)
                              .\CortexM3\ARM_GCC_541\Release\UARTldr_QFN.a(USBUART_drv.o) (USBUART_DispatchClassRqst)
.\CortexM3\ARM_GCC_541\Release\UARTldr_QFN.a(USBUART_descr.o)
                              .\CortexM3\ARM_GCC_541\Release\UARTldr_QFN.a(USBUART_std.o) (USBUART_idSerialNumberStringDescriptor)
c:/program files (x86)/cypress/psoc creator/4.4/psoc creator/import/gnu/arm/5.4.1/bin/../lib/gcc/arm-none-eabi/5.4.1/../../../../arm-none-eabi/lib/armv7-m\libm.a(lib_a-s_ceil.o)
                              .\CortexM3\ARM_GCC_541\Release\main.o (ceil)
c:/program files (x86)/cypress/psoc creator/4.4/psoc creator/import/gnu/arm/5.4.1/bin/../lib/gcc/arm-none-eabi/5.4.1/../../../../arm-none-eabi/lib/armv7-m\libm.a(lib_a-s_floor.o)
                              .\CortexM3\ARM_GCC_541\Release\main.o (floor)
c:/program files (x86)/cypress/psoc creator/4.4/psoc creator/import/gnu/arm/5.4.1/bin/../lib/gcc/arm-none-eabi/5.4.1/armv7-m\libgcc.a(_arm_addsubdf3.o)
                              c:/program files (x86)/cypress/psoc creator/4.4/psoc creator/import/gnu/arm/5.4.1/bin/../lib/gcc/arm-none-eabi/5.4.1/../../../../arm-none-eabi/lib/armv7-m\libm.a(lib_a-s_ceil.o) (__aeabi_dadd)
c:/program files (x86)/cypress/psoc creator/4.4/psoc creator/import/gnu/arm/5.4.1/bin/../lib/gcc/arm-none-eabi/5.4.1/armv7-m\libgcc.a(_arm_muldivdf3.o)
                              .\CortexM3\ARM_GCC_541\Release\main.o (__aeabi_ddiv)
c:/program files (x86)/cypress/psoc creator/4.4/psoc creator/import/gnu/arm/5.4.1/bin/../lib/gcc/arm-none-eabi/5.4.1/armv7-m\libgcc.a(_arm_cmpdf2.o)
                              c:/program files (x86)/cypress/psoc creator/4.4/psoc creator/import/gnu/arm/5.4.1/bin/../lib/gcc/arm-none-eabi/5.4.1/../../../../arm-none-eabi/lib/armv7-m\libm.a(lib_a-s_ceil.o) (__aeabi_dcmpgt)
c:/program files (x86)/cypress/psoc creator/4.4/psoc creator/import/gnu/arm/5.4.1/bin/../lib/gcc/arm-none-eabi/5.4.1/armv7-m\libgcc.a(_arm_fixunsdfsi.o)
                              .\CortexM3\ARM_GCC_541\Release\main.o (__aeabi_d2uiz)
[...]
Memory Configuration

Name             Origin             Length             Attributes
rom              0x00000000         0x00040000         xr
ram              0x1fff8000         0x00010000         xrw
*default*        0x00000000         0xffffffff

Linker script and memory map

LOAD c:/program files (x86)/cypress/psoc creator/4.4/psoc creator/import/gnu/arm/5.4.1/bin/../lib/gcc/arm-none-eabi/5.4.1/armv7-m/crti.o
LOAD c:/program files (x86)/cypress/psoc creator/4.4/psoc creator/import/gnu/arm/5.4.1/bin/../lib/gcc/arm-none-eabi/5.4.1/armv7-m/crtbegin.o
LOAD c:/program files (x86)/cypress/psoc creator/4.4/psoc creator/import/gnu/arm/5.4.1/bin/../lib/gcc/arm-none-eabi/5.4.1/../../../../arm-none-eabi/lib/armv7-m/crt0.o
START GROUP
LOAD .\CortexM3\ARM_GCC_541\Release\Bootloader.o
LOAD .\CortexM3\ARM_GCC_541\Release\main.o
LOAD .\CortexM3\ARM_GCC_541\Release\UART.o
LOAD .\CortexM3\ARM_GCC_541\Release\UART_BOOT.o
LOAD .\CortexM3\ARM_GCC_541\Release\UART_INT.o
LOAD .\CortexM3\ARM_GCC_541\Release\UART_PM.o
LOAD .\CortexM3\ARM_GCC_541\Release\cli_basic.o
LOAD .\CortexM3\ARM_GCC_541\Release\cyfitter_cfg.o
LOAD .\CortexM3\ARM_GCC_541\Release\cymetadata.o
LOAD .\CortexM3\ARM_GCC_541\Release\Cm3Start.o
LOAD .\CortexM3\ARM_GCC_541\Release\UARTldr_QFN.a
LOAD C:\Program Files (x86)\Cypress\PSoC Creator\4.4\PSoC Creator\psoc\content\cycomponentlibrary\CyComponentLibrary.cylib\CortexM3\ARM_GCC_541\Release\CyComponentLibrary.a
LOAD c:/program files (x86)/cypress/psoc creator/4.4/psoc creator/import/gnu/arm/5.4.1/bin/../lib/gcc/arm-none-eabi/5.4.1/../../../../arm-none-eabi/lib/armv7-m\libm.a
END GROUP
START GROUP
LOAD c:/program files (x86)/cypress/psoc creator/4.4/psoc creator/import/gnu/arm/5.4.1/bin/../lib/gcc/arm-none-eabi/5.4.1/armv7-m\libgcc.a
LOAD c:/program files (x86)/cypress/psoc creator/4.4/psoc creator/import/gnu/arm/5.4.1/bin/../lib/gcc/arm-none-eabi/5.4.1/../../../../arm-none-eabi/lib/armv7-m\libg_nano.a
LOAD c:/program files (x86)/cypress/psoc creator/4.4/psoc creator/import/gnu/arm/5.4.1/bin/../lib/gcc/arm-none-eabi/5.4.1/../../../../arm-none-eabi/lib/armv7-m\libc_nano.a
END GROUP
START GROUP
LOAD c:/program files (x86)/cypress/psoc creator/4.4/psoc creator/import/gnu/arm/5.4.1/bin/../lib/gcc/arm-none-eabi/5.4.1/armv7-m\libgcc.a
LOAD c:/program files (x86)/cypress/psoc creator/4.4/psoc creator/import/gnu/arm/5.4.1/bin/../lib/gcc/arm-none-eabi/5.4.1/../../../../arm-none-eabi/lib/armv7-m\libc_nano.a
END GROUP
LOAD c:/program files (x86)/cypress/psoc creator/4.4/psoc creator/import/gnu/arm/5.4.1/bin/../lib/gcc/arm-none-eabi/5.4.1/armv7-m/crtend.o
LOAD c:/program files (x86)/cypress/psoc creator/4.4/psoc creator/import/gnu/arm/5.4.1/bin/../lib/gcc/arm-none-eabi/5.4.1/armv7-m/crtn.o
START GROUP
LOAD c:/program files (x86)/cypress/psoc creator/4.4/psoc creator/import/gnu/arm/5.4.1/bin/../lib/gcc/arm-none-eabi/5.4.1/armv7-m\libgcc.a
LOAD c:/program files (x86)/cypress/psoc creator/4.4/psoc creator/import/gnu/arm/5.4.1/bin/../lib/gcc/arm-none-eabi/5.4.1/../../../../arm-none-eabi/lib/armv7-m\libc.a
LOAD c:/program files (x86)/cypress/psoc creator/4.4/psoc creator/import/gnu/arm/5.4.1/bin/../lib/gcc/arm-none-eabi/5.4.1/../../../../arm-none-eabi/lib/armv7-m\libnosys.a
END GROUP
                0x00000000                CY_APPL_ORIGIN = 0x0
                0x00000100                CY_FLASH_ROW_SIZE = 0x100
                0x00000020                CY_ECC_ROW_SIZE = 0x20
                0x00000000                CY_EE_IN_BTLDR = 0x0
                0x00000000                CY_APPL_LOADABLE = 0x0
                0x00000800                CY_EE_SIZE = 0x800
                0x00000001                CY_APPL_NUM = 0x1
                0x00000001                CY_APPL_MAX = 0x1
                0x00000040                CY_METADATA_SIZE = 0x40
                0x00000000                CY_APPL_LOADABLE = 0x0
                0x00000000                CY_CHECKSUM_EXCLUDE_SIZE = ALIGN (0x0, CY_FLASH_ROW_SIZE)
                [!provide]                PROVIDE (__cy_heap_start, _end)
                0x00000001                PROVIDE (__cy_region_num, ((__cy_regions_end - __cy_regions) / 0x10))
                0x20008000                PROVIDE (__cy_stack, (ORIGIN (ram) + LENGTH (ram)))
                [!provide]                PROVIDE (__cy_heap_end, (__cy_stack - 0x800))

.cybootloader   0x00000000        0x0
 *(.cybootloader)
                0x00000000                appl1_start = CY_APPL_ORIGIN?CY_APPL_ORIGIN:ALIGN (CY_FLASH_ROW_SIZE)
                0x0001ff00                appl2_start = (appl1_start + ALIGN ((((LENGTH (rom) - appl1_start) - (0x2 * CY_FLASH_ROW_SIZE)) / 0x2), CY_FLASH_ROW_SIZE))
                0x00000000                appl_start = (CY_APPL_NUM == 0x1)?appl1_start:appl2_start
                0x00000000                ecc_offset = ((appl_start / CY_FLASH_ROW_SIZE) * CY_ECC_ROW_SIZE)
                0x00000000                ee_offset = (CY_APPL_LOADABLE && ! (CY_EE_IN_BTLDR))?((CY_EE_SIZE / CY_APPL_MAX) * (CY_APPL_NUM - 0x1)):0x0
                0x00000800                ee_size = (CY_APPL_LOADABLE && ! (CY_EE_IN_BTLDR))?(CY_EE_SIZE / CY_APPL_MAX):CY_EE_SIZE
                [!provide]                PROVIDE (CY_ECC_OFFSET, ecc_offset)

.text           0x00000000     0x3ca1
 CREATE_OBJECT_SYMBOLS
                0x00000000                PROVIDE (__cy_interrupt_vector, RomVectors)
 *(.romvectors)
 .romvectors    0x00000000       0x10 .\CortexM3\ARM_GCC_541\Release\Cm3Start.o
                0x00000000                RomVectors
                0x00000001                ASSERT ((. != __cy_interrupt_vector), No interrupt vector)
                0x00000001                ASSERT (CY_APPL_ORIGIN?(SIZEOF (.cybootloader) <= CY_APPL_ORIGIN):0x1, Wrong image location)
                0x00000010                PROVIDE (__cy_reset, Reset)
 *(.text.Reset)
 .text.Reset    0x00000010       0x1c .\CortexM3\ARM_GCC_541\Release\Cm3Start.o
                0x00000010                Reset
                0x00000001                ASSERT ((. != __cy_reset), No reset code)
 *(.dma_init)
                0x00000001                ASSERT ((((appl_start + .) <= 0x10000) || 0x1), DMA Init must be within the first 64k of flash)
 *(.text .text.* .gnu.linkonce.t.*)
 .text          0x0000002c       0x5c c:/program files (x86)/cypress/psoc creator/4.4/psoc creator/import/gnu/arm/5.4.1/bin/../lib/gcc/arm-none-eabi/5.4.1/armv7-m/crtbegin.o
 .text.Bootloader_LaunchBootloadable
                0x00000088        0x2 .\CortexM3\ARM_GCC_541\Release\Bootloader.o
 .text.Bootloader_Calc8BitSum
                0x0000008a       0x14 .\CortexM3\ARM_GCC_541\Release\Bootloader.o
                0x0000008a                Bootloader_Calc8BitSum
 .text.Bootloader_GetMetadata
                0x0000009e       0xce .\CortexM3\ARM_GCC_541\Release\Bootloader.o
                0x0000009e                Bootloader_GetMetadata
 .text.CyBtldr_CheckLaunch
                0x0000016c       0x34 .\CortexM3\ARM_GCC_541\Release\Bootloader.o
                0x0000016c                CyBtldr_CheckLaunch
 .text.Bootloader_ValidateBootloadable
                0x000001a0       0x98 .\CortexM3\ARM_GCC_541\Release\Bootloader.o
                0x000001a0                Bootloader_ValidateBootloadable
 .text.Bootloader_HostLink
                0x00000238      0x4e8 .\CortexM3\ARM_GCC_541\Release\Bootloader.o
 .text.Bootloader_Start
                0x00000720       0x68 .\CortexM3\ARM_GCC_541\Release\Bootloader.o
                0x00000720                Bootloader_Start
 .text.update_ivo_uart
                0x00000788       0x58 .\CortexM3\ARM_GCC_541\Release\main.o
                0x00000788                update_ivo_uart
 .text.uart_baudrate
                0x000007e0       0xd8 .\CortexM3\ARM_GCC_541\Release\main.o
                0x000007e0                uart_baudrate
 .text.startup.main
                0x000008b8       0x4c .\CortexM3\ARM_GCC_541\Release\main.o
                0x000008b8                main
 .text.UART_Init
                0x00000904       0x58 .\CortexM3\ARM_GCC_541\Release\UART.o
                0x00000904                UART_Init
 .text.UART_Enable
                0x0000095c       0x48 .\CortexM3\ARM_GCC_541\Release\UART.o
                0x0000095c                UART_Enable
 .text.UART_Start
                0x000009a4       0x1c .\CortexM3\ARM_GCC_541\Release\UART.o
                0x000009a4                UART_Start
 .text.UART_Stop
                0x000009c0       0x40 .\CortexM3\ARM_GCC_541\Release\UART.o
                0x000009c0                UART_Stop
 .text.UART_ReadRxData
                0x00000a00       0x54 .\CortexM3\ARM_GCC_541\Release\UART.o
                0x00000a00                UART_ReadRxData
 .text.UART_GetRxBufferSize
                0x00000a54       0x38 .\CortexM3\ARM_GCC_541\Release\UART.o
                0x00000a54                UART_GetRxBufferSize
 .text.UART_ClearRxBuffer
                0x00000a8c       0x44 .\CortexM3\ARM_GCC_541\Release\UART.o
                0x00000a8c                UART_ClearRxBuffer
 .text.UART_PutChar
                0x00000ad0       0x60 .\CortexM3\ARM_GCC_541\Release\UART.o
                0x00000ad0                UART_PutChar
 .text.UART_ClearTxBuffer
                0x00000b30       0x40 .\CortexM3\ARM_GCC_541\Release\UART.o
                0x00000b30                UART_ClearTxBuffer
 .text.UART_CyBtldrCommStart
                0x00000b70       0x40 .\CortexM3\ARM_GCC_541\Release\UART_BOOT.o
                0x00000b70                UART_CyBtldrCommStart
 .text.UART_CyBtldrCommStop
                0x00000bb0        0xe .\CortexM3\ARM_GCC_541\Release\UART_BOOT.o
                0x00000bb0                UART_CyBtldrCommStop
 .text.UART_CyBtldrCommReset
                0x00000bbe       0x12 .\CortexM3\ARM_GCC_541\Release\UART_BOOT.o
                0x00000bbe                UART_CyBtldrCommReset
 .text.UART_CyBtldrCommWrite
                0x00000bd0       0x26 .\CortexM3\ARM_GCC_541\Release\UART_BOOT.o
                0x00000bd0                UART_CyBtldrCommWrite
 .text.UART_CyBtldrCommRead
                0x00000bf6       0x9e .\CortexM3\ARM_GCC_541\Release\UART_BOOT.o
                0x00000bf6                UART_CyBtldrCommRead
 .text.USB_CyBtldrCommWrite
                0x00000c94       0x6c .\CortexM3\ARM_GCC_541\Release\UART_BOOT.o
                0x00000c94                USB_CyBtldrCommWrite
 .text.USB_CyBtldrCommRead
                0x00000d00       0x9c .\CortexM3\ARM_GCC_541\Release\UART_BOOT.o
                0x00000d00                USB_CyBtldrCommRead
 .text.UART_RXISR
                0x00000d9c       0x90 .\CortexM3\ARM_GCC_541\Release\UART_INT.o
                0x00000d9c                UART_RXISR
 .text.UART_TXISR
                0x00000e2c       0x48 .\CortexM3\ARM_GCC_541\Release\UART_INT.o
                0x00000e2c                UART_TXISR
 .text.djb_hash
                0x00000e74       0x16 .\CortexM3\ARM_GCC_541\Release\cli_basic.o
                0x00000e74                djb_hash
 .text.EEPROM_read_conf
                0x00000e8a       0xfc .\CortexM3\ARM_GCC_541\Release\cli_basic.o
                0x00000e8a                EEPROM_read_conf
 *fill*         0x00000f86        0x2 
 .text.cyfitter_cfg
                0x00000f88      0x204 .\CortexM3\ARM_GCC_541\Release\cyfitter_cfg.o
                0x00000f88                cyfitter_cfg
 .text.IntDefaultHandler
                0x0000118c       0x10 .\CortexM3\ARM_GCC_541\Release\Cm3Start.o
                0x0000118c                IntDefaultHandler
 .text.Start_c  0x0000119c       0x50 .\CortexM3\ARM_GCC_541\Release\Cm3Start.o
                0x0000119c                Start_c
 .text.startup.initialize_psoc
                0x000011ec       0x68 .\CortexM3\ARM_GCC_541\Release\Cm3Start.o
                0x000011ec                initialize_psoc
 .text.UART_CLK_SetDividerRegister
                0x00001254       0xcc .\CortexM3\ARM_GCC_541\Release\UARTldr_QFN.a(UART_CLK.o)
                0x00001254                UART_CLK_SetDividerRegister
 .text.EEPROM_1_Enable
                0x00001320        0xe .\CortexM3\ARM_GCC_541\Release\UARTldr_QFN.a(EEPROM_1.o)
                0x00001320                EEPROM_1_Enable
 .text.EEPROM_1_Start
                0x0000132e        0x4 .\CortexM3\ARM_GCC_541\Release\UARTldr_QFN.a(EEPROM_1.o)
                0x0000132e                EEPROM_1_Start
 .text.EEPROM_1_ReadByte
                0x00001332       0x28 .\CortexM3\ARM_GCC_541\Release\UARTldr_QFN.a(EEPROM_1.o)
                0x00001332                EEPROM_1_ReadByte
 *fill*         0x0000135a        0x2 
 .text.USBUART_Init
                0x0000135c      0x13c .\CortexM3\ARM_GCC_541\Release\UARTldr_QFN.a(USBUART.o)
                0x0000135c                USBUART_Init
 .text.USBUART_InitComponent
                0x00001498       0xa4 .\CortexM3\ARM_GCC_541\Release\UARTldr_QFN.a(USBUART.o)
                0x00001498                USBUART_InitComponent
 .text.USBUART_Start
                0x0000153c       0x24 .\CortexM3\ARM_GCC_541\Release\UARTldr_QFN.a(USBUART.o)
                0x0000153c                USBUART_Start
 .text.USBUART_ReInitComponent
                0x00001560       0x4c .\CortexM3\ARM_GCC_541\Release\UARTldr_QFN.a(USBUART.o)
                0x00001560                USBUART_ReInitComponent
 .text.USBUART_Stop
                0x000015ac       0xb4 .\CortexM3\ARM_GCC_541\Release\UARTldr_QFN.a(USBUART.o)
                0x000015ac                USBUART_Stop
 .text.USBUART_GetConfiguration
                0x00001660        0xc .\CortexM3\ARM_GCC_541\Release\UARTldr_QFN.a(USBUART.o)
                0x00001660                USBUART_GetConfiguration
 .text.USBUART_IsConfigurationChanged
                0x0000166c       0x18 .\CortexM3\ARM_GCC_541\Release\UARTldr_QFN.a(USBUART.o)
                0x0000166c                USBUART_IsConfigurationChanged
 .text.USBUART_GetEPState
                0x00001684       0x10 .\CortexM3\ARM_GCC_541\Release\UARTldr_QFN.a(USBUART.o)
                0x00001684                USBUART_GetEPState
 .text.USBUART_GetEPCount
                0x00001694       0x28 .\CortexM3\ARM_GCC_541\Release\UARTldr_QFN.a(USBUART.o)
                0x00001694                USBUART_GetEPCount
 .text.USBUART_LoadInEP
                0x000016bc       0x7c .\CortexM3\ARM_GCC_541\Release\UARTldr_QFN.a(USBUART.o)
                0x000016bc                USBUART_LoadInEP
 .text.USBUART_EnableOutEP
                0x00001738       0x28 .\CortexM3\ARM_GCC_541\Release\UARTldr_QFN.a(USBUART.o)
                0x00001738                USBUART_EnableOutEP
 .text.USBUART_ReadOutEP
                0x00001760       0x4c .\CortexM3\ARM_GCC_541\Release\UARTldr_QFN.a(USBUART.o)
                0x00001760                USBUART_ReadOutEP
 .text.USBUART_GetInterfaceComPort
                0x000017ac       0x30 .\CortexM3\ARM_GCC_541\Release\UARTldr_QFN.a(USBUART_cdc.o)
                0x000017ac                USBUART_GetInterfaceComPort
 .text.USBUART_DispatchCDCClassRqst
                0x000017dc       0x90 .\CortexM3\ARM_GCC_541\Release\UARTldr_QFN.a(USBUART_cdc.o)
                0x000017dc                USBUART_DispatchCDCClassRqst
 .text.USBUART_CDC_Init
                0x0000186c       0x70 .\CortexM3\ARM_GCC_541\Release\UARTldr_QFN.a(USBUART_cdc.o)
                0x0000186c                USBUART_CDC_Init
 .text.USBUART_Cdc_EpInit
                0x000018dc       0x50 .\CortexM3\ARM_GCC_541\Release\UARTldr_QFN.a(USBUART_cdc.o)
                0x000018dc                USBUART_Cdc_EpInit
 .text.USBUART_LoadEP0
                0x0000192c       0x8c .\CortexM3\ARM_GCC_541\Release\UARTldr_QFN.a(USBUART_drv.o)
                0x0000192c                USBUART_LoadEP0
 .text.USBUART_InitZeroLengthControlTransfer
                0x000019b8       0x34 .\CortexM3\ARM_GCC_541\Release\UARTldr_QFN.a(USBUART_drv.o)
                0x000019b8                USBUART_InitZeroLengthControlTransfer
 .text.USBUART_ControlWriteDataStage
                0x000019ec       0x78 .\CortexM3\ARM_GCC_541\Release\UARTldr_QFN.a(USBUART_drv.o)
                0x000019ec                USBUART_ControlWriteDataStage
 .text.USBUART_InitNoDataControlTransfer
                0x00001a64       0x2c .\CortexM3\ARM_GCC_541\Release\UARTldr_QFN.a(USBUART_drv.o)
                0x00001a64                USBUART_InitNoDataControlTransfer
 .text.USBUART_UpdateStatusBlock
                0x00001a90       0x20 .\CortexM3\ARM_GCC_541\Release\UARTldr_QFN.a(USBUART_drv.o)
                0x00001a90                USBUART_UpdateStatusBlock
 .text.USBUART_HandleSetup
                0x00001ab0       0x58 .\CortexM3\ARM_GCC_541\Release\UARTldr_QFN.a(USBUART_drv.o)
                0x00001ab0                USBUART_HandleSetup
 .text.USBUART_ControlReadStatusStage
                0x00001b08       0x34 .\CortexM3\ARM_GCC_541\Release\UARTldr_QFN.a(USBUART_drv.o)
                0x00001b08                USBUART_ControlReadStatusStage
 .text.USBUART_HandleOUT
                0x00001b3c       0x3c .\CortexM3\ARM_GCC_541\Release\UARTldr_QFN.a(USBUART_drv.o)
                0x00001b3c                USBUART_HandleOUT
 .text.USBUART_ControlWriteStatusStage
                0x00001b78       0x20 .\CortexM3\ARM_GCC_541\Release\UARTldr_QFN.a(USBUART_drv.o)
                0x00001b78                USBUART_ControlWriteStatusStage
 .text.USBUART_NoDataControlStatusStage
                0x00001b98       0x3c .\CortexM3\ARM_GCC_541\Release\UARTldr_QFN.a(USBUART_drv.o)
                0x00001b98                USBUART_NoDataControlStatusStage
 .text.USBUART_HandleIN
                0x00001bd4       0x24 .\CortexM3\ARM_GCC_541\Release\UARTldr_QFN.a(USBUART_drv.o)
                0x00001bd4                USBUART_HandleIN
 .text.USBUART_EP_0_ISR
                0x00001bf8       0x8c .\CortexM3\ARM_GCC_541\Release\UARTldr_QFN.a(USBUART_drv.o)
                0x00001bf8                USBUART_EP_0_ISR
 .text.USBUART_InitializeStatusBlock
                0x00001c84       0x20 .\CortexM3\ARM_GCC_541\Release\UARTldr_QFN.a(USBUART_drv.o)
                0x00001c84                USBUART_InitializeStatusBlock
 .text.USBUART_InitControlRead
                0x00001ca4       0x4c .\CortexM3\ARM_GCC_541\Release\UARTldr_QFN.a(USBUART_drv.o)
                0x00001ca4                USBUART_InitControlRead
 .text.USBUART_InitControlWrite
                0x00001cf0       0x48 .\CortexM3\ARM_GCC_541\Release\UARTldr_QFN.a(USBUART_drv.o)
                0x00001cf0                USBUART_InitControlWrite
 .text.USBUART_EP_1_ISR
                0x00001d38       0x2c .\CortexM3\ARM_GCC_541\Release\UARTldr_QFN.a(USBUART_episr.o)
                0x00001d38                USBUART_EP_1_ISR
 .text.USBUART_EP_2_ISR
                0x00001d64       0x30 .\CortexM3\ARM_GCC_541\Release\UARTldr_QFN.a(USBUART_episr.o)
                0x00001d64                USBUART_EP_2_ISR
 .text.USBUART_EP_3_ISR
                0x00001d94       0x38 .\CortexM3\ARM_GCC_541\Release\UARTldr_QFN.a(USBUART_episr.o)
                0x00001d94                USBUART_EP_3_ISR
 .text.USBUART_SOF_ISR
                0x00001dcc        0x2 .\CortexM3\ARM_GCC_541\Release\UARTldr_QFN.a(USBUART_episr.o)
                0x00001dcc                USBUART_SOF_ISR
 .text.USBUART_BUS_RESET_ISR
                0x00001dce        0x4 .\CortexM3\ARM_GCC_541\Release\UARTldr_QFN.a(USBUART_episr.o)
                0x00001dce                USBUART_BUS_RESET_ISR
 .text.USBUART_DP_ISR
                0x00001dd2        0x4 .\CortexM3\ARM_GCC_541\Release\UARTldr_QFN.a(USBUART_pm.o)
                0x00001dd2                USBUART_DP_ISR
 *fill*         0x00001dd6        0x2 
 .text.USBUART_ReadDieID
                0x00001dd8       0x6c .\CortexM3\ARM_GCC_541\Release\UARTldr_QFN.a(USBUART_std.o)
                0x00001dd8                USBUART_ReadDieID
 .text.USBUART_ConfigReg
                0x00001e44       0x80 .\CortexM3\ARM_GCC_541\Release\UARTldr_QFN.a(USBUART_std.o)
                0x00001e44                USBUART_ConfigReg
 .text.USBUART_GetConfigTablePtr
                0x00001ec4       0x24 .\CortexM3\ARM_GCC_541\Release\UARTldr_QFN.a(USBUART_std.o)
                0x00001ec4                USBUART_GetConfigTablePtr
 .text.USBUART_ConfigAltChanged
                0x00001ee8      0x128 .\CortexM3\ARM_GCC_541\Release\UARTldr_QFN.a(USBUART_std.o)
                0x00001ee8                USBUART_ConfigAltChanged
 .text.USBUART_GetInterfaceClassTablePtr
                0x00002010       0x20 .\CortexM3\ARM_GCC_541\Release\UARTldr_QFN.a(USBUART_std.o)
                0x00002010                USBUART_GetInterfaceClassTablePtr
 .text.USBUART_Config
                0x00002030      0x174 .\CortexM3\ARM_GCC_541\Release\UARTldr_QFN.a(USBUART_std.o)
                0x00002030                USBUART_Config
 .text.USBUART_SetEndpointHalt
                0x000021a4       0x54 .\CortexM3\ARM_GCC_541\Release\UARTldr_QFN.a(USBUART_std.o)
                0x000021a4                USBUART_SetEndpointHalt
 .text.USBUART_ClearEndpointHalt
                0x000021f8       0x74 .\CortexM3\ARM_GCC_541\Release\UARTldr_QFN.a(USBUART_std.o)
                0x000021f8                USBUART_ClearEndpointHalt
 .text.USBUART_ValidateAlternateSetting
                0x0000226c       0x48 .\CortexM3\ARM_GCC_541\Release\UARTldr_QFN.a(USBUART_std.o)
                0x0000226c                USBUART_ValidateAlternateSetting
 .text.USBUART_HandleStandardRqst
                0x000022b4      0x274 .\CortexM3\ARM_GCC_541\Release\UARTldr_QFN.a(USBUART_std.o)
                0x000022b4                USBUART_HandleStandardRqst
 .text.USBUART_HandleVendorRqst
                0x00002528       0x2c .\CortexM3\ARM_GCC_541\Release\UARTldr_QFN.a(USBUART_vnd.o)
                0x00002528                USBUART_HandleVendorRqst
 .text.safe_state_Write
                0x00002554        0xc .\CortexM3\ARM_GCC_541\Release\UARTldr_QFN.a(safe_state.o)
                0x00002554                safe_state_Write
 .text.safe_reg_Read
                0x00002560        0xc .\CortexM3\ARM_GCC_541\Release\UARTldr_QFN.a(safe_reg.o)
                0x00002560                safe_reg_Read
 .text.Mantmr_Enable
                0x0000256c       0x10 .\CortexM3\ARM_GCC_541\Release\UARTldr_QFN.a(Mantmr.o)
                0x0000256c                Mantmr_Enable
 .text.Mantmr_ClearFIFO
                0x0000257c       0x18 .\CortexM3\ARM_GCC_541\Release\UARTldr_QFN.a(Mantmr.o)
                0x0000257c                Mantmr_ClearFIFO
 .text.Mantmr_Init
                0x00002594       0x4c .\CortexM3\ARM_GCC_541\Release\UARTldr_QFN.a(Mantmr.o)
                0x00002594                Mantmr_Init
 .text.Mantmr_Start
                0x000025e0       0x1c .\CortexM3\ARM_GCC_541\Release\UARTldr_QFN.a(Mantmr.o)
                0x000025e0                Mantmr_Start
 .text.Mantmr_WritePeriod
                0x000025fc        0xc .\CortexM3\ARM_GCC_541\Release\UARTldr_QFN.a(Mantmr.o)
                0x000025fc                Mantmr_WritePeriod
 .text.USBUART_Dp_ClearInterrupt
                0x00002608       0x10 .\CortexM3\ARM_GCC_541\Release\UARTldr_QFN.a(USBUART_Dp.o)
                0x00002608                USBUART_Dp_ClearInterrupt
 .text.CySetTemp
                0x00002618       0x94 .\CortexM3\ARM_GCC_541\Release\UARTldr_QFN.a(CyFlash.o)
                0x00002618                CySetTemp
 .text.CyWriteRowFull
                0x000026ac       0xcc .\CortexM3\ARM_GCC_541\Release\UARTldr_QFN.a(CyFlash.o)
                0x000026ac                CyWriteRowFull
 .text.CyEEPROM_Start
                0x00002778       0x50 .\CortexM3\ARM_GCC_541\Release\UARTldr_QFN.a(CyFlash.o)
                0x00002778                CyEEPROM_Start
 .text.CyEEPROM_ReadReserve
                0x000027c8       0x18 .\CortexM3\ARM_GCC_541\Release\UARTldr_QFN.a(CyFlash.o)
                0x000027c8                CyEEPROM_ReadReserve
 .text.CyEEPROM_ReadRelease
                0x000027e0       0x10 .\CortexM3\ARM_GCC_541\Release\UARTldr_QFN.a(CyFlash.o)
                0x000027e0                CyEEPROM_ReadRelease
 .text.CyHalt   0x000027f0        0x4 .\CortexM3\ARM_GCC_541\Release\UARTldr_QFN.a(CyLib.o)
                0x000027f0                CyHalt
 .text.CySoftwareReset
                0x000027f4       0x10 .\CortexM3\ARM_GCC_541\Release\UARTldr_QFN.a(CyLib.o)
                0x000027f4                CySoftwareReset
 .text.CyDelay  0x00002804       0x2c .\CortexM3\ARM_GCC_541\Release\UARTldr_QFN.a(CyLib.o)
                0x00002804                CyDelay
 .text.CyDelayUs
                0x00002830       0x10 .\CortexM3\ARM_GCC_541\Release\UARTldr_QFN.a(CyLib.o)
                0x00002830                CyDelayUs
 .text.CyFlushCache
                0x00002840       0x44 .\CortexM3\ARM_GCC_541\Release\UARTldr_QFN.a(CyLib.o)
                0x00002840                CyFlushCache
 .text.CyIntSetVector
                0x00002884       0x1c .\CortexM3\ARM_GCC_541\Release\UARTldr_QFN.a(CyLib.o)
                0x00002884                CyIntSetVector
 .text.CyIntSetPriority
                0x000028a0       0x14 .\CortexM3\ARM_GCC_541\Release\UARTldr_QFN.a(CyLib.o)
                0x000028a0                CyIntSetPriority
 .text.CyGetUniqueId
                0x000028b4       0x70 .\CortexM3\ARM_GCC_541\Release\UARTldr_QFN.a(CyLib.o)
                0x000028b4                CyGetUniqueId
 .text.CySpcStart
                0x00002924       0x24 .\CortexM3\ARM_GCC_541\Release\UARTldr_QFN.a(CySpc.o)
                0x00002924                CySpcStart
 .text.CySpcReadData
                0x00002948       0x3c .\CortexM3\ARM_GCC_541\Release\UARTldr_QFN.a(CySpc.o)
                0x00002948                CySpcReadData
 .text.CySpcLoadRowFull
                0x00002984       0x6c .\CortexM3\ARM_GCC_541\Release\UARTldr_QFN.a(CySpc.o)
                0x00002984                CySpcLoadRowFull
 .text.CySpcWriteRow
                0x000029f0       0x40 .\CortexM3\ARM_GCC_541\Release\UARTldr_QFN.a(CySpc.o)
                0x000029f0                CySpcWriteRow
 .text.CySpcGetTemp
                0x00002a30       0x34 .\CortexM3\ARM_GCC_541\Release\UARTldr_QFN.a(CySpc.o)
                0x00002a30                CySpcGetTemp
 .text.CySpcLock
                0x00002a64       0x40 .\CortexM3\ARM_GCC_541\Release\UARTldr_QFN.a(CySpc.o)
                0x00002a64                CySpcLock
 .text.CySpcUnlock
                0x00002aa4       0x34 .\CortexM3\ARM_GCC_541\Release\UARTldr_QFN.a(CySpc.o)
                0x00002aa4                CySpcUnlock
 .text.CySpcGetAlgorithm
                0x00002ad8       0x28 .\CortexM3\ARM_GCC_541\Release\UARTldr_QFN.a(CySpc.o)
                0x00002ad8                CySpcGetAlgorithm
 .text          0x00002b00       0x20 .\CortexM3\ARM_GCC_541\Release\UARTldr_QFN.a(CyBootAsmGnu.o)
                0x00002b00                CyDelayCycles
                0x00002b10                CyEnterCriticalSection
                0x00002b18                CyExitCriticalSection
 .text.USBUART_DispatchClassRqst
                0x00002b20       0x4c .\CortexM3\ARM_GCC_541\Release\UARTldr_QFN.a(USBUART_cls.o)
                0x00002b20                USBUART_DispatchClassRqst
 *fill*         0x00002b6c        0x4 
 .text.ceil     0x00002b70      0x110 c:/program files (x86)/cypress/psoc creator/4.4/psoc creator/import/gnu/arm/5.4.1/bin/../lib/gcc/arm-none-eabi/5.4.1/../../../../arm-none-eabi/lib/armv7-m\libm.a(lib_a-s_ceil.o)
                0x00002b70                ceil
 .text.floor    0x00002c80      0x110 c:/program files (x86)/cypress/psoc creator/4.4/psoc creator/import/gnu/arm/5.4.1/bin/../lib/gcc/arm-none-eabi/5.4.1/../../../../arm-none-eabi/lib/armv7-m\libm.a(lib_a-s_floor.o)
                0x00002c80                floor
 .text          0x00002d90      0x370 c:/program files (x86)/cypress/psoc creator/4.4/psoc creator/import/gnu/arm/5.4.1/bin/../lib/gcc/arm-none-eabi/5.4.1/armv7-m\libgcc.a(_arm_addsubdf3.o)
                0x00002d90                __aeabi_drsub
                0x00002d98                __aeabi_dsub
                0x00002d98                __subdf3
                0x00002d9c                __aeabi_dadd
                0x00002d9c                __adddf3
                0x00003014                __floatunsidf
                0x00003014                __aeabi_ui2d
                0x00003034                __floatsidf
                0x00003034                __aeabi_i2d
                0x00003058                __aeabi_f2d
                0x00003058                __extendsfdf2
                0x00003094                __floatundidf
                0x00003094                __aeabi_ul2d
                0x000030a4                __floatdidf
                0x000030a4                __aeabi_l2d
 .text          0x00003100      0x424 c:/program files (x86)/cypress/psoc creator/4.4/psoc creator/import/gnu/arm/5.4.1/bin/../lib/gcc/arm-none-eabi/5.4.1/armv7-m\libgcc.a(_arm_muldivdf3.o)
                0x00003100                __aeabi_dmul
                0x00003100                __muldf3
                0x00003354                __divdf3
                0x00003354                __aeabi_ddiv
 .text          0x00003524      0x110 c:/program files (x86)/cypress/psoc creator/4.4/psoc creator/import/gnu/arm/5.4.1/bin/../lib/gcc/arm-none-eabi/5.4.1/armv7-m\libgcc.a(_arm_cmpdf2.o)
                0x00003524                __gtdf2
                0x00003524                __gedf2
                0x0000352c                __ltdf2
                0x0000352c                __ledf2
                0x00003534                __nedf2
                0x00003534                __eqdf2
                0x00003534                __cmpdf2
                0x000035b0                __aeabi_cdrcmple
                0x000035c0                __aeabi_cdcmpeq
                0x000035c0                __aeabi_cdcmple
                0x000035d0                __aeabi_dcmpeq
                0x000035e4                __aeabi_dcmplt
                0x000035f8                __aeabi_dcmple
                0x0000360c                __aeabi_dcmpge
                0x00003620                __aeabi_dcmpgt
 .text          0x00003634       0x40 c:/program files (x86)/cypress/psoc creator/4.4/psoc creator/import/gnu/arm/5.4.1/bin/../lib/gcc/arm-none-eabi/5.4.1/armv7-m\libgcc.a(_arm_fixunsdfsi.o)
                0x00003634                __aeabi_d2uiz
                0x00003634                __fixunsdfsi
 .text          0x00003674      0x21c c:/program files (x86)/cypress/psoc creator/4.4/psoc creator/import/gnu/arm/5.4.1/bin/../lib/gcc/arm-none-eabi/5.4.1/armv7-m\libgcc.a(_arm_addsubsf3.o)
                0x00003674                __aeabi_frsub
                0x0000367c                __subsf3
                0x0000367c                __aeabi_fsub
                0x00003680                __aeabi_fadd
                0x00003680                __addsf3
                0x000037e0                __aeabi_ui2f
                0x000037e0                __floatunsisf
                0x000037e8                __aeabi_i2f
                0x000037e8                __floatsisf
                0x00003804                __aeabi_ul2f
                0x00003804                __floatundisf
                0x00003814                __aeabi_l2f
                0x00003814                __floatdisf
 .text          0x00003890      0x2a0 c:/program files (x86)/cypress/psoc creator/4.4/psoc creator/import/gnu/arm/5.4.1/bin/../lib/gcc/arm-none-eabi/5.4.1/armv7-m\libgcc.a(_arm_muldivsf3.o)
                0x00003890                __mulsf3
                0x00003890                __aeabi_fmul
                0x000039f8                __aeabi_fdiv
                0x000039f8                __divsf3
 .text          0x00003b30       0xec c:/program files (x86)/cypress/psoc creator/4.4/psoc creator/import/gnu/arm/5.4.1/bin/../lib/gcc/arm-none-eabi/5.4.1/armv7-m\libgcc.a(_arm_cmpsf2.o)
                0x00003b30                __gesf2
                0x00003b30                __gtsf2
                0x00003b38                __lesf2
                0x00003b38                __ltsf2
                0x00003b40                __nesf2
                0x00003b40                __eqsf2
                0x00003b40                __cmpsf2
                0x00003ba0                __aeabi_cfrcmple
                0x00003ba8                __aeabi_cfcmpeq
                0x00003ba8                __aeabi_cfcmple
                0x00003bb8                __aeabi_fcmpeq
                0x00003bcc                __aeabi_fcmplt
                0x00003be0                __aeabi_fcmple
                0x00003bf4                __aeabi_fcmpge
                0x00003c08                __aeabi_fcmpgt
 .text.__errno  0x00003c1c        0xc c:/program files (x86)/cypress/psoc creator/4.4/psoc creator/import/gnu/arm/5.4.1/bin/../lib/gcc/arm-none-eabi/5.4.1/../../../../arm-none-eabi/lib/armv7-m\libg_nano.a(lib_a-errno.o)
                0x00003c1c                __errno
 .text.__libc_init_array
                0x00003c28       0x4c c:/program files (x86)/cypress/psoc creator/4.4/psoc creator/import/gnu/arm/5.4.1/bin/../lib/gcc/arm-none-eabi/5.4.1/../../../../arm-none-eabi/lib/armv7-m\libg_nano.a(lib_a-init.o)
                0x00003c28                __libc_init_array
 .text.memcpy   0x00003c74       0x16 c:/program files (x86)/cypress/psoc creator/4.4/psoc creator/import/gnu/arm/5.4.1/bin/../lib/gcc/arm-none-eabi/5.4.1/../../../../arm-none-eabi/lib/armv7-m\libg_nano.a(lib_a-memcpy-stub.o)
                0x00003c74                memcpy
 .text.memset   0x00003c8a       0x10 c:/program files (x86)/cypress/psoc creator/4.4/psoc creator/import/gnu/arm/5.4.1/bin/../lib/gcc/arm-none-eabi/5.4.1/../../../../arm-none-eabi/lib/armv7-m\libg_nano.a(lib_a-memset.o)
                0x00003c8a                memset
 *(.plt)
 *(.gnu.warning)
 *(.glue_7t)
 .glue_7t       0x00003c9a        0x0 linker stubs
 *(.glue_7)
 .glue_7        0x00003c9a        0x0 linker stubs
 *(.vfp11_veneer)
 .vfp11_veneer  0x00003c9a        0x0 linker stubs
 *(.bootloader)
 *fill*         0x00003c9a        0x2 
 .bootloader    0x00003c9c        0x5 .\CortexM3\ARM_GCC_541\Release\Bootloader.o
                0x00003c9c                Bootloader_SizeBytes
                0x00003ca0                Bootloader_Checksum
 *(.ARM.extab* .gnu.linkonce.armextab.*)
 *(.gcc_except_table)

.v4_bx          0x00003ca4        0x0
 .v4_bx         0x00003ca4        0x0 linker stubs

.iplt           0x00003ca4        0x0
 .iplt          0x00003ca4        0x0 c:/program files (x86)/cypress/psoc creator/4.4/psoc creator/import/gnu/arm/5.4.1/bin/../lib/gcc/arm-none-eabi/5.4.1/armv7-m/crtbegin.o

.eh_frame_hdr
 *(.eh_frame_hdr)

.eh_frame       0x00003ca4        0x4
 *(.eh_frame)
 .eh_frame      0x00003ca4        0x0 c:/program files (x86)/cypress/psoc creator/4.4/psoc creator/import/gnu/arm/5.4.1/bin/../lib/gcc/arm-none-eabi/5.4.1/armv7-m/crtbegin.o
 .eh_frame      0x00003ca4        0x4 c:/program files (x86)/cypress/psoc creator/4.4/psoc creator/import/gnu/arm/5.4.1/bin/../lib/gcc/arm-none-eabi/5.4.1/armv7-m/crtend.o
                [!provide]                PROVIDE (__exidx_start, .)

.ARM.exidx
 *(.ARM.exidx* .gnu.linkonce.armexidx.*)
                0x00003ca8                __exidx_end = .

.rodata         0x00003ca8      0x798
 *(.rodata .rodata.* .gnu.linkonce.r.*)
 .rodata        0x00003ca8        0x8 .\CortexM3\ARM_GCC_541\Release\Bootloader.o
 .rodata.str1.1
                0x00003cb0       0x1b .\CortexM3\ARM_GCC_541\Release\main.o
 *fill*         0x00003ccb        0x1 
 .rodata        0x00003ccc      0x590 .\CortexM3\ARM_GCC_541\Release\cyfitter_cfg.o
 .rodata.str1.1
                0x0000425c       0x11 .\CortexM3\ARM_GCC_541\Release\UARTldr_QFN.a(USBUART_std.o)
 *fill*         0x0000426d        0x3 
 .rodata        0x00004270      0x194 .\CortexM3\ARM_GCC_541\Release\UARTldr_QFN.a(USBUART_descr.o)
                0x00004270                USBUART_MSOS_CONFIGURATION_DESCR
                0x00004298                USBUART_MSOS_DESCRIPTOR
                0x000042ac                USBUART_TABLE
                0x000042b4                USBUART_DEVICE0_TABLE
                0x000042cc                USBUART_DEVICE0_CONFIGURATION0_TABLE
                0x000042f4                USBUART_DEVICE0_CONFIGURATION0_INTERFACE_CLASS
                0x000042f6                USBUART_DEVICE0_CONFIGURATION0_EP_SETTINGS_TABLE
                0x0000430e                USBUART_SN_STRING_DESCRIPTOR
                0x00004310                USBUART_STRING_DESCRIPTORS
                0x000043af                USBUART_DEVICE0_CONFIGURATION0_DESCR
                0x000043f2                USBUART_DEVICE0_DESCR
 .rodata.str1.1
                0x00004404        0x2 c:/program files (x86)/cypress/psoc creator/4.4/psoc creator/import/gnu/arm/5.4.1/bin/../lib/gcc/arm-none-eabi/5.4.1/../../../../arm-none-eabi/lib/armv7-m\libg_nano.a(lib_a-impure.o)
                0x00004408                . = ALIGN (0x4)
 *fill*         0x00004406        0x2 
 *(.init)
 .init          0x00004408        0x4 c:/program files (x86)/cypress/psoc creator/4.4/psoc creator/import/gnu/arm/5.4.1/bin/../lib/gcc/arm-none-eabi/5.4.1/armv7-m/crti.o
                0x00004408                _init
 .init          0x0000440c        0x8 c:/program files (x86)/cypress/psoc creator/4.4/psoc creator/import/gnu/arm/5.4.1/bin/../lib/gcc/arm-none-eabi/5.4.1/armv7-m/crtn.o
                0x00004414                . = ALIGN (0x4)
                0x00004414                __preinit_array_start = .
 *(.preinit_array)
                0x00004414                __preinit_array_end = .
                0x00004414                . = ALIGN (0x4)
                0x00004414                __init_array_start = .
 *(SORT(.init_array.*))
 *(.init_array)
 .init_array    0x00004414        0x4 c:/program files (x86)/cypress/psoc creator/4.4/psoc creator/import/gnu/arm/5.4.1/bin/../lib/gcc/arm-none-eabi/5.4.1/armv7-m/crtbegin.o
 .init_array    0x00004418        0x4 .\CortexM3\ARM_GCC_541\Release\Cm3Start.o
                0x0000441c                __init_array_end = .
                0x0000441c                . = ALIGN (0x4)
 *(.fini)
 .fini          0x0000441c        0x4 c:/program files (x86)/cypress/psoc creator/4.4/psoc creator/import/gnu/arm/5.4.1/bin/../lib/gcc/arm-none-eabi/5.4.1/armv7-m/crti.o
                0x0000441c                _fini
 .fini          0x00004420        0x8 c:/program files (x86)/cypress/psoc creator/4.4/psoc creator/import/gnu/arm/5.4.1/bin/../lib/gcc/arm-none-eabi/5.4.1/armv7-m/crtn.o
                0x00004428                . = ALIGN (0x4)
                0x00004428                __fini_array_start = .
 *(.fini_array)
 .fini_array    0x00004428        0x4 c:/program files (x86)/cypress/psoc creator/4.4/psoc creator/import/gnu/arm/5.4.1/bin/../lib/gcc/arm-none-eabi/5.4.1/armv7-m/crtbegin.o
 *(SORT(.fini_array.*))
                0x0000442c                __fini_array_end = .
                0x0000442c                . = ALIGN (0x4)
 *crtbegin.o(.ctors)
 *(EXCLUDE_FILE(*crtend.o) .ctors)
 *(SORT(.ctors.*))
 *crtend.o(.ctors)
                0x0000442c                . = ALIGN (0x4)
 *crtbegin.o(.dtors)
 *(EXCLUDE_FILE(*crtend.o) .dtors)
 *(SORT(.dtors.*))
 *crtend.o(.dtors)
                0x0000442c                . = ALIGN (0x4)
                0x0000442c                __cy_regions = .
                0x0000442c        0x4 LONG 0x4440 __cy_region_init_ram
                0x00004430        0x4 LONG 0x1fff80c8 __cy_region_start_data
                0x00004434        0x4 LONG 0xc8 __cy_region_init_size_ram
                0x00004438        0x4 LONG 0x908 __cy_region_zero_size_ram
                0x0000443c                __cy_regions_end = .
                0x00004440                . = ALIGN (0x8)
 *fill*         0x0000443c        0x4 
                0x00004440                _etext = .

.cy_checksum_exclude
                0x00004440        0x0
 *(.cy_checksum_exclude)

.ramvectors     0x1fff8000       0xc0
                0x1fff8000                __cy_region_start_ram = .
 *(.ramvectors)
 .ramvectors    0x1fff8000       0xc0 .\CortexM3\ARM_GCC_541\Release\Cm3Start.o
                0x1fff8000                CyRamVectors

.noinit         0x1fff80c0        0x1
 *(.noinit)
 .noinit        0x1fff80c0        0x1 .\CortexM3\ARM_GCC_541\Release\UARTldr_QFN.a(CyLib.o)
                0x1fff80c0                CyResetStatus

.data           0x1fff80c8       0xc8 load address 0x00004440
                0x1fff80c8                __cy_region_start_data = .
 *(.jcr)
 .jcr           0x1fff80c8        0x0 c:/program files (x86)/cypress/psoc creator/4.4/psoc creator/import/gnu/arm/5.4.1/bin/../lib/gcc/arm-none-eabi/5.4.1/armv7-m/crtbegin.o
 .jcr           0x1fff80c8        0x4 c:/program files (x86)/cypress/psoc creator/4.4/psoc creator/import/gnu/arm/5.4.1/bin/../lib/gcc/arm-none-eabi/5.4.1/armv7-m/crtend.o
 *(.got.plt)
 *(.got)
 *(.shdata)
 *(.data .data.* .gnu.linkonce.d.*)
 .data          0x1fff80cc        0x8 .\CortexM3\ARM_GCC_541\Release\Bootloader.o
                0x1fff80cc                Bootloader_SizeBytesAccess
                0x1fff80d0                Bootloader_ChecksumAccess
 .data          0x1fff80d4       0x30 .\CortexM3\ARM_GCC_541\Release\main.o
                0x1fff80d4                confparam
 .data          0x1fff8104       0x18 .\CortexM3\ARM_GCC_541\Release\UARTldr_QFN.a(USBUART_cdc.o)
                0x1fff8104                USBUART_linesCoding
 .data          0x1fff811c       0x10 .\CortexM3\ARM_GCC_541\Release\UARTldr_QFN.a(CyLib.o)
                0x1fff811c                cydelay_32k_ms
                0x1fff8120                cydelay_freq_khz
                0x1fff8124                cydelay_freq_mhz
                0x1fff8128                cydelay_freq_hz
 .data.impure_data
                0x1fff812c       0x60 c:/program files (x86)/cypress/psoc creator/4.4/psoc creator/import/gnu/arm/5.4.1/bin/../lib/gcc/arm-none-eabi/5.4.1/../../../../arm-none-eabi/lib/armv7-m\libg_nano.a(lib_a-impure.o)
 .data._impure_ptr
                0x1fff818c        0x4 c:/program files (x86)/cypress/psoc creator/4.4/psoc creator/import/gnu/arm/5.4.1/bin/../lib/gcc/arm-none-eabi/5.4.1/../../../../arm-none-eabi/lib/armv7-m\libg_nano.a(lib_a-impure.o)
                0x1fff818c                _impure_ptr
                0x1fff8190                . = ALIGN (0x8)
 *(.ram)
                0x1fff8190                _edata = .

.igot.plt       0x1fff8190        0x0 load address 0x00004508
 .igot.plt      0x1fff8190        0x0 c:/program files (x86)/cypress/psoc creator/4.4/psoc creator/import/gnu/arm/5.4.1/bin/../lib/gcc/arm-none-eabi/5.4.1/armv7-m/crtbegin.o

.bss            0x1fff8190      0x908 load address 0x00004508
                0x1fff8190                PROVIDE (__bss_start__, .)
 *(.shbss)
 *(.bss .bss.* .gnu.linkonce.b.*)
 .bss           0x1fff8190       0x1c c:/program files (x86)/cypress/psoc creator/4.4/psoc creator/import/gnu/arm/5.4.1/bin/../lib/gcc/arm-none-eabi/5.4.1/armv7-m/crtbegin.o
 .bss           0x1fff81ac        0x5 .\CortexM3\ARM_GCC_541\Release\Bootloader.o
                0x1fff81b0                com_type
 .bss           0x1fff81b1        0x9 .\CortexM3\ARM_GCC_541\Release\UART.o
                0x1fff81b1                UART_errorStatus
                0x1fff81b2                UART_initVar
                0x1fff81b3                UART_rxBufferRead
                0x1fff81b4                UART_rxBufferWrite
                0x1fff81b5                UART_rxBufferLoopDetect
                0x1fff81b6                UART_rxBufferOverflow
                0x1fff81b7                UART_txBufferRead
                0x1fff81b8                UART_txBufferWrite
 .bss           0x1fff81ba        0x1 .\CortexM3\ARM_GCC_541\Release\UART_BOOT.o
 .bss           0x1fff81bb        0x1 .\CortexM3\ARM_GCC_541\Release\UARTldr_QFN.a(USBUART.o)
                0x1fff81bb                USBUART_initVar
 .bss           0x1fff81bc        0x1 .\CortexM3\ARM_GCC_541\Release\UARTldr_QFN.a(USBUART_cdc.o)
 .bss           0x1fff81bd        0x2 .\CortexM3\ARM_GCC_541\Release\UARTldr_QFN.a(USBUART_std.o)
 .bss           0x1fff81bf        0x1 .\CortexM3\ARM_GCC_541\Release\UARTldr_QFN.a(Mantmr.o)
                0x1fff81bf                Mantmr_initVar
 .bss           0x1fff81c0        0x8 .\CortexM3\ARM_GCC_541\Release\UARTldr_QFN.a(CySpc.o)
                0x1fff81c0                SpcLockState
 *(COMMON)
 COMMON         0x1fff81c8        0x8 .\CortexM3\ARM_GCC_541\Release\main.o
                0x1fff81c8                configuration
 COMMON         0x1fff81d0      0x800 .\CortexM3\ARM_GCC_541\Release\UART.o
                0x1fff81d0                UART_rxBuffer
                0x1fff85d0                UART_txBuffer
 COMMON         0x1fff89d0       0x10 .\CortexM3\ARM_GCC_541\Release\UARTldr_QFN.a(USBUART_cdc.o)
                0x1fff89d0                USBUART_linesChanged
                0x1fff89d2                USBUART_cdcDataInEp
                0x1fff89d4                USBUART_cdcCommInInterruptEp
                0x1fff89d6                USBUART_cdcDataOutEp
                0x1fff89d8                USBUART_serialStateBitmap
                0x1fff89dc                USBUART_linesControlBitmap
 COMMON         0x1fff89e0       0x93 .\CortexM3\ARM_GCC_541\Release\UARTldr_QFN.a(USBUART_drv.o)
                0x1fff89e0                USBUART_lastPacketSize
                0x1fff89e1                USBUART_device
                0x1fff89e2                USBUART_transferByteCount
                0x1fff89e4                USBUART_transferState
                0x1fff89e5                USBUART_interfaceSettingLast
                0x1fff89e8                USBUART_currentTD
                0x1fff89f4                USBUART_interfaceNumber
                0x1fff89f8                USBUART_interfaceClass
                0x1fff89fc                USBUART_configurationChanged
                0x1fff89fd                USBUART_ep0Mode
                0x1fff89fe                USBUART_deviceAddress
                0x1fff89ff                USBUART_configuration
                0x1fff8a00                USBUART_ep0Count
                0x1fff8a01                USBUART_deviceStatus
                0x1fff8a02                USBUART_EP
                0x1fff8a6e                USBUART_interfaceSetting
                0x1fff8a70                USBUART_ep0Toggle
                0x1fff8a71                USBUART_interfaceStatus
 COMMON         0x1fff8a73        0x2 .\CortexM3\ARM_GCC_541\Release\UARTldr_QFN.a(CyFlash.o)
                0x1fff8a73                dieTemperature
 COMMON         0x1fff8a75       0x22 .\CortexM3\ARM_GCC_541\Release\UARTldr_QFN.a(USBUART_descr.o)
                0x1fff8a75                USBUART_idSerialNumberStringDescriptor
                0x1fff8a98                . = ALIGN (0x8)
 *fill*         0x1fff8a97        0x1 
 *(.ram.b)
                0x1fff8a98                _end = .
                0x1fff8a98                __end = .
                0x1fff8a98                PROVIDE (end, .)
                0x1fff8a98                PROVIDE (__bss_end__, .)
                0x00004440                __cy_region_init_ram = LOADADDR (.data)
                0x000000c8                __cy_region_init_size_ram = (_edata - ADDR (.data))
                0x00000908                __cy_region_zero_size_ram = (_end - _edata)

.heap           0x1fff8a98       0x80 load address 0x00004508
                0x1fff8a98                . = _end
                0x1fff8b18                . = (. + 0x80)
 *fill*         0x1fff8a98       0x80 
                0x1fff8b18                __cy_heap_limit = .

.stack          0x20007800      0x800
                0x20007800                __cy_stack_limit = .
                0x20008000                . = (. + 0x800)
 *fill*         0x20007800      0x800 
                0x00000001                ASSERT ((__cy_stack_limit >= __cy_heap_limit), region RAM overflowed with stack)
                0x00000000                cy_checksum_exclude_size = (CY_APPL_LOADABLE == 0x1)?SIZEOF (.cy_checksum_exclude):0x0
                0x00000001                ASSERT ((cy_checksum_exclude_size <= CY_CHECKSUM_EXCLUDE_SIZE), CY_BOOT: Section .cy_checksum_exclude size exceedes specified limit.)

.cyloadermeta   0x0003ffc0       0x40
 *(.cyloadermeta)
 .cyloadermeta  0x0003ffc0       0x40 .\CortexM3\ARM_GCC_541\Release\cymetadata.o
                0x0003ffc0                cy_meta_loader

.cyloadablemeta
 *(.cyloadablemeta)

.cyconfigecc    0x80000000        0x1
 *(.cyconfigecc)
 .cyconfigecc   0x80000000        0x1 .\CortexM3\ARM_GCC_541\Release\cymetadata.o
                0x80000000                cy_meta_configecc

.cycustnvl      0x90000000        0x4
 *(.cycustnvl)
 .cycustnvl     0x90000000        0x4 .\CortexM3\ARM_GCC_541\Release\cymetadata.o
                0x90000000                cy_meta_custnvl

.cywolatch      0x90100000        0x4
 *(.cywolatch)
 .cywolatch     0x90100000        0x4 .\CortexM3\ARM_GCC_541\Release\cymetadata.o
                0x90100000                cy_meta_wonvl

.cyeeprom       0x90200000        0x0
 *(.cyeeprom)
                0x00000001                ASSERT ((. <= ((0x90200000 + ee_offset) + ee_size)), .cyeeprom data will not fit in EEPROM)

.cyflashprotect
                0x90400000      0x100
 *(.cyflashprotect)
 .cyflashprotect
                0x90400000      0x100 .\CortexM3\ARM_GCC_541\Release\cymetadata.o
                0x90400000                cy_meta_flashprotect

.cymeta         0x90500000        0xc
 *(.cymeta)
 .cymeta        0x90500000        0xc .\CortexM3\ARM_GCC_541\Release\cymetadata.o
                0x90500000                cy_metadata

.rel.dyn        0x00004508        0x0 load address 0x9050000c
 .rel.iplt      0x00004508        0x0 c:/program files (x86)/cypress/psoc creator/4.4/psoc creator/import/gnu/arm/5.4.1/bin/../lib/gcc/arm-none-eabi/5.4.1/armv7-m/crtbegin.o

.stab
 *(.stab)

.stabstr
 *(.stabstr)

.debug
 *(.debug)

.line
 *(.line)

.debug_srcinfo
 *(.debug_srcinfo)

.debug_sfnames
 *(.debug_sfnames)

.debug_aranges  0x00000000      0xcb0
 *(.debug_aranges)
 .debug_aranges
                0x00000000       0x68 .\CortexM3\ARM_GCC_541\Release\Bootloader.o
 .debug_aranges
                0x00000068       0x30 .\CortexM3\ARM_GCC_541\Release\main.o
 .debug_aranges
                0x00000098       0xe0 .\CortexM3\ARM_GCC_541\Release\UART.o
 .debug_aranges
                0x00000178       0x50 .\CortexM3\ARM_GCC_541\Release\UART_BOOT.o
 .debug_aranges
                0x000001c8       0x28 .\CortexM3\ARM_GCC_541\Release\UART_INT.o
 .debug_aranges
                0x000001f0       0x30 .\CortexM3\ARM_GCC_541\Release\UART_PM.o
 .debug_aranges
                0x00000220       0x28 .\CortexM3\ARM_GCC_541\Release\cli_basic.o
 .debug_aranges
                0x00000248       0x28 .\CortexM3\ARM_GCC_541\Release\cyfitter_cfg.o
 .debug_aranges
                0x00000270       0x18 .\CortexM3\ARM_GCC_541\Release\cymetadata.o
 .debug_aranges
                0x00000288       0x48 .\CortexM3\ARM_GCC_541\Release\Cm3Start.o
 .debug_aranges
                0x000002d0       0x70 .\CortexM3\ARM_GCC_541\Release\UARTldr_QFN.a(UART_CLK.o)
 .debug_aranges
                0x00000340       0x78 .\CortexM3\ARM_GCC_541\Release\UARTldr_QFN.a(EEPROM_1.o)
 .debug_aranges
                0x000003b8       0xc8 .\CortexM3\ARM_GCC_541\Release\UARTldr_QFN.a(USBUART.o)
 .debug_aranges
                0x00000480       0xe0 .\CortexM3\ARM_GCC_541\Release\UARTldr_QFN.a(USBUART_cdc.o)
 .debug_aranges
                0x00000560       0x98 .\CortexM3\ARM_GCC_541\Release\UARTldr_QFN.a(USBUART_drv.o)
 .debug_aranges
                0x000005f8       0x40 .\CortexM3\ARM_GCC_541\Release\UARTldr_QFN.a(USBUART_episr.o)
 .debug_aranges
                0x00000638       0x40 .\CortexM3\ARM_GCC_541\Release\UARTldr_QFN.a(USBUART_pm.o)
 .debug_aranges
                0x00000678       0x80 .\CortexM3\ARM_GCC_541\Release\UARTldr_QFN.a(USBUART_std.o)
 .debug_aranges
                0x000006f8       0x20 .\CortexM3\ARM_GCC_541\Release\UARTldr_QFN.a(USBUART_vnd.o)
 .debug_aranges
                0x00000718       0x28 .\CortexM3\ARM_GCC_541\Release\UARTldr_QFN.a(safe_state.o)
 .debug_aranges
                0x00000740       0x40 .\CortexM3\ARM_GCC_541\Release\UARTldr_QFN.a(safe_reg.o)
 .debug_aranges
                0x00000780       0x98 .\CortexM3\ARM_GCC_541\Release\UARTldr_QFN.a(Mantmr.o)
 .debug_aranges
                0x00000818       0x48 .\CortexM3\ARM_GCC_541\Release\UARTldr_QFN.a(USBUART_Dp.o)
 .debug_aranges
                0x00000860       0x70 .\CortexM3\ARM_GCC_541\Release\UARTldr_QFN.a(CyFlash.o)
 .debug_aranges
                0x000008d0      0x298 .\CortexM3\ARM_GCC_541\Release\UARTldr_QFN.a(CyLib.o)
 .debug_aranges
                0x00000b68       0x78 .\CortexM3\ARM_GCC_541\Release\UARTldr_QFN.a(cyPm.o)
 .debug_aranges
                0x00000be0       0x78 .\CortexM3\ARM_GCC_541\Release\UARTldr_QFN.a(CySpc.o)
 .debug_aranges
                0x00000c58       0x20 .\CortexM3\ARM_GCC_541\Release\UARTldr_QFN.a(CyBootAsmGnu.o)
 .debug_aranges
                0x00000c78       0x20 .\CortexM3\ARM_GCC_541\Release\UARTldr_QFN.a(USBUART_cls.o)
 .debug_aranges
                0x00000c98       0x18 .\CortexM3\ARM_GCC_541\Release\UARTldr_QFN.a(USBUART_descr.o)

.debug_pubnames
 *(.debug_pubnames)

.debug_info     0x00000000     0x9bd0
 *(.debug_info .gnu.linkonce.wi.*)
 .debug_info    0x00000000      0xd23 .\CortexM3\ARM_GCC_541\Release\Bootloader.o
 .debug_info    0x00000d23      0x410 .\CortexM3\ARM_GCC_541\Release\main.o
 .debug_info    0x00001133      0x73d .\CortexM3\ARM_GCC_541\Release\UART.o
 .debug_info    0x00001870      0x651 .\CortexM3\ARM_GCC_541\Release\UART_BOOT.o
 .debug_info    0x00001ec1      0x187 .\CortexM3\ARM_GCC_541\Release\UART_INT.o
 .debug_info    0x00002048      0x17c .\CortexM3\ARM_GCC_541\Release\UART_PM.o
 .debug_info    0x000021c4      0x306 .\CortexM3\ARM_GCC_541\Release\cli_basic.o
 .debug_info    0x000024ca      0x70c .\CortexM3\ARM_GCC_541\Release\cyfitter_cfg.o
 .debug_info    0x00002bd6      0x15a .\CortexM3\ARM_GCC_541\Release\cymetadata.o
 .debug_info    0x00002d30      0x3cb .\CortexM3\ARM_GCC_541\Release\Cm3Start.o
 .debug_info    0x000030fb      0x29d .\CortexM3\ARM_GCC_541\Release\UARTldr_QFN.a(UART_CLK.o)
 .debug_info    0x00003398      0x628 .\CortexM3\ARM_GCC_541\Release\UARTldr_QFN.a(EEPROM_1.o)
 .debug_info    0x000039c0      0x9c3 .\CortexM3\ARM_GCC_541\Release\UARTldr_QFN.a(USBUART.o)
 .debug_info    0x00004383      0xacd .\CortexM3\ARM_GCC_541\Release\UARTldr_QFN.a(USBUART_cdc.o)
 .debug_info    0x00004e50      0x699 .\CortexM3\ARM_GCC_541\Release\UARTldr_QFN.a(USBUART_drv.o)
 .debug_info    0x000054e9      0x254 .\CortexM3\ARM_GCC_541\Release\UARTldr_QFN.a(USBUART_episr.o)
 .debug_info    0x0000573d      0x2dd .\CortexM3\ARM_GCC_541\Release\UARTldr_QFN.a(USBUART_pm.o)
 .debug_info    0x00005a1a      0xb90 .\CortexM3\ARM_GCC_541\Release\UARTldr_QFN.a(USBUART_std.o)
 .debug_info    0x000065aa      0x1be .\CortexM3\ARM_GCC_541\Release\UARTldr_QFN.a(USBUART_vnd.o)
 .debug_info    0x00006768       0xd6 .\CortexM3\ARM_GCC_541\Release\UARTldr_QFN.a(safe_state.o)
 .debug_info    0x0000683e      0x17f .\CortexM3\ARM_GCC_541\Release\UARTldr_QFN.a(safe_reg.o)
 .debug_info    0x000069bd      0x3b3 .\CortexM3\ARM_GCC_541\Release\UARTldr_QFN.a(Mantmr.o)
 .debug_info    0x00006d70      0x174 .\CortexM3\ARM_GCC_541\Release\UARTldr_QFN.a(USBUART_Dp.o)
 .debug_info    0x00006ee4      0x610 .\CortexM3\ARM_GCC_541\Release\UARTldr_QFN.a(CyFlash.o)
 .debug_info    0x000074f4     0x1343 .\CortexM3\ARM_GCC_541\Release\UARTldr_QFN.a(CyLib.o)
 .debug_info    0x00008837      0x97e .\CortexM3\ARM_GCC_541\Release\UARTldr_QFN.a(cyPm.o)
 .debug_info    0x000091b5      0x4e9 .\CortexM3\ARM_GCC_541\Release\UARTldr_QFN.a(CySpc.o)
 .debug_info    0x0000969e       0x73 .\CortexM3\ARM_GCC_541\Release\UARTldr_QFN.a(CyBootAsmGnu.o)
 .debug_info    0x00009711      0x1de .\CortexM3\ARM_GCC_541\Release\UARTldr_QFN.a(USBUART_cls.o)
 .debug_info    0x000098ef      0x2e1 .\CortexM3\ARM_GCC_541\Release\UARTldr_QFN.a(USBUART_descr.o)

.debug_abbrev   0x00000000     0x2cb6
 *(.debug_abbrev)
 .debug_abbrev  0x00000000      0x27b .\CortexM3\ARM_GCC_541\Release\Bootloader.o
 .debug_abbrev  0x0000027b      0x16b .\CortexM3\ARM_GCC_541\Release\main.o
 .debug_abbrev  0x000003e6      0x1c4 .\CortexM3\ARM_GCC_541\Release\UART.o
 .debug_abbrev  0x000005aa      0x168 .\CortexM3\ARM_GCC_541\Release\UART_BOOT.o
 .debug_abbrev  0x00000712       0xa2 .\CortexM3\ARM_GCC_541\Release\UART_INT.o
 .debug_abbrev  0x000007b4       0xdd .\CortexM3\ARM_GCC_541\Release\UART_PM.o
 .debug_abbrev  0x00000891      0x194 .\CortexM3\ARM_GCC_541\Release\cli_basic.o
 .debug_abbrev  0x00000a25      0x235 .\CortexM3\ARM_GCC_541\Release\cyfitter_cfg.o
 .debug_abbrev  0x00000c5a       0x5d .\CortexM3\ARM_GCC_541\Release\cymetadata.o
 .debug_abbrev  0x00000cb7      0x1f4 .\CortexM3\ARM_GCC_541\Release\Cm3Start.o
 .debug_abbrev  0x00000eab      0x144 .\CortexM3\ARM_GCC_541\Release\UARTldr_QFN.a(UART_CLK.o)
 .debug_abbrev  0x00000fef      0x15c .\CortexM3\ARM_GCC_541\Release\UARTldr_QFN.a(EEPROM_1.o)
 .debug_abbrev  0x0000114b      0x286 .\CortexM3\ARM_GCC_541\Release\UARTldr_QFN.a(USBUART.o)
 .debug_abbrev  0x000013d1      0x2bc .\CortexM3\ARM_GCC_541\Release\UARTldr_QFN.a(USBUART_cdc.o)
 .debug_abbrev  0x0000168d      0x1fd .\CortexM3\ARM_GCC_541\Release\UARTldr_QFN.a(USBUART_drv.o)
 .debug_abbrev  0x0000188a      0x11e .\CortexM3\ARM_GCC_541\Release\UARTldr_QFN.a(USBUART_episr.o)
 .debug_abbrev  0x000019a8      0x10b .\CortexM3\ARM_GCC_541\Release\UARTldr_QFN.a(USBUART_pm.o)
 .debug_abbrev  0x00001ab3      0x2b9 .\CortexM3\ARM_GCC_541\Release\UARTldr_QFN.a(USBUART_std.o)
 .debug_abbrev  0x00001d6c       0xe4 .\CortexM3\ARM_GCC_541\Release\UARTldr_QFN.a(USBUART_vnd.o)
 .debug_abbrev  0x00001e50       0x81 .\CortexM3\ARM_GCC_541\Release\UARTldr_QFN.a(safe_state.o)
 .debug_abbrev  0x00001ed1       0xba .\CortexM3\ARM_GCC_541\Release\UARTldr_QFN.a(safe_reg.o)
 .debug_abbrev  0x00001f8b      0x1af .\CortexM3\ARM_GCC_541\Release\UARTldr_QFN.a(Mantmr.o)
 .debug_abbrev  0x0000213a       0x9f .\CortexM3\ARM_GCC_541\Release\UARTldr_QFN.a(USBUART_Dp.o)
 .debug_abbrev  0x000021d9      0x22a .\CortexM3\ARM_GCC_541\Release\UARTldr_QFN.a(CyFlash.o)
 .debug_abbrev  0x00002403      0x390 .\CortexM3\ARM_GCC_541\Release\UARTldr_QFN.a(CyLib.o)
 .debug_abbrev  0x00002793      0x1d5 .\CortexM3\ARM_GCC_541\Release\UARTldr_QFN.a(cyPm.o)
 .debug_abbrev  0x00002968      0x1a2 .\CortexM3\ARM_GCC_541\Release\UARTldr_QFN.a(CySpc.o)
 .debug_abbrev  0x00002b0a       0x14 .\CortexM3\ARM_GCC_541\Release\UARTldr_QFN.a(CyBootAsmGnu.o)
 .debug_abbrev  0x00002b1e       0xe4 .\CortexM3\ARM_GCC_541\Release\UARTldr_QFN.a(USBUART_cls.o)
 .debug_abbrev  0x00002c02       0xb4 .\CortexM3\ARM_GCC_541\Release\UARTldr_QFN.a(USBUART_descr.o)

.debug_line     0x00000000     0x3d80
 *(.debug_line)
 .debug_line    0x00000000      0x54c .\CortexM3\ARM_GCC_541\Release\Bootloader.o
 .debug_line    0x0000054c      0x2a1 .\CortexM3\ARM_GCC_541\Release\main.o
 .debug_line    0x000007ed      0x334 .\CortexM3\ARM_GCC_541\Release\UART.o
 .debug_line    0x00000b21      0x2c4 .\CortexM3\ARM_GCC_541\Release\UART_BOOT.o
 .debug_line    0x00000de5       0xcb .\CortexM3\ARM_GCC_541\Release\UART_INT.o
 .debug_line    0x00000eb0       0xa6 .\CortexM3\ARM_GCC_541\Release\UART_PM.o
 .debug_line    0x00000f56      0x207 .\CortexM3\ARM_GCC_541\Release\cli_basic.o
 .debug_line    0x0000115d      0x1b7 .\CortexM3\ARM_GCC_541\Release\cyfitter_cfg.o
 .debug_line    0x00001314      0x141 .\CortexM3\ARM_GCC_541\Release\cymetadata.o
 .debug_line    0x00001455      0x220 .\CortexM3\ARM_GCC_541\Release\Cm3Start.o
 .debug_line    0x00001675      0x1af .\CortexM3\ARM_GCC_541\Release\UARTldr_QFN.a(UART_CLK.o)
 .debug_line    0x00001824      0x239 .\CortexM3\ARM_GCC_541\Release\UARTldr_QFN.a(EEPROM_1.o)
 .debug_line    0x00001a5d      0x300 .\CortexM3\ARM_GCC_541\Release\UARTldr_QFN.a(USBUART.o)
 .debug_line    0x00001d5d      0x2f6 .\CortexM3\ARM_GCC_541\Release\UARTldr_QFN.a(USBUART_cdc.o)
 .debug_line    0x00002053      0x232 .\CortexM3\ARM_GCC_541\Release\UARTldr_QFN.a(USBUART_drv.o)
 .debug_line    0x00002285       0xe5 .\CortexM3\ARM_GCC_541\Release\UARTldr_QFN.a(USBUART_episr.o)
 .debug_line    0x0000236a      0x13f .\CortexM3\ARM_GCC_541\Release\UARTldr_QFN.a(USBUART_pm.o)
 .debug_line    0x000024a9      0x3bb .\CortexM3\ARM_GCC_541\Release\UARTldr_QFN.a(USBUART_std.o)
 .debug_line    0x00002864       0x87 .\CortexM3\ARM_GCC_541\Release\UARTldr_QFN.a(USBUART_vnd.o)
 .debug_line    0x000028eb       0x72 .\CortexM3\ARM_GCC_541\Release\UARTldr_QFN.a(safe_state.o)
 .debug_line    0x0000295d       0xb7 .\CortexM3\ARM_GCC_541\Release\UARTldr_QFN.a(safe_reg.o)
 .debug_line    0x00002a14      0x1ac .\CortexM3\ARM_GCC_541\Release\UARTldr_QFN.a(Mantmr.o)
 .debug_line    0x00002bc0       0xbd .\CortexM3\ARM_GCC_541\Release\UARTldr_QFN.a(USBUART_Dp.o)
 .debug_line    0x00002c7d      0x1c8 .\CortexM3\ARM_GCC_541\Release\UARTldr_QFN.a(CyFlash.o)
 .debug_line    0x00002e45      0x7fc .\CortexM3\ARM_GCC_541\Release\UARTldr_QFN.a(CyLib.o)
 .debug_line    0x00003641      0x3be .\CortexM3\ARM_GCC_541\Release\UARTldr_QFN.a(cyPm.o)
 .debug_line    0x000039ff      0x226 .\CortexM3\ARM_GCC_541\Release\UARTldr_QFN.a(CySpc.o)
 .debug_line    0x00003c25       0x66 .\CortexM3\ARM_GCC_541\Release\UARTldr_QFN.a(CyBootAsmGnu.o)
 .debug_line    0x00003c8b       0x94 .\CortexM3\ARM_GCC_541\Release\UARTldr_QFN.a(USBUART_cls.o)
 .debug_line    0x00003d1f       0x61 .\CortexM3\ARM_GCC_541\Release\UARTldr_QFN.a(USBUART_descr.o)

.debug_frame    0x00000000     0x2200
 *(.debug_frame)
 .debug_frame   0x00000000      0x154 .\CortexM3\ARM_GCC_541\Release\Bootloader.o
 .debug_frame   0x00000154       0x7c .\CortexM3\ARM_GCC_541\Release\main.o
 .debug_frame   0x000001d0      0x26c .\CortexM3\ARM_GCC_541\Release\UART.o
 .debug_frame   0x0000043c      0x124 .\CortexM3\ARM_GCC_541\Release\UART_BOOT.o
 .debug_frame   0x00000560       0x58 .\CortexM3\ARM_GCC_541\Release\UART_INT.o
 .debug_frame   0x000005b8       0x64 .\CortexM3\ARM_GCC_541\Release\UART_PM.o
 .debug_frame   0x0000061c       0x50 .\CortexM3\ARM_GCC_541\Release\cli_basic.o
 .debug_frame   0x0000066c       0x48 .\CortexM3\ARM_GCC_541\Release\cyfitter_cfg.o
 .debug_frame   0x000006b4       0xb8 .\CortexM3\ARM_GCC_541\Release\Cm3Start.o
 .debug_frame   0x0000076c       0xe0 .\CortexM3\ARM_GCC_541\Release\UARTldr_QFN.a(UART_CLK.o)
 .debug_frame   0x0000084c      0x160 .\CortexM3\ARM_GCC_541\Release\UARTldr_QFN.a(EEPROM_1.o)
 .debug_frame   0x000009ac      0x1f0 .\CortexM3\ARM_GCC_541\Release\UARTldr_QFN.a(USBUART.o)
 .debug_frame   0x00000b9c      0x280 .\CortexM3\ARM_GCC_541\Release\UARTldr_QFN.a(USBUART_cdc.o)
 .debug_frame   0x00000e1c      0x1a0 .\CortexM3\ARM_GCC_541\Release\UARTldr_QFN.a(USBUART_drv.o)
 .debug_frame   0x00000fbc       0x60 .\CortexM3\ARM_GCC_541\Release\UARTldr_QFN.a(USBUART_episr.o)
 .debug_frame   0x0000101c       0xa8 .\CortexM3\ARM_GCC_541\Release\UARTldr_QFN.a(USBUART_pm.o)
 .debug_frame   0x000010c4      0x214 .\CortexM3\ARM_GCC_541\Release\UARTldr_QFN.a(USBUART_std.o)
 .debug_frame   0x000012d8       0x20 .\CortexM3\ARM_GCC_541\Release\UARTldr_QFN.a(USBUART_vnd.o)
 .debug_frame   0x000012f8       0x30 .\CortexM3\ARM_GCC_541\Release\UARTldr_QFN.a(safe_state.o)
 .debug_frame   0x00001328       0x80 .\CortexM3\ARM_GCC_541\Release\UARTldr_QFN.a(safe_reg.o)
 .debug_frame   0x000013a8      0x130 .\CortexM3\ARM_GCC_541\Release\UARTldr_QFN.a(Mantmr.o)
 .debug_frame   0x000014d8       0x70 .\CortexM3\ARM_GCC_541\Release\UARTldr_QFN.a(USBUART_Dp.o)
 .debug_frame   0x00001548      0x144 .\CortexM3\ARM_GCC_541\Release\UARTldr_QFN.a(CyFlash.o)
 .debug_frame   0x0000168c      0x6f8 .\CortexM3\ARM_GCC_541\Release\UARTldr_QFN.a(CyLib.o)
 .debug_frame   0x00001d84      0x1c8 .\CortexM3\ARM_GCC_541\Release\UARTldr_QFN.a(cyPm.o)
 .debug_frame   0x00001f4c      0x170 .\CortexM3\ARM_GCC_541\Release\UARTldr_QFN.a(CySpc.o)
 .debug_frame   0x000020bc       0x20 .\CortexM3\ARM_GCC_541\Release\UARTldr_QFN.a(USBUART_cls.o)
 .debug_frame   0x000020dc       0x34 c:/program files (x86)/cypress/psoc creator/4.4/psoc creator/import/gnu/arm/5.4.1/bin/../lib/gcc/arm-none-eabi/5.4.1/../../../../arm-none-eabi/lib/armv7-m\libm.a(lib_a-s_ceil.o)
 .debug_frame   0x00002110       0x34 c:/program files (x86)/cypress/psoc creator/4.4/psoc creator/import/gnu/arm/5.4.1/bin/../lib/gcc/arm-none-eabi/5.4.1/../../../../arm-none-eabi/lib/armv7-m\libm.a(lib_a-s_floor.o)
 .debug_frame   0x00002144       0x20 c:/program files (x86)/cypress/psoc creator/4.4/psoc creator/import/gnu/arm/5.4.1/bin/../lib/gcc/arm-none-eabi/5.4.1/../../../../arm-none-eabi/lib/armv7-m\libg_nano.a(lib_a-errno.o)
 .debug_frame   0x00002164       0x28 c:/program files (x86)/cypress/psoc creator/4.4/psoc creator/import/gnu/arm/5.4.1/bin/../lib/gcc/arm-none-eabi/5.4.1/../../../../arm-none-eabi/lib/armv7-m\libg_nano.a(lib_a-exit.o)
 .debug_frame   0x0000218c       0x2c c:/program files (x86)/cypress/psoc creator/4.4/psoc creator/import/gnu/arm/5.4.1/bin/../lib/gcc/arm-none-eabi/5.4.1/../../../../arm-none-eabi/lib/armv7-m\libg_nano.a(lib_a-init.o)
 .debug_frame   0x000021b8       0x28 c:/program files (x86)/cypress/psoc creator/4.4/psoc creator/import/gnu/arm/5.4.1/bin/../lib/gcc/arm-none-eabi/5.4.1/../../../../arm-none-eabi/lib/armv7-m\libg_nano.a(lib_a-memcpy-stub.o)
 .debug_frame   0x000021e0       0x20 c:/program files (x86)/cypress/psoc creator/4.4/psoc creator/import/gnu/arm/5.4.1/bin/../lib/gcc/arm-none-eabi/5.4.1/../../../../arm-none-eabi/lib/armv7-m\libg_nano.a(lib_a-memset.o)

.debug_str      0x00000000     0x3411
 *(.debug_str)
 .debug_str     0x00000000      0x685 .\CortexM3\ARM_GCC_541\Release\Bootloader.o
                                0x6ef (size before relaxing)
 .debug_str     0x00000685      0x1a9 .\CortexM3\ARM_GCC_541\Release\main.o
                                0x3a5 (size before relaxing)
 .debug_str     0x0000082e      0x32b .\CortexM3\ARM_GCC_541\Release\UART.o
                                0x518 (size before relaxing)
 .debug_str     0x00000b59      0x13c .\CortexM3\ARM_GCC_541\Release\UART_BOOT.o
                                0x3f8 (size before relaxing)
 .debug_str     0x00000c95       0x5a .\CortexM3\ARM_GCC_541\Release\UART_INT.o
                                0x268 (size before relaxing)
 .debug_str     0x00000cef       0x53 .\CortexM3\ARM_GCC_541\Release\UART_PM.o
                                0x23a (size before relaxing)
 .debug_str     0x00000d42       0xa2 .\CortexM3\ARM_GCC_541\Release\cli_basic.o
                                0x2bf (size before relaxing)
 .debug_str     0x00000de4      0x1f3 .\CortexM3\ARM_GCC_541\Release\cyfitter_cfg.o
                                0x3b7 (size before relaxing)
 .debug_str     0x00000fd7       0x84 .\CortexM3\ARM_GCC_541\Release\cymetadata.o
                                0x1d6 (size before relaxing)
 .debug_str     0x0000105b      0x137 .\CortexM3\ARM_GCC_541\Release\Cm3Start.o
                                0x301 (size before relaxing)
 .debug_str     0x00001192      0x158 .\CortexM3\ARM_GCC_541\Release\UARTldr_QFN.a(UART_CLK.o)
                                0x2dd (size before relaxing)
 .debug_str     0x000012ea      0x1b9 .\CortexM3\ARM_GCC_541\Release\UARTldr_QFN.a(EEPROM_1.o)
                                0x3bf (size before relaxing)
 .debug_str     0x000014a3      0x3a8 .\CortexM3\ARM_GCC_541\Release\UARTldr_QFN.a(USBUART.o)
                                0x64d (size before relaxing)
 .debug_str     0x0000184b      0x4e5 .\CortexM3\ARM_GCC_541\Release\UARTldr_QFN.a(USBUART_cdc.o)
                                0x7ad (size before relaxing)
 .debug_str     0x00001d30      0x291 .\CortexM3\ARM_GCC_541\Release\UARTldr_QFN.a(USBUART_drv.o)
                                0x62b (size before relaxing)
 .debug_str     0x00001fc1       0x80 .\CortexM3\ARM_GCC_541\Release\UARTldr_QFN.a(USBUART_episr.o)
                                0x2c2 (size before relaxing)
 .debug_str     0x00002041       0xc6 .\CortexM3\ARM_GCC_541\Release\UARTldr_QFN.a(USBUART_pm.o)
                                0x2d3 (size before relaxing)
 .debug_str     0x00002107      0x288 .\CortexM3\ARM_GCC_541\Release\UARTldr_QFN.a(USBUART_std.o)
                                0x7b2 (size before relaxing)
 .debug_str     0x0000238f       0x46 .\CortexM3\ARM_GCC_541\Release\UARTldr_QFN.a(USBUART_vnd.o)
                                0x272 (size before relaxing)
 .debug_str     0x000023d5       0x3c .\CortexM3\ARM_GCC_541\Release\UARTldr_QFN.a(safe_state.o)
                                0x1a1 (size before relaxing)
 .debug_str     0x00002411       0x7f .\CortexM3\ARM_GCC_541\Release\UARTldr_QFN.a(safe_reg.o)
                                0x232 (size before relaxing)
 .debug_str     0x00002490      0x182 .\CortexM3\ARM_GCC_541\Release\UARTldr_QFN.a(Mantmr.o)
                                0x347 (size before relaxing)
 .debug_str     0x00002612       0xa4 .\CortexM3\ARM_GCC_541\Release\UARTldr_QFN.a(USBUART_Dp.o)
                                0x224 (size before relaxing)
 .debug_str     0x000026b6       0xe9 .\CortexM3\ARM_GCC_541\Release\UARTldr_QFN.a(CyFlash.o)
                                0x37d (size before relaxing)
 .debug_str     0x0000279f      0x78c .\CortexM3\ARM_GCC_541\Release\UARTldr_QFN.a(CyLib.o)
                                0xa2a (size before relaxing)
 .debug_str     0x00002f2b      0x34f .\CortexM3\ARM_GCC_541\Release\UARTldr_QFN.a(cyPm.o)
                                0x70f (size before relaxing)
 .debug_str     0x0000327a       0x6e .\CortexM3\ARM_GCC_541\Release\UARTldr_QFN.a(CySpc.o)
                                0x30d (size before relaxing)
 .debug_str     0x000032e8       0x25 .\CortexM3\ARM_GCC_541\Release\UARTldr_QFN.a(USBUART_cls.o)
                                0x28f (size before relaxing)
 .debug_str     0x0000330d      0x104 .\CortexM3\ARM_GCC_541\Release\UARTldr_QFN.a(USBUART_descr.o)
                                0x375 (size before relaxing)

.debug_loc      0x00000000     0x529c
 *(.debug_loc)
 .debug_loc     0x00000000     0x14b0 .\CortexM3\ARM_GCC_541\Release\Bootloader.o
 .debug_loc     0x000014b0      0x190 .\CortexM3\ARM_GCC_541\Release\main.o
 .debug_loc     0x00001640      0x30a .\CortexM3\ARM_GCC_541\Release\UART.o
 .debug_loc     0x0000194a      0x4e2 .\CortexM3\ARM_GCC_541\Release\UART_BOOT.o
 .debug_loc     0x00001e2c       0x51 .\CortexM3\ARM_GCC_541\Release\UART_INT.o
 .debug_loc     0x00001e7d      0x215 .\CortexM3\ARM_GCC_541\Release\cli_basic.o
 .debug_loc     0x00002092      0x364 .\CortexM3\ARM_GCC_541\Release\cyfitter_cfg.o
 .debug_loc     0x000023f6      0x1af .\CortexM3\ARM_GCC_541\Release\Cm3Start.o
 .debug_loc     0x000025a5       0xa6 .\CortexM3\ARM_GCC_541\Release\UARTldr_QFN.a(UART_CLK.o)
 .debug_loc     0x0000264b      0x3b3 .\CortexM3\ARM_GCC_541\Release\UARTldr_QFN.a(EEPROM_1.o)
 .debug_loc     0x000029fe      0x3d6 .\CortexM3\ARM_GCC_541\Release\UARTldr_QFN.a(USBUART.o)
 .debug_loc     0x00002dd4      0x591 .\CortexM3\ARM_GCC_541\Release\UARTldr_QFN.a(USBUART_cdc.o)
 .debug_loc     0x00003365      0x18a .\CortexM3\ARM_GCC_541\Release\UARTldr_QFN.a(USBUART_drv.o)
 .debug_loc     0x000034ef       0x26 .\CortexM3\ARM_GCC_541\Release\UARTldr_QFN.a(USBUART_pm.o)
 .debug_loc     0x00003515      0x677 .\CortexM3\ARM_GCC_541\Release\UARTldr_QFN.a(USBUART_std.o)
 .debug_loc     0x00003b8c       0x14 .\CortexM3\ARM_GCC_541\Release\UARTldr_QFN.a(USBUART_vnd.o)
 .debug_loc     0x00003ba0       0x44 .\CortexM3\ARM_GCC_541\Release\UARTldr_QFN.a(safe_reg.o)
 .debug_loc     0x00003be4       0x7b .\CortexM3\ARM_GCC_541\Release\UARTldr_QFN.a(Mantmr.o)
 .debug_loc     0x00003c5f       0x7b .\CortexM3\ARM_GCC_541\Release\UARTldr_QFN.a(USBUART_Dp.o)
 .debug_loc     0x00003cda      0x3ab .\CortexM3\ARM_GCC_541\Release\UARTldr_QFN.a(CyFlash.o)
 .debug_loc     0x00004085      0xa20 .\CortexM3\ARM_GCC_541\Release\UARTldr_QFN.a(CyLib.o)
 .debug_loc     0x00004aa5      0x1d6 .\CortexM3\ARM_GCC_541\Release\UARTldr_QFN.a(cyPm.o)
 .debug_loc     0x00004c7b      0x5ef .\CortexM3\ARM_GCC_541\Release\UARTldr_QFN.a(CySpc.o)
 .debug_loc     0x0000526a       0x32 .\CortexM3\ARM_GCC_541\Release\UARTldr_QFN.a(USBUART_cls.o)

.debug_macinfo
 *(.debug_macinfo)

.debug_ranges   0x00000000      0xe08
 *(.debug_ranges)
 .debug_ranges  0x00000000      0x148 .\CortexM3\ARM_GCC_541\Release\Bootloader.o
 .debug_ranges  0x00000148       0x20 .\CortexM3\ARM_GCC_541\Release\main.o
 .debug_ranges  0x00000168       0xe8 .\CortexM3\ARM_GCC_541\Release\UART.o
 .debug_ranges  0x00000250       0x40 .\CortexM3\ARM_GCC_541\Release\UART_BOOT.o
 .debug_ranges  0x00000290       0x18 .\CortexM3\ARM_GCC_541\Release\UART_INT.o
 .debug_ranges  0x000002a8       0x20 .\CortexM3\ARM_GCC_541\Release\UART_PM.o
 .debug_ranges  0x000002c8       0x30 .\CortexM3\ARM_GCC_541\Release\cli_basic.o
 .debug_ranges  0x000002f8      0x128 .\CortexM3\ARM_GCC_541\Release\cyfitter_cfg.o
 .debug_ranges  0x00000420       0x50 .\CortexM3\ARM_GCC_541\Release\Cm3Start.o
 .debug_ranges  0x00000470       0xb8 .\CortexM3\ARM_GCC_541\Release\UARTldr_QFN.a(UART_CLK.o)
 .debug_ranges  0x00000528       0x68 .\CortexM3\ARM_GCC_541\Release\UARTldr_QFN.a(EEPROM_1.o)
 .debug_ranges  0x00000590       0xb8 .\CortexM3\ARM_GCC_541\Release\UARTldr_QFN.a(USBUART.o)
 .debug_ranges  0x00000648       0xd0 .\CortexM3\ARM_GCC_541\Release\UARTldr_QFN.a(USBUART_cdc.o)
 .debug_ranges  0x00000718       0x88 .\CortexM3\ARM_GCC_541\Release\UARTldr_QFN.a(USBUART_drv.o)
 .debug_ranges  0x000007a0       0x30 .\CortexM3\ARM_GCC_541\Release\UARTldr_QFN.a(USBUART_episr.o)
 .debug_ranges  0x000007d0       0x30 .\CortexM3\ARM_GCC_541\Release\UARTldr_QFN.a(USBUART_pm.o)
 .debug_ranges  0x00000800       0x88 .\CortexM3\ARM_GCC_541\Release\UARTldr_QFN.a(USBUART_std.o)
 .debug_ranges  0x00000888       0x10 .\CortexM3\ARM_GCC_541\Release\UARTldr_QFN.a(USBUART_vnd.o)
 .debug_ranges  0x00000898       0x18 .\CortexM3\ARM_GCC_541\Release\UARTldr_QFN.a(safe_state.o)
 .debug_ranges  0x000008b0       0x30 .\CortexM3\ARM_GCC_541\Release\UARTldr_QFN.a(safe_reg.o)
 .debug_ranges  0x000008e0       0xb8 .\CortexM3\ARM_GCC_541\Release\UARTldr_QFN.a(Mantmr.o)
 .debug_ranges  0x00000998       0x38 .\CortexM3\ARM_GCC_541\Release\UARTldr_QFN.a(USBUART_Dp.o)
 .debug_ranges  0x000009d0       0x78 .\CortexM3\ARM_GCC_541\Release\UARTldr_QFN.a(CyFlash.o)
 .debug_ranges  0x00000a48      0x2b8 .\CortexM3\ARM_GCC_541\Release\UARTldr_QFN.a(CyLib.o)
 .debug_ranges  0x00000d00       0x90 .\CortexM3\ARM_GCC_541\Release\UARTldr_QFN.a(cyPm.o)
 .debug_ranges  0x00000d90       0x68 .\CortexM3\ARM_GCC_541\Release\UARTldr_QFN.a(CySpc.o)
 .debug_ranges  0x00000df8       0x10 .\CortexM3\ARM_GCC_541\Release\UARTldr_QFN.a(USBUART_cls.o)

.comment        0x00000000       0x6e
 .comment       0x00000000       0x6e .\CortexM3\ARM_GCC_541\Release\Bootloader.o
                                 0x6f (size before relaxing)
 .comment       0x0000006e       0x6f .\CortexM3\ARM_GCC_541\Release\main.o
 .comment       0x0000006e       0x6f .\CortexM3\ARM_GCC_541\Release\UART.o
 .comment       0x0000006e       0x6f .\CortexM3\ARM_GCC_541\Release\UART_BOOT.o
 .comment       0x0000006e       0x6f .\CortexM3\ARM_GCC_541\Release\UART_INT.o
 .comment       0x0000006e       0x6f .\CortexM3\ARM_GCC_541\Release\UART_PM.o
 .comment       0x0000006e       0x6f .\CortexM3\ARM_GCC_541\Release\cli_basic.o
 .comment       0x0000006e       0x6f .\CortexM3\ARM_GCC_541\Release\cyfitter_cfg.o
 .comment       0x0000006e       0x6f .\CortexM3\ARM_GCC_541\Release\cymetadata.o
 .comment       0x0000006e       0x6f .\CortexM3\ARM_GCC_541\Release\Cm3Start.o
 .comment       0x0000006e       0x6f .\CortexM3\ARM_GCC_541\Release\UARTldr_QFN.a(UART_CLK.o)
 .comment       0x0000006e       0x6f .\CortexM3\ARM_GCC_541\Release\UARTldr_QFN.a(EEPROM_1.o)
 .comment       0x0000006e       0x6f .\CortexM3\ARM_GCC_541\Release\UARTldr_QFN.a(USBUART.o)
 .comment       0x0000006e       0x6f .\CortexM3\ARM_GCC_541\Release\UARTldr_QFN.a(USBUART_cdc.o)
 .comment       0x0000006e       0x6f .\CortexM3\ARM_GCC_541\Release\UARTldr_QFN.a(USBUART_drv.o)
 .comment       0x0000006e       0x6f .\CortexM3\ARM_GCC_541\Release\UARTldr_QFN.a(USBUART_episr.o)
 .comment       0x0000006e       0x6f .\CortexM3\ARM_GCC_541\Release\UARTldr_QFN.a(USBUART_pm.o)
 .comment       0x0000006e       0x6f .\CortexM3\ARM_GCC_541\Release\UARTldr_QFN.a(USBUART_std.o)
 .comment       0x0000006e       0x6f .\CortexM3\ARM_GCC_541\Release\UARTldr_QFN.a(USBUART_vnd.o)
 .comment       0x0000006e       0x6f .\CortexM3\ARM_GCC_541\Release\UARTldr_QFN.a(safe_state.o)
 .comment       0x0000006e       0x6f .\CortexM3\ARM_GCC_541\Release\UARTldr_QFN.a(safe_reg.o)
 .comment       0x0000006e       0x6f .\CortexM3\ARM_GCC_541\Release\UARTldr_QFN.a(Mantmr.o)
 .comment       0x0000006e       0x6f .\CortexM3\ARM_GCC_541\Release\UARTldr_QFN.a(USBUART_Dp.o)
 .comment       0x0000006e       0x6f .\CortexM3\ARM_GCC_541\Release\UARTldr_QFN.a(CyFlash.o)
 .comment       0x0000006e       0x6f .\CortexM3\ARM_GCC_541\Release\UARTldr_QFN.a(CyLib.o)
 .comment       0x0000006e       0x6f .\CortexM3\ARM_GCC_541\Release\UARTldr_QFN.a(cyPm.o)
 .comment       0x0000006e       0x6f .\CortexM3\ARM_GCC_541\Release\UARTldr_QFN.a(CySpc.o)
 .comment       0x0000006e       0x6f .\CortexM3\ARM_GCC_541\Release\UARTldr_QFN.a(USBUART_cls.o)
 .comment       0x0000006e       0x6f .\CortexM3\ARM_GCC_541\Release\UARTldr_QFN.a(USBUART_descr.o)

.debug_weaknames
 *(.debug_weaknames)

.debug_funcnames
 *(.debug_funcnames)

.debug_typenames
 *(.debug_typenames)

.debug_varnames
 *(.debug_varnames)

.note.gnu.arm.ident
 *(.note.gnu.arm.ident)

.ARM.attributes
                0x00000000       0x29
 *(.ARM.attributes)
 .ARM.attributes
                0x00000000       0x1d c:/program files (x86)/cypress/psoc creator/4.4/psoc creator/import/gnu/arm/5.4.1/bin/../lib/gcc/arm-none-eabi/5.4.1/armv7-m/crti.o
 .ARM.attributes
                0x0000001d       0x2d c:/program files (x86)/cypress/psoc creator/4.4/psoc creator/import/gnu/arm/5.4.1/bin/../lib/gcc/arm-none-eabi/5.4.1/armv7-m/crtbegin.o
 .ARM.attributes
                0x0000004a       0x1b c:/program files (x86)/cypress/psoc creator/4.4/psoc creator/import/gnu/arm/5.4.1/bin/../lib/gcc/arm-none-eabi/5.4.1/../../../../arm-none-eabi/lib/armv7-m/crt0.o
 .ARM.attributes
                0x00000065       0x33 .\CortexM3\ARM_GCC_541\Release\Bootloader.o
 .ARM.attributes
                0x00000098       0x33 .\CortexM3\ARM_GCC_541\Release\main.o
 .ARM.attributes
                0x000000cb       0x33 .\CortexM3\ARM_GCC_541\Release\UART.o
 .ARM.attributes
                0x000000fe       0x33 .\CortexM3\ARM_GCC_541\Release\UART_BOOT.o
 .ARM.attributes
                0x00000131       0x33 .\CortexM3\ARM_GCC_541\Release\UART_INT.o
 .ARM.attributes
                0x00000164       0x33 .\CortexM3\ARM_GCC_541\Release\UART_PM.o
 .ARM.attributes
                0x00000197       0x33 .\CortexM3\ARM_GCC_541\Release\cli_basic.o
 .ARM.attributes
                0x000001ca       0x33 .\CortexM3\ARM_GCC_541\Release\cyfitter_cfg.o
 .ARM.attributes
                0x000001fd       0x33 .\CortexM3\ARM_GCC_541\Release\cymetadata.o
 .ARM.attributes
                0x00000230       0x33 .\CortexM3\ARM_GCC_541\Release\Cm3Start.o
 .ARM.attributes
                0x00000263       0x33 .\CortexM3\ARM_GCC_541\Release\UARTldr_QFN.a(UART_CLK.o)
 .ARM.attributes
                0x00000296       0x33 .\CortexM3\ARM_GCC_541\Release\UARTldr_QFN.a(EEPROM_1.o)
 .ARM.attributes
                0x000002c9       0x33 .\CortexM3\ARM_GCC_541\Release\UARTldr_QFN.a(USBUART.o)
 .ARM.attributes
                0x000002fc       0x33 .\CortexM3\ARM_GCC_541\Release\UARTldr_QFN.a(USBUART_cdc.o)
 .ARM.attributes
                0x0000032f       0x33 .\CortexM3\ARM_GCC_541\Release\UARTldr_QFN.a(USBUART_drv.o)
 .ARM.attributes
                0x00000362       0x33 .\CortexM3\ARM_GCC_541\Release\UARTldr_QFN.a(USBUART_episr.o)
 .ARM.attributes
                0x00000395       0x33 .\CortexM3\ARM_GCC_541\Release\UARTldr_QFN.a(USBUART_pm.o)
 .ARM.attributes
                0x000003c8       0x33 .\CortexM3\ARM_GCC_541\Release\UARTldr_QFN.a(USBUART_std.o)
 .ARM.attributes
                0x000003fb       0x33 .\CortexM3\ARM_GCC_541\Release\UARTldr_QFN.a(USBUART_vnd.o)
 .ARM.attributes
                0x0000042e       0x33 .\CortexM3\ARM_GCC_541\Release\UARTldr_QFN.a(safe_state.o)
 .ARM.attributes
                0x00000461       0x33 .\CortexM3\ARM_GCC_541\Release\UARTldr_QFN.a(safe_reg.o)
 .ARM.attributes
                0x00000494       0x33 .\CortexM3\ARM_GCC_541\Release\UARTldr_QFN.a(Mantmr.o)
 .ARM.attributes
                0x000004c7       0x33 .\CortexM3\ARM_GCC_541\Release\UARTldr_QFN.a(USBUART_Dp.o)
 .ARM.attributes
                0x000004fa       0x33 .\CortexM3\ARM_GCC_541\Release\UARTldr_QFN.a(CyFlash.o)
 .ARM.attributes
                0x0000052d       0x33 .\CortexM3\ARM_GCC_541\Release\UARTldr_QFN.a(CyLib.o)
 .ARM.attributes
                0x00000560       0x33 .\CortexM3\ARM_GCC_541\Release\UARTldr_QFN.a(cyPm.o)
 .ARM.attributes
                0x00000593       0x33 .\CortexM3\ARM_GCC_541\Release\UARTldr_QFN.a(CySpc.o)
 .ARM.attributes
                0x000005c6       0x21 .\CortexM3\ARM_GCC_541\Release\UARTldr_QFN.a(CyBootAsmGnu.o)
 .ARM.attributes
                0x000005e7       0x33 .\CortexM3\ARM_GCC_541\Release\UARTldr_QFN.a(USBUART_cls.o)
 .ARM.attributes
                0x0000061a       0x33 .\CortexM3\ARM_GCC_541\Release\UARTldr_QFN.a(USBUART_descr.o)
 .ARM.attributes
                0x0000064d       0x2d c:/program files (x86)/cypress/psoc creator/4.4/psoc creator/import/gnu/arm/5.4.1/bin/../lib/gcc/arm-none-eabi/5.4.1/../../../../arm-none-eabi/lib/armv7-m\libm.a(lib_a-s_ceil.o)
 .ARM.attributes
                0x0000067a       0x2d c:/program files (x86)/cypress/psoc creator/4.4/psoc creator/import/gnu/arm/5.4.1/bin/../lib/gcc/arm-none-eabi/5.4.1/../../../../arm-none-eabi/lib/armv7-m\libm.a(lib_a-s_floor.o)
 .ARM.attributes
                0x000006a7       0x1d c:/program files (x86)/cypress/psoc creator/4.4/psoc creator/import/gnu/arm/5.4.1/bin/../lib/gcc/arm-none-eabi/5.4.1/armv7-m\libgcc.a(_arm_addsubdf3.o)
 .ARM.attributes
                0x000006c4       0x1d c:/program files (x86)/cypress/psoc creator/4.4/psoc creator/import/gnu/arm/5.4.1/bin/../lib/gcc/arm-none-eabi/5.4.1/armv7-m\libgcc.a(_arm_muldivdf3.o)
 .ARM.attributes
                0x000006e1       0x1d c:/program files (x86)/cypress/psoc creator/4.4/psoc creator/import/gnu/arm/5.4.1/bin/../lib/gcc/arm-none-eabi/5.4.1/armv7-m\libgcc.a(_arm_cmpdf2.o)
 .ARM.attributes
                0x000006fe       0x1d c:/program files (x86)/cypress/psoc creator/4.4/psoc creator/import/gnu/arm/5.4.1/bin/../lib/gcc/arm-none-eabi/5.4.1/armv7-m\libgcc.a(_arm_fixunsdfsi.o)
 .ARM.attributes
                0x0000071b       0x1d c:/program files (x86)/cypress/psoc creator/4.4/psoc creator/import/gnu/arm/5.4.1/bin/../lib/gcc/arm-none-eabi/5.4.1/armv7-m\libgcc.a(_arm_addsubsf3.o)
 .ARM.attributes
                0x00000738       0x1d c:/program files (x86)/cypress/psoc creator/4.4/psoc creator/import/gnu/arm/5.4.1/bin/../lib/gcc/arm-none-eabi/5.4.1/armv7-m\libgcc.a(_arm_muldivsf3.o)
 .ARM.attributes
                0x00000755       0x1d c:/program files (x86)/cypress/psoc creator/4.4/psoc creator/import/gnu/arm/5.4.1/bin/../lib/gcc/arm-none-eabi/5.4.1/armv7-m\libgcc.a(_arm_cmpsf2.o)
 .ARM.attributes
                0x00000772       0x2d c:/program files (x86)/cypress/psoc creator/4.4/psoc creator/import/gnu/arm/5.4.1/bin/../lib/gcc/arm-none-eabi/5.4.1/../../../../arm-none-eabi/lib/armv7-m\libg_nano.a(lib_a-errno.o)
 .ARM.attributes
                0x0000079f       0x2d c:/program files (x86)/cypress/psoc creator/4.4/psoc creator/import/gnu/arm/5.4.1/bin/../lib/gcc/arm-none-eabi/5.4.1/../../../../arm-none-eabi/lib/armv7-m\libg_nano.a(lib_a-exit.o)
 .ARM.attributes
                0x000007cc       0x2d c:/program files (x86)/cypress/psoc creator/4.4/psoc creator/import/gnu/arm/5.4.1/bin/../lib/gcc/arm-none-eabi/5.4.1/../../../../arm-none-eabi/lib/armv7-m\libg_nano.a(lib_a-impure.o)
 .ARM.attributes
                0x000007f9       0x2d c:/program files (x86)/cypress/psoc creator/4.4/psoc creator/import/gnu/arm/5.4.1/bin/../lib/gcc/arm-none-eabi/5.4.1/../../../../arm-none-eabi/lib/armv7-m\libg_nano.a(lib_a-init.o)
 .ARM.attributes
                0x00000826       0x2d c:/program files (x86)/cypress/psoc creator/4.4/psoc creator/import/gnu/arm/5.4.1/bin/../lib/gcc/arm-none-eabi/5.4.1/../../../../arm-none-eabi/lib/armv7-m\libg_nano.a(lib_a-memcpy-stub.o)
 .ARM.attributes
                0x00000853       0x2d c:/program files (x86)/cypress/psoc creator/4.4/psoc creator/import/gnu/arm/5.4.1/bin/../lib/gcc/arm-none-eabi/5.4.1/../../../../arm-none-eabi/lib/armv7-m\libg_nano.a(lib_a-memset.o)
 .ARM.attributes
                0x00000880       0x2d c:/program files (x86)/cypress/psoc creator/4.4/psoc creator/import/gnu/arm/5.4.1/bin/../lib/gcc/arm-none-eabi/5.4.1/armv7-m/crtend.o
 .ARM.attributes
                0x000008ad       0x1d c:/program files (x86)/cypress/psoc creator/4.4/psoc creator/import/gnu/arm/5.4.1/bin/../lib/gcc/arm-none-eabi/5.4.1/armv7-m/crtn.o

/DISCARD/
 *(.note.GNU-stack)
OUTPUT(C:\Users\chemi\UD3\UARTldr_QFN.cydsn\CortexM3\ARM_GCC_541\Release\UARTldr_QFN.elf elf32-littlearm)
